Dec  9 18:10:15 server1 kernel: [   22.975588] IPv6: ADDRCONF(NETDEV_CHANGE): enp0s8: link becomes ready
Dec  9 18:10:19 server1 kernel: [   27.551360] loop10: detected capacity change from 0 to 8
Dec  9 18:10:27 server1 kernel: [   35.151890] kauditd_printk_skb: 36 callbacks suppressed
Dec  9 18:10:27 server1 kernel: [   35.151897] audit: type=1400 audit(1702116627.336:48): apparmor="DENIED" operation="capable" class="cap" profile="/snap/snapd/19457/usr/lib/snapd/snap-confine" pid=1025 comm="snap-confine" capability=12  capname="net_admin"
Dec  9 18:10:27 server1 kernel: [   35.217053] audit: type=1400 audit(1702116627.368:49): apparmor="DENIED" operation="capable" class="cap" profile="/snap/snapd/19457/usr/lib/snapd/snap-confine" pid=1025 comm="snap-confine" capability=38  capname="perfmon"
Dec  9 18:11:11 server1 kernel: [   57.581498] rfkill: input handler disabled
Dec  9 18:16:15 server1 kernel: [  361.703203] loop10: detected capacity change from 0 to 129976
Dec  9 18:16:20 server1 kernel: [  366.651723] loop11: detected capacity change from 0 to 151784
Dec  9 18:17:32 server1 kernel: [  438.675847] loop12: detected capacity change from 0 to 1017816
Dec  9 18:17:37 server1 kernel: [  443.212208] audit: type=1400 audit(1702117057.384:50): apparmor="STATUS" operation="profile_replace" info="same as current profile, skipping" profile="unconfined" name="snap-update-ns.snap-store" pid=3255 comm="apparmor_parser"
Dec  9 18:17:37 server1 kernel: [  443.746866] audit: type=1400 audit(1702117057.924:51): apparmor="STATUS" operation="profile_replace" profile="unconfined" name="snap.snap-store.hook.configure" pid=3256 comm="apparmor_parser"
Dec  9 18:17:39 server1 kernel: [  445.560005] audit: type=1400 audit(1702117059.736:52): apparmor="STATUS" operation="profile_replace" profile="unconfined" name="snap.snap-store.snap-store" pid=3262 comm="apparmor_parser"
Dec  9 18:17:41 server1 kernel: [  447.190213] audit: type=1400 audit(1702117061.368:53): apparmor="STATUS" operation="profile_replace" profile="unconfined" name="snap.snap-store.ubuntu-software" pid=3268 comm="apparmor_parser"
Dec  9 18:17:42 server1 kernel: [  448.477574] audit: type=1400 audit(1702117062.656:54): apparmor="STATUS" operation="profile_replace" profile="unconfined" name="snap.snap-store.ubuntu-software-local-file" pid=3269 comm="apparmor_parser"
Dec  9 18:17:44 server1 kernel: [  450.161411] audit: type=1400 audit(1702117064.336:55): apparmor="STATUS" operation="profile_replace" info="same as current profile, skipping" profile="unconfined" name="snap-update-ns.snapd-desktop-integration" pid=3271 comm="apparmor_parser"
Dec  9 18:17:44 server1 kernel: [  450.660192] audit: type=1400 audit(1702117064.824:56): apparmor="STATUS" operation="profile_replace" profile="unconfined" name="snap.snapd-desktop-integration.hook.configure" pid=3277 comm="apparmor_parser"
Dec  9 18:17:45 server1 kernel: [  451.714290] audit: type=1400 audit(1702117065.800:57): apparmor="STATUS" operation="profile_replace" profile="unconfined" name="snap.snapd-desktop-integration.snapd-desktop-integration" pid=3282 comm="apparmor_parser"
Dec  9 18:46:09 server1 kernel: [    0.000000] Linux version 6.2.0-37-generic (buildd@bos03-amd64-055) (x86_64-linux-gnu-gcc-11 (Ubuntu 11.4.0-1ubuntu1~22.04) 11.4.0, GNU ld (GNU Binutils for Ubuntu) 2.38) #38~22.04.1-Ubuntu SMP PREEMPT_DYNAMIC Thu Nov  2 18:01:13 UTC 2 (Ubuntu 6.2.0-37.38~22.04.1-generic 6.2.16)
Dec  9 18:46:09 server1 kernel: [    0.000000] Command line: BOOT_IMAGE=/boot/vmlinuz-6.2.0-37-generic root=UUID=6990e70b-a9a0-4761-a34f-3cb5742c83ea ro quiet splash
Dec  9 18:46:09 server1 kernel: [    0.000000] KERNEL supported cpus:
Dec  9 18:46:09 server1 kernel: [    0.000000]   Intel GenuineIntel
Dec  9 18:46:09 server1 kernel: [    0.000000]   AMD AuthenticAMD
Dec  9 18:46:09 server1 kernel: [    0.000000]   Hygon HygonGenuine
Dec  9 18:46:09 server1 kernel: [    0.000000]   Centaur CentaurHauls
Dec  9 18:46:09 server1 kernel: [    0.000000]   zhaoxin   Shanghai  
Dec  9 18:46:09 server1 kernel: [    0.000000] BIOS-provided physical RAM map:
Dec  9 18:46:09 server1 kernel: [    0.000000] BIOS-e820: [mem 0x0000000000000000-0x000000000009fbff] usable
Dec  9 18:46:09 server1 kernel: [    0.000000] BIOS-e820: [mem 0x000000000009fc00-0x000000000009ffff] reserved
Dec  9 18:46:09 server1 kernel: [    0.000000] BIOS-e820: [mem 0x00000000000f0000-0x00000000000fffff] reserved
Dec  9 18:46:09 server1 kernel: [    0.000000] BIOS-e820: [mem 0x0000000000100000-0x00000000dffeffff] usable
Dec  9 18:46:09 server1 kernel: [    0.000000] BIOS-e820: [mem 0x00000000dfff0000-0x00000000dfffffff] ACPI data
Dec  9 18:46:09 server1 kernel: [    0.000000] BIOS-e820: [mem 0x00000000fec00000-0x00000000fec00fff] reserved
Dec  9 18:46:09 server1 kernel: [    0.000000] BIOS-e820: [mem 0x00000000fee00000-0x00000000fee00fff] reserved
Dec  9 18:46:09 server1 kernel: [    0.000000] BIOS-e820: [mem 0x00000000fffc0000-0x00000000ffffffff] reserved
Dec  9 18:46:09 server1 kernel: [    0.000000] BIOS-e820: [mem 0x0000000100000000-0x000000011fffffff] usable
Dec  9 18:46:09 server1 kernel: [    0.000000] NX (Execute Disable) protection: active
Dec  9 18:46:09 server1 kernel: [    0.000000] SMBIOS 2.5 present.
Dec  9 18:46:09 server1 kernel: [    0.000000] DMI: innotek GmbH VirtualBox/VirtualBox, BIOS VirtualBox 12/01/2006
Dec  9 18:46:09 server1 kernel: [    0.000000] Hypervisor detected: KVM
Dec  9 18:46:09 server1 kernel: [    0.000000] kvm-clock: Using msrs 4b564d01 and 4b564d00
Dec  9 18:46:09 server1 kernel: [    0.000004] kvm-clock: using sched offset of 13606456623 cycles
Dec  9 18:46:09 server1 kernel: [    0.000008] clocksource: kvm-clock: mask: 0xffffffffffffffff max_cycles: 0x1cd42e4dffb, max_idle_ns: 881590591483 ns
Dec  9 18:46:09 server1 kernel: [    0.000011] tsc: Detected 2592.006 MHz processor
Dec  9 18:46:09 server1 kernel: [    0.003404] e820: update [mem 0x00000000-0x00000fff] usable ==> reserved
Dec  9 18:46:09 server1 kernel: [    0.003410] e820: remove [mem 0x000a0000-0x000fffff] usable
Dec  9 18:46:09 server1 kernel: [    0.003417] last_pfn = 0x120000 max_arch_pfn = 0x400000000
Dec  9 18:46:09 server1 kernel: [    0.003521] MTRRs disabled by BIOS
Dec  9 18:46:09 server1 kernel: [    0.003525] x86/PAT: Configuration [0-7]: WB  WC  UC- UC  WB  WP  UC- WT  
Dec  9 18:46:09 server1 kernel: [    0.003539] last_pfn = 0xdfff0 max_arch_pfn = 0x400000000
Dec  9 18:46:09 server1 kernel: [    0.003625] found SMP MP-table at [mem 0x0009fff0-0x0009ffff]
Dec  9 18:46:09 server1 kernel: [    0.003856] RAMDISK: [mem 0x2f22f000-0x3390efff]
Dec  9 18:46:09 server1 kernel: [    0.003907] ACPI: Early table checksum verification disabled
Dec  9 18:46:09 server1 kernel: [    0.003913] ACPI: RSDP 0x00000000000E0000 000024 (v02 VBOX  )
Dec  9 18:46:09 server1 kernel: [    0.003919] ACPI: XSDT 0x00000000DFFF0030 00003C (v01 VBOX   VBOXXSDT 00000001 ASL  00000061)
Dec  9 18:46:09 server1 kernel: [    0.003928] ACPI: FACP 0x00000000DFFF00F0 0000F4 (v04 VBOX   VBOXFACP 00000001 ASL  00000061)
Dec  9 18:46:09 server1 kernel: [    0.003936] ACPI: DSDT 0x00000000DFFF0620 002353 (v02 VBOX   VBOXBIOS 00000002 INTL 20100528)
Dec  9 18:46:09 server1 kernel: [    0.003941] ACPI: FACS 0x00000000DFFF0200 000040
Dec  9 18:46:09 server1 kernel: [    0.003946] ACPI: FACS 0x00000000DFFF0200 000040
Dec  9 18:46:09 server1 kernel: [    0.003951] ACPI: APIC 0x00000000DFFF0240 000064 (v02 VBOX   VBOXAPIC 00000001 ASL  00000061)
Dec  9 18:46:09 server1 kernel: [    0.003956] ACPI: SSDT 0x00000000DFFF02B0 00036C (v01 VBOX   VBOXCPUT 00000002 INTL 20100528)
Dec  9 18:46:09 server1 kernel: [    0.003960] ACPI: Reserving FACP table memory at [mem 0xdfff00f0-0xdfff01e3]
Dec  9 18:46:09 server1 kernel: [    0.003962] ACPI: Reserving DSDT table memory at [mem 0xdfff0620-0xdfff2972]
Dec  9 18:46:09 server1 kernel: [    0.003963] ACPI: Reserving FACS table memory at [mem 0xdfff0200-0xdfff023f]
Dec  9 18:46:09 server1 kernel: [    0.003964] ACPI: Reserving FACS table memory at [mem 0xdfff0200-0xdfff023f]
Dec  9 18:46:09 server1 kernel: [    0.003965] ACPI: Reserving APIC table memory at [mem 0xdfff0240-0xdfff02a3]
Dec  9 18:46:09 server1 kernel: [    0.003966] ACPI: Reserving SSDT table memory at [mem 0xdfff02b0-0xdfff061b]
Dec  9 18:46:09 server1 kernel: [    0.006025] No NUMA configuration found
Dec  9 18:46:09 server1 kernel: [    0.006027] Faking a node at [mem 0x0000000000000000-0x000000011fffffff]
Dec  9 18:46:09 server1 kernel: [    0.006037] NODE_DATA(0) allocated [mem 0x11ffd5000-0x11fffffff]
Dec  9 18:46:09 server1 kernel: [    0.007677] Zone ranges:
Dec  9 18:46:09 server1 kernel: [    0.007679]   DMA      [mem 0x0000000000001000-0x0000000000ffffff]
Dec  9 18:46:09 server1 kernel: [    0.007682]   DMA32    [mem 0x0000000001000000-0x00000000ffffffff]
Dec  9 18:46:09 server1 kernel: [    0.007684]   Normal   [mem 0x0000000100000000-0x000000011fffffff]
Dec  9 18:46:09 server1 kernel: [    0.007685]   Device   empty
Dec  9 18:46:09 server1 kernel: [    0.007686] Movable zone start for each node
Dec  9 18:46:09 server1 kernel: [    0.007689] Early memory node ranges
Dec  9 18:46:09 server1 kernel: [    0.007689]   node   0: [mem 0x0000000000001000-0x000000000009efff]
Dec  9 18:46:09 server1 kernel: [    0.007691]   node   0: [mem 0x0000000000100000-0x00000000dffeffff]
Dec  9 18:46:09 server1 kernel: [    0.007693]   node   0: [mem 0x0000000100000000-0x000000011fffffff]
Dec  9 18:46:09 server1 kernel: [    0.007694] Initmem setup node 0 [mem 0x0000000000001000-0x000000011fffffff]
Dec  9 18:46:09 server1 kernel: [    0.007790] On node 0, zone DMA: 1 pages in unavailable ranges
Dec  9 18:46:09 server1 kernel: [    0.009491] On node 0, zone DMA: 97 pages in unavailable ranges
Dec  9 18:46:09 server1 kernel: [    0.462653] On node 0, zone Normal: 16 pages in unavailable ranges
Dec  9 18:46:09 server1 kernel: [    0.466399] ACPI: PM-Timer IO Port: 0x4008
Dec  9 18:46:09 server1 kernel: [    0.466943] IOAPIC[0]: apic_id 3, version 32, address 0xfec00000, GSI 0-23
Dec  9 18:46:09 server1 kernel: [    0.466950] ACPI: INT_SRC_OVR (bus 0 bus_irq 0 global_irq 2 dfl dfl)
Dec  9 18:46:09 server1 kernel: [    0.466953] ACPI: INT_SRC_OVR (bus 0 bus_irq 9 global_irq 9 low level)
Dec  9 18:46:09 server1 kernel: [    0.466960] ACPI: Using ACPI (MADT) for SMP configuration information
Dec  9 18:46:09 server1 kernel: [    0.467015] smpboot: Allowing 3 CPUs, 0 hotplug CPUs
Dec  9 18:46:09 server1 kernel: [    0.467270] PM: hibernation: Registered nosave memory: [mem 0x00000000-0x00000fff]
Dec  9 18:46:09 server1 kernel: [    0.467274] PM: hibernation: Registered nosave memory: [mem 0x0009f000-0x0009ffff]
Dec  9 18:46:09 server1 kernel: [    0.467275] PM: hibernation: Registered nosave memory: [mem 0x000a0000-0x000effff]
Dec  9 18:46:09 server1 kernel: [    0.467276] PM: hibernation: Registered nosave memory: [mem 0x000f0000-0x000fffff]
Dec  9 18:46:09 server1 kernel: [    0.467277] PM: hibernation: Registered nosave memory: [mem 0xdfff0000-0xdfffffff]
Dec  9 18:46:09 server1 kernel: [    0.467278] PM: hibernation: Registered nosave memory: [mem 0xe0000000-0xfebfffff]
Dec  9 18:46:09 server1 kernel: [    0.467279] PM: hibernation: Registered nosave memory: [mem 0xfec00000-0xfec00fff]
Dec  9 18:46:09 server1 kernel: [    0.467280] PM: hibernation: Registered nosave memory: [mem 0xfec01000-0xfedfffff]
Dec  9 18:46:09 server1 kernel: [    0.467281] PM: hibernation: Registered nosave memory: [mem 0xfee00000-0xfee00fff]
Dec  9 18:46:09 server1 kernel: [    0.467282] PM: hibernation: Registered nosave memory: [mem 0xfee01000-0xfffbffff]
Dec  9 18:46:09 server1 kernel: [    0.467283] PM: hibernation: Registered nosave memory: [mem 0xfffc0000-0xffffffff]
Dec  9 18:46:09 server1 kernel: [    0.467285] [mem 0xe0000000-0xfebfffff] available for PCI devices
Dec  9 18:46:09 server1 kernel: [    0.467286] Booting paravirtualized kernel on KVM
Dec  9 18:46:09 server1 kernel: [    0.467289] clocksource: refined-jiffies: mask: 0xffffffff max_cycles: 0xffffffff, max_idle_ns: 7645519600211568 ns
Dec  9 18:46:09 server1 kernel: [    0.467299] setup_percpu: NR_CPUS:8192 nr_cpumask_bits:3 nr_cpu_ids:3 nr_node_ids:1
Dec  9 18:46:09 server1 kernel: [    0.481487] percpu: Embedded 62 pages/cpu s217088 r8192 d28672 u524288
Dec  9 18:46:09 server1 kernel: [    0.481494] pcpu-alloc: s217088 r8192 d28672 u524288 alloc=1*2097152
Dec  9 18:46:09 server1 kernel: [    0.481498] pcpu-alloc: [0] 0 1 2 - 
Dec  9 18:46:09 server1 kernel: [    0.481715] kvm-guest: PV spinlocks enabled
Dec  9 18:46:09 server1 kernel: [    0.481719] PV qspinlock hash table entries: 256 (order: 0, 4096 bytes, linear)
Dec  9 18:46:09 server1 kernel: [    0.481728] Fallback order for Node 0: 0 
Dec  9 18:46:09 server1 kernel: [    0.481731] Built 1 zonelists, mobility grouping on.  Total pages: 1031920
Dec  9 18:46:09 server1 kernel: [    0.481732] Policy zone: Normal
Dec  9 18:46:09 server1 kernel: [    0.481733] Kernel command line: BOOT_IMAGE=/boot/vmlinuz-6.2.0-37-generic root=UUID=6990e70b-a9a0-4761-a34f-3cb5742c83ea ro quiet splash
Dec  9 18:46:09 server1 kernel: [    0.481806] Unknown kernel command line parameters "splash BOOT_IMAGE=/boot/vmlinuz-6.2.0-37-generic", will be passed to user space.
Dec  9 18:46:09 server1 kernel: [    0.481848] random: crng init done
Dec  9 18:46:09 server1 kernel: [    0.510327] Dentry cache hash table entries: 524288 (order: 10, 4194304 bytes, linear)
Dec  9 18:46:09 server1 kernel: [    0.523271] Inode-cache hash table entries: 262144 (order: 9, 2097152 bytes, linear)
Dec  9 18:46:09 server1 kernel: [    0.523378] mem auto-init: stack:off, heap alloc:on, heap free:off
Dec  9 18:46:09 server1 kernel: [    0.523385] software IO TLB: area num 4.
Dec  9 18:46:09 server1 kernel: [    0.761471] Memory: 3919900K/4193848K available (20480K kernel code, 4153K rwdata, 12732K rodata, 4768K init, 17536K bss, 273688K reserved, 0K cma-reserved)
Dec  9 18:46:09 server1 kernel: [    0.762335] SLUB: HWalign=64, Order=0-3, MinObjects=0, CPUs=3, Nodes=1
Dec  9 18:46:09 server1 kernel: [    0.762459] Kernel/User page tables isolation: enabled
Dec  9 18:46:09 server1 kernel: [    0.762888] ftrace: allocating 53440 entries in 209 pages
Dec  9 18:46:09 server1 kernel: [    0.778444] ftrace: allocated 209 pages with 4 groups
Dec  9 18:46:09 server1 kernel: [    0.781341] Dynamic Preempt: voluntary
Dec  9 18:46:09 server1 kernel: [    0.781470] rcu: Preemptible hierarchical RCU implementation.
Dec  9 18:46:09 server1 kernel: [    0.781472] rcu: 	RCU restricting CPUs from NR_CPUS=8192 to nr_cpu_ids=3.
Dec  9 18:46:09 server1 kernel: [    0.781474] 	Trampoline variant of Tasks RCU enabled.
Dec  9 18:46:09 server1 kernel: [    0.781475] 	Rude variant of Tasks RCU enabled.
Dec  9 18:46:09 server1 kernel: [    0.781475] 	Tracing variant of Tasks RCU enabled.
Dec  9 18:46:09 server1 kernel: [    0.781476] rcu: RCU calculated value of scheduler-enlistment delay is 25 jiffies.
Dec  9 18:46:09 server1 kernel: [    0.781477] rcu: Adjusting geometry for rcu_fanout_leaf=16, nr_cpu_ids=3
Dec  9 18:46:09 server1 kernel: [    0.788307] NR_IRQS: 524544, nr_irqs: 448, preallocated irqs: 16
Dec  9 18:46:09 server1 kernel: [    0.789010] rcu: srcu_init: Setting srcu_struct sizes based on contention.
Dec  9 18:46:09 server1 kernel: [    0.873761] Console: colour VGA+ 80x25
Dec  9 18:46:09 server1 kernel: [    0.873769] printk: console [tty0] enabled
Dec  9 18:46:09 server1 kernel: [    0.873862] ACPI: Core revision 20221020
Dec  9 18:46:09 server1 kernel: [    0.875255] APIC: Switch to symmetric I/O mode setup
Dec  9 18:46:09 server1 kernel: [    0.907290] ..TIMER: vector=0x30 apic1=0 pin1=2 apic2=-1 pin2=-1
Dec  9 18:46:09 server1 kernel: [    0.907810] clocksource: tsc-early: mask: 0xffffffffffffffff max_cycles: 0x255cbc978bf, max_idle_ns: 440795251759 ns
Dec  9 18:46:09 server1 kernel: [    0.907820] Calibrating delay loop (skipped) preset value.. 5184.01 BogoMIPS (lpj=10368024)
Dec  9 18:46:09 server1 kernel: [    0.914195] Last level iTLB entries: 4KB 64, 2MB 8, 4MB 8
Dec  9 18:46:09 server1 kernel: [    0.914198] Last level dTLB entries: 4KB 64, 2MB 0, 4MB 0, 1GB 4
Dec  9 18:46:09 server1 kernel: [    0.914203] Spectre V1 : Mitigation: usercopy/swapgs barriers and __user pointer sanitization
Dec  9 18:46:09 server1 kernel: [    0.914206] Spectre V2 : Mitigation: Retpolines
Dec  9 18:46:09 server1 kernel: [    0.914206] Spectre V2 : Spectre v2 / SpectreRSB mitigation: Filling RSB on context switch
Dec  9 18:46:09 server1 kernel: [    0.914207] Spectre V2 : Spectre v2 / SpectreRSB : Filling RSB on VMEXIT
Dec  9 18:46:09 server1 kernel: [    0.914208] RETBleed: WARNING: Spectre v2 mitigation leaves CPU vulnerable to RETBleed attacks, data leaks possible!
Dec  9 18:46:09 server1 kernel: [    0.915826] RETBleed: Vulnerable
Dec  9 18:46:09 server1 kernel: [    0.915829] Speculative Store Bypass: Vulnerable
Dec  9 18:46:09 server1 kernel: [    0.915841] MDS: Mitigation: Clear CPU buffers
Dec  9 18:46:09 server1 kernel: [    0.915843] MMIO Stale Data: Mitigation: Clear CPU buffers
Dec  9 18:46:09 server1 kernel: [    0.915844] SRBDS: Unknown: Dependent on hypervisor status
Dec  9 18:46:09 server1 kernel: [    0.915848] x86/fpu: x87 FPU will use FXSAVE
Dec  9 18:46:09 server1 kernel: [    0.942507] Freeing SMP alternatives memory: 44K
Dec  9 18:46:09 server1 kernel: [    0.942515] pid_max: default: 32768 minimum: 301
Dec  9 18:46:09 server1 kernel: [    0.942610] LSM: initializing lsm=lockdown,capability,landlock,yama,integrity,apparmor
Dec  9 18:46:09 server1 kernel: [    0.942623] landlock: Up and running.
Dec  9 18:46:09 server1 kernel: [    0.942624] Yama: becoming mindful.
Dec  9 18:46:09 server1 kernel: [    0.942977] AppArmor: AppArmor initialized
Dec  9 18:46:09 server1 kernel: [    0.943466] Mount-cache hash table entries: 8192 (order: 4, 65536 bytes, linear)
Dec  9 18:46:09 server1 kernel: [    0.944166] Mountpoint-cache hash table entries: 8192 (order: 4, 65536 bytes, linear)
Dec  9 18:46:09 server1 kernel: [    1.057379] smpboot: CPU0: Intel(R) Core(TM) i7-9750H CPU @ 2.60GHz (family: 0x6, model: 0x9e, stepping: 0xa)
Dec  9 18:46:09 server1 kernel: [    1.058837] cblist_init_generic: Setting adjustable number of callback queues.
Dec  9 18:46:09 server1 kernel: [    1.058840] cblist_init_generic: Setting shift to 2 and lim to 1.
Dec  9 18:46:09 server1 kernel: [    1.059202] cblist_init_generic: Setting adjustable number of callback queues.
Dec  9 18:46:09 server1 kernel: [    1.059204] cblist_init_generic: Setting shift to 2 and lim to 1.
Dec  9 18:46:09 server1 kernel: [    1.059345] cblist_init_generic: Setting adjustable number of callback queues.
Dec  9 18:46:09 server1 kernel: [    1.059347] cblist_init_generic: Setting shift to 2 and lim to 1.
Dec  9 18:46:09 server1 kernel: [    1.059490] Performance Events: unsupported p6 CPU model 158 no PMU driver, software events only.
Dec  9 18:46:09 server1 kernel: [    1.059515] signal: max sigframe size: 1440
Dec  9 18:46:09 server1 kernel: [    1.059668] rcu: Hierarchical SRCU implementation.
Dec  9 18:46:09 server1 kernel: [    1.059670] rcu: 	Max phase no-delay instances is 1000.
Dec  9 18:46:09 server1 kernel: [    1.059816] NMI watchdog: Perf NMI watchdog permanently disabled
Dec  9 18:46:09 server1 kernel: [    1.060507] smp: Bringing up secondary CPUs ...
Dec  9 18:46:09 server1 kernel: [    1.061968] x86: Booting SMP configuration:
Dec  9 18:46:09 server1 kernel: [    1.061970] .... node  #0, CPUs:      #1
Dec  9 18:46:09 server1 kernel: [    1.069876] TSC synchronization [CPU#0 -> CPU#1]:
Dec  9 18:46:09 server1 kernel: [    1.069879] Measured 219069 cycles TSC warp between CPUs, turning off TSC clock.
Dec  9 18:46:09 server1 kernel: [    1.069880] tsc: Marking TSC unstable due to check_tsc_sync_source failed
Dec  9 18:46:09 server1 kernel: [    1.073549]  #2
Dec  9 18:46:09 server1 kernel: [    1.080989] smp: Brought up 1 node, 3 CPUs
Dec  9 18:46:09 server1 kernel: [    1.080999] smpboot: Max logical packages: 1
Dec  9 18:46:09 server1 kernel: [    1.081001] smpboot: Total of 3 processors activated (15552.03 BogoMIPS)
Dec  9 18:46:09 server1 kernel: [    1.084677] devtmpfs: initialized
Dec  9 18:46:09 server1 kernel: [    1.084677] x86/mm: Memory block size: 128MB
Dec  9 18:46:09 server1 kernel: [    1.088414] clocksource: jiffies: mask: 0xffffffff max_cycles: 0xffffffff, max_idle_ns: 7645041785100000 ns
Dec  9 18:46:09 server1 kernel: [    1.088870] futex hash table entries: 1024 (order: 4, 65536 bytes, linear)
Dec  9 18:46:09 server1 kernel: [    1.088936] pinctrl core: initialized pinctrl subsystem
Dec  9 18:46:09 server1 kernel: [    1.090033] PM: RTC time: 10:45:54, date: 2023-12-09
Dec  9 18:46:09 server1 kernel: [    1.106430] NET: Registered PF_NETLINK/PF_ROUTE protocol family
Dec  9 18:46:09 server1 kernel: [    1.109350] DMA: preallocated 512 KiB GFP_KERNEL pool for atomic allocations
Dec  9 18:46:09 server1 kernel: [    1.109427] DMA: preallocated 512 KiB GFP_KERNEL|GFP_DMA pool for atomic allocations
Dec  9 18:46:09 server1 kernel: [    1.109512] DMA: preallocated 512 KiB GFP_KERNEL|GFP_DMA32 pool for atomic allocations
Dec  9 18:46:09 server1 kernel: [    1.109566] audit: initializing netlink subsys (disabled)
Dec  9 18:46:09 server1 kernel: [    1.110298] audit: type=2000 audit(1702118770.383:1): state=initialized audit_enabled=0 res=1
Dec  9 18:46:09 server1 kernel: [    1.110298] thermal_sys: Registered thermal governor 'fair_share'
Dec  9 18:46:09 server1 kernel: [    1.110298] thermal_sys: Registered thermal governor 'bang_bang'
Dec  9 18:46:09 server1 kernel: [    1.110298] thermal_sys: Registered thermal governor 'step_wise'
Dec  9 18:46:09 server1 kernel: [    1.110298] thermal_sys: Registered thermal governor 'user_space'
Dec  9 18:46:09 server1 kernel: [    1.110298] thermal_sys: Registered thermal governor 'power_allocator'
Dec  9 18:46:09 server1 kernel: [    1.110298] EISA bus registered
Dec  9 18:46:09 server1 kernel: [    1.110298] cpuidle: using governor ladder
Dec  9 18:46:09 server1 kernel: [    1.110298] cpuidle: using governor menu
Dec  9 18:46:09 server1 kernel: [    1.110298] acpiphp: ACPI Hot Plug PCI Controller Driver version: 0.5
Dec  9 18:46:09 server1 kernel: [    1.111982] PCI: Using configuration type 1 for base access
Dec  9 18:46:09 server1 kernel: [    1.112455] kprobes: kprobe jump-optimization is enabled. All kprobes are optimized if possible.
Dec  9 18:46:09 server1 kernel: [    1.152177] HugeTLB: registered 2.00 MiB page size, pre-allocated 0 pages
Dec  9 18:46:09 server1 kernel: [    1.152187] HugeTLB: 28 KiB vmemmap can be freed for a 2.00 MiB page
Dec  9 18:46:09 server1 kernel: [    1.160629] ACPI: Added _OSI(Module Device)
Dec  9 18:46:09 server1 kernel: [    1.160632] ACPI: Added _OSI(Processor Device)
Dec  9 18:46:09 server1 kernel: [    1.160633] ACPI: Added _OSI(3.0 _SCP Extensions)
Dec  9 18:46:09 server1 kernel: [    1.160634] ACPI: Added _OSI(Processor Aggregator Device)
Dec  9 18:46:09 server1 kernel: [    1.166320] ACPI: 2 ACPI AML tables successfully acquired and loaded
Dec  9 18:46:09 server1 kernel: [    1.170829] ACPI: Interpreter enabled
Dec  9 18:46:09 server1 kernel: [    1.170846] ACPI: PM: (supports S0 S5)
Dec  9 18:46:09 server1 kernel: [    1.170849] ACPI: Using IOAPIC for interrupt routing
Dec  9 18:46:09 server1 kernel: [    1.171604] PCI: Using host bridge windows from ACPI; if necessary, use "pci=nocrs" and report a bug
Dec  9 18:46:09 server1 kernel: [    1.171607] PCI: Using E820 reservations for host bridge windows
Dec  9 18:46:09 server1 kernel: [    1.171816] ACPI: Enabled 2 GPEs in block 00 to 07
Dec  9 18:46:09 server1 kernel: [    1.183952] ACPI: PCI Root Bridge [PCI0] (domain 0000 [bus 00-ff])
Dec  9 18:46:09 server1 kernel: [    1.183964] acpi PNP0A03:00: _OSC: OS supports [ASPM ClockPM Segments MSI EDR HPX-Type3]
Dec  9 18:46:09 server1 kernel: [    1.183967] acpi PNP0A03:00: _OSC: not requesting OS control; OS requires [ExtendedConfig ASPM ClockPM MSI]
Dec  9 18:46:09 server1 kernel: [    1.185832] acpi PNP0A03:00: fail to add MMCONFIG information, can't access extended configuration space under this bridge
Dec  9 18:46:09 server1 kernel: [    1.187773] PCI host bridge to bus 0000:00
Dec  9 18:46:09 server1 kernel: [    1.187779] pci_bus 0000:00: root bus resource [io  0x0000-0x0cf7 window]
Dec  9 18:46:09 server1 kernel: [    1.187786] pci_bus 0000:00: root bus resource [io  0x0d00-0xffff window]
Dec  9 18:46:09 server1 kernel: [    1.187789] pci_bus 0000:00: root bus resource [mem 0x000a0000-0x000bffff window]
Dec  9 18:46:09 server1 kernel: [    1.187793] pci_bus 0000:00: root bus resource [mem 0xe0000000-0xfdffffff window]
Dec  9 18:46:09 server1 kernel: [    1.187798] pci_bus 0000:00: root bus resource [bus 00-ff]
Dec  9 18:46:09 server1 kernel: [    1.187816] pci 0000:00:00.0: [8086:1237] type 00 class 0x060000
Dec  9 18:46:09 server1 kernel: [    1.191304] pci 0000:00:01.0: [8086:7000] type 00 class 0x060100
Dec  9 18:46:09 server1 kernel: [    1.195816] pci 0000:00:01.1: [8086:7111] type 00 class 0x01018a
Dec  9 18:46:09 server1 kernel: [    1.197521] pci 0000:00:01.1: reg 0x20: [io  0xd000-0xd00f]
Dec  9 18:46:09 server1 kernel: [    1.198911] pci 0000:00:01.1: legacy IDE quirk: reg 0x10: [io  0x01f0-0x01f7]
Dec  9 18:46:09 server1 kernel: [    1.198920] pci 0000:00:01.1: legacy IDE quirk: reg 0x14: [io  0x03f6]
Dec  9 18:46:09 server1 kernel: [    1.198923] pci 0000:00:01.1: legacy IDE quirk: reg 0x18: [io  0x0170-0x0177]
Dec  9 18:46:09 server1 kernel: [    1.198928] pci 0000:00:01.1: legacy IDE quirk: reg 0x1c: [io  0x0376]
Dec  9 18:46:09 server1 kernel: [    1.199997] pci 0000:00:02.0: [15ad:0405] type 00 class 0x030000
Dec  9 18:46:09 server1 kernel: [    1.203148] pci 0000:00:02.0: reg 0x10: [io  0xd010-0xd01f]
Dec  9 18:46:09 server1 kernel: [    1.203825] pci 0000:00:02.0: reg 0x14: [mem 0xe0000000-0xe0ffffff pref]
Dec  9 18:46:09 server1 kernel: [    1.205955] pci 0000:00:02.0: reg 0x18: [mem 0xf0000000-0xf01fffff]
Dec  9 18:46:09 server1 kernel: [    1.213037] pci 0000:00:02.0: Video device with shadowed ROM at [mem 0x000c0000-0x000dffff]
Dec  9 18:46:09 server1 kernel: [    1.214323] pci 0000:00:03.0: [8086:100e] type 00 class 0x020000
Dec  9 18:46:09 server1 kernel: [    1.215112] pci 0000:00:03.0: reg 0x10: [mem 0xf0200000-0xf021ffff]
Dec  9 18:46:09 server1 kernel: [    1.215816] pci 0000:00:03.0: reg 0x18: [io  0xd020-0xd027]
Dec  9 18:46:09 server1 kernel: [    1.219816] pci 0000:00:04.0: [80ee:cafe] type 00 class 0x088000
Dec  9 18:46:09 server1 kernel: [    1.220211] pci 0000:00:04.0: reg 0x10: [io  0xd040-0xd05f]
Dec  9 18:46:09 server1 kernel: [    1.221142] pci 0000:00:04.0: reg 0x14: [mem 0xf0400000-0xf07fffff]
Dec  9 18:46:09 server1 kernel: [    1.221947] pci 0000:00:04.0: reg 0x18: [mem 0xf0800000-0xf0803fff pref]
Dec  9 18:46:09 server1 kernel: [    1.225549] pci 0000:00:05.0: [8086:2415] type 00 class 0x040100
Dec  9 18:46:09 server1 kernel: [    1.226270] pci 0000:00:05.0: reg 0x10: [io  0xd100-0xd1ff]
Dec  9 18:46:09 server1 kernel: [    1.226663] pci 0000:00:05.0: reg 0x14: [io  0xd200-0xd23f]
Dec  9 18:46:09 server1 kernel: [    1.228459] pci 0000:00:06.0: [106b:003f] type 00 class 0x0c0310
Dec  9 18:46:09 server1 kernel: [    1.229261] pci 0000:00:06.0: reg 0x10: [mem 0xf0804000-0xf0804fff]
Dec  9 18:46:09 server1 kernel: [    1.233420] pci 0000:00:07.0: [8086:7113] type 00 class 0x068000
Dec  9 18:46:09 server1 kernel: [    1.236852] pci 0000:00:07.0: quirk: [io  0x4000-0x403f] claimed by PIIX4 ACPI
Dec  9 18:46:09 server1 kernel: [    1.236910] pci 0000:00:07.0: quirk: [io  0x4100-0x410f] claimed by PIIX4 SMB
Dec  9 18:46:09 server1 kernel: [    1.239107] pci 0000:00:08.0: [8086:100e] type 00 class 0x020000
Dec  9 18:46:09 server1 kernel: [    1.239816] pci 0000:00:08.0: reg 0x10: [mem 0xf0820000-0xf083ffff]
Dec  9 18:46:09 server1 kernel: [    1.240972] pci 0000:00:08.0: reg 0x18: [io  0xd240-0xd247]
Dec  9 18:46:09 server1 kernel: [    1.265918] pci 0000:00:0b.0: [8086:265c] type 00 class 0x0c0320
Dec  9 18:46:09 server1 kernel: [    1.266691] pci 0000:00:0b.0: reg 0x10: [mem 0xf0840000-0xf0840fff]
Dec  9 18:46:09 server1 kernel: [    1.280558] pci 0000:00:0d.0: [8086:2829] type 00 class 0x010601
Dec  9 18:46:09 server1 kernel: [    1.281309] pci 0000:00:0d.0: reg 0x10: [io  0xd248-0xd24f]
Dec  9 18:46:09 server1 kernel: [    1.281733] pci 0000:00:0d.0: reg 0x14: [io  0xd250-0xd253]
Dec  9 18:46:09 server1 kernel: [    1.282151] pci 0000:00:0d.0: reg 0x18: [io  0xd258-0xd25f]
Dec  9 18:46:09 server1 kernel: [    1.282578] pci 0000:00:0d.0: reg 0x1c: [io  0xd260-0xd263]
Dec  9 18:46:09 server1 kernel: [    1.283001] pci 0000:00:0d.0: reg 0x20: [io  0xd270-0xd27f]
Dec  9 18:46:09 server1 kernel: [    1.283896] pci 0000:00:0d.0: reg 0x24: [mem 0xf0842000-0xf0843fff]
Dec  9 18:46:09 server1 kernel: [    1.468147] ACPI: PCI: Interrupt link LNKA configured for IRQ 11
Dec  9 18:46:09 server1 kernel: [    1.469043] ACPI: PCI: Interrupt link LNKB configured for IRQ 10
Dec  9 18:46:09 server1 kernel: [    1.469372] ACPI: PCI: Interrupt link LNKC configured for IRQ 9
Dec  9 18:46:09 server1 kernel: [    1.469698] ACPI: PCI: Interrupt link LNKD configured for IRQ 11
Dec  9 18:46:09 server1 kernel: [    1.470295] iommu: Default domain type: Translated 
Dec  9 18:46:09 server1 kernel: [    1.470295] iommu: DMA domain TLB invalidation policy: lazy mode 
Dec  9 18:46:09 server1 kernel: [    1.472236] SCSI subsystem initialized
Dec  9 18:46:09 server1 kernel: [    1.472412] libata version 3.00 loaded.
Dec  9 18:46:09 server1 kernel: [    1.472412] ACPI: bus type USB registered
Dec  9 18:46:09 server1 kernel: [    1.472412] usbcore: registered new interface driver usbfs
Dec  9 18:46:09 server1 kernel: [    1.472412] usbcore: registered new interface driver hub
Dec  9 18:46:09 server1 kernel: [    1.472412] usbcore: registered new device driver usb
Dec  9 18:46:09 server1 kernel: [    1.472412] pps_core: LinuxPPS API ver. 1 registered
Dec  9 18:46:09 server1 kernel: [    1.472412] pps_core: Software ver. 5.3.6 - Copyright 2005-2007 Rodolfo Giometti <giometti@linux.it>
Dec  9 18:46:09 server1 kernel: [    1.472412] PTP clock support registered
Dec  9 18:46:09 server1 kernel: [    1.476104] EDAC MC: Ver: 3.0.0
Dec  9 18:46:09 server1 kernel: [    1.480535] NetLabel: Initializing
Dec  9 18:46:09 server1 kernel: [    1.480539] NetLabel:  domain hash size = 128
Dec  9 18:46:09 server1 kernel: [    1.480540] NetLabel:  protocols = UNLABELED CIPSOv4 CALIPSO
Dec  9 18:46:09 server1 kernel: [    1.480564] NetLabel:  unlabeled traffic allowed by default
Dec  9 18:46:09 server1 kernel: [    1.483846] mctp: management component transport protocol core
Dec  9 18:46:09 server1 kernel: [    1.483850] NET: Registered PF_MCTP protocol family
Dec  9 18:46:09 server1 kernel: [    1.483859] PCI: Using ACPI for IRQ routing
Dec  9 18:46:09 server1 kernel: [    1.483861] PCI: pci_cache_line_size set to 64 bytes
Dec  9 18:46:09 server1 kernel: [    1.485222] e820: reserve RAM buffer [mem 0x0009fc00-0x0009ffff]
Dec  9 18:46:09 server1 kernel: [    1.485227] e820: reserve RAM buffer [mem 0xdfff0000-0xdfffffff]
Dec  9 18:46:09 server1 kernel: [    1.485433] pci 0000:00:02.0: vgaarb: setting as boot VGA device
Dec  9 18:46:09 server1 kernel: [    1.485433] pci 0000:00:02.0: vgaarb: bridge control possible
Dec  9 18:46:09 server1 kernel: [    1.485433] pci 0000:00:02.0: vgaarb: VGA device added: decodes=io+mem,owns=io+mem,locks=none
Dec  9 18:46:09 server1 kernel: [    1.485433] vgaarb: loaded
Dec  9 18:46:09 server1 kernel: [    1.495830] clocksource: Switched to clocksource kvm-clock
Dec  9 18:46:09 server1 kernel: [    1.506673] VFS: Disk quotas dquot_6.6.0
Dec  9 18:46:09 server1 kernel: [    1.506673] VFS: Dquot-cache hash table entries: 512 (order 0, 4096 bytes)
Dec  9 18:46:09 server1 kernel: [    1.506673] AppArmor: AppArmor Filesystem Enabled
Dec  9 18:46:09 server1 kernel: [    1.506673] pnp: PnP ACPI init
Dec  9 18:46:09 server1 kernel: [    1.625567] pnp: PnP ACPI: found 2 devices
Dec  9 18:46:09 server1 kernel: [    1.703337] clocksource: acpi_pm: mask: 0xffffff max_cycles: 0xffffff, max_idle_ns: 2085701024 ns
Dec  9 18:46:09 server1 kernel: [    1.703660] NET: Registered PF_INET protocol family
Dec  9 18:46:09 server1 kernel: [    1.707253] IP idents hash table entries: 65536 (order: 7, 524288 bytes, linear)
Dec  9 18:46:09 server1 kernel: [    1.725506] tcp_listen_portaddr_hash hash table entries: 2048 (order: 3, 32768 bytes, linear)
Dec  9 18:46:09 server1 kernel: [    1.728327] Table-perturb hash table entries: 65536 (order: 6, 262144 bytes, linear)
Dec  9 18:46:09 server1 kernel: [    1.731606] TCP established hash table entries: 32768 (order: 6, 262144 bytes, linear)
Dec  9 18:46:09 server1 kernel: [    1.741205] TCP bind hash table entries: 32768 (order: 8, 1048576 bytes, linear)
Dec  9 18:46:09 server1 kernel: [    1.741439] TCP: Hash tables configured (established 32768 bind 32768)
Dec  9 18:46:09 server1 kernel: [    1.743258] MPTCP token hash table entries: 4096 (order: 4, 98304 bytes, linear)
Dec  9 18:46:09 server1 kernel: [    1.743258] UDP hash table entries: 2048 (order: 4, 65536 bytes, linear)
Dec  9 18:46:09 server1 kernel: [    1.743258] UDP-Lite hash table entries: 2048 (order: 4, 65536 bytes, linear)
Dec  9 18:46:09 server1 kernel: [    1.743258] NET: Registered PF_UNIX/PF_LOCAL protocol family
Dec  9 18:46:09 server1 kernel: [    1.743258] NET: Registered PF_XDP protocol family
Dec  9 18:46:09 server1 kernel: [    1.743258] pci_bus 0000:00: resource 4 [io  0x0000-0x0cf7 window]
Dec  9 18:46:09 server1 kernel: [    1.743258] pci_bus 0000:00: resource 5 [io  0x0d00-0xffff window]
Dec  9 18:46:09 server1 kernel: [    1.743258] pci_bus 0000:00: resource 6 [mem 0x000a0000-0x000bffff window]
Dec  9 18:46:09 server1 kernel: [    1.743258] pci_bus 0000:00: resource 7 [mem 0xe0000000-0xfdffffff window]
Dec  9 18:46:09 server1 kernel: [    1.743258] pci 0000:00:00.0: Limiting direct PCI/PCI transfers
Dec  9 18:46:09 server1 kernel: [    1.743258] PCI: CLS 0 bytes, default 64
Dec  9 18:46:09 server1 kernel: [    1.743258] PCI-DMA: Using software bounce buffering for IO (SWIOTLB)
Dec  9 18:46:09 server1 kernel: [    1.743258] software IO TLB: mapped [mem 0x00000000dbff0000-0x00000000dfff0000] (64MB)
Dec  9 18:46:09 server1 kernel: [    1.755578] platform rtc_cmos: registered platform RTC device (no PNP device found)
Dec  9 18:46:09 server1 kernel: [    1.756675] Trying to unpack rootfs image as initramfs...
Dec  9 18:46:09 server1 kernel: [    1.759046] Initialise system trusted keyrings
Dec  9 18:46:09 server1 kernel: [    1.759059] Key type blacklist registered
Dec  9 18:46:09 server1 kernel: [    1.760074] workingset: timestamp_bits=36 max_order=20 bucket_order=0
Dec  9 18:46:09 server1 kernel: [    1.760167] zbud: loaded
Dec  9 18:46:09 server1 kernel: [    1.760892] squashfs: version 4.0 (2009/01/31) Phillip Lougher
Dec  9 18:46:09 server1 kernel: [    1.762443] fuse: init (API version 7.38)
Dec  9 18:46:09 server1 kernel: [    1.764421] integrity: Platform Keyring initialized
Dec  9 18:46:09 server1 kernel: [    1.764425] integrity: Machine keyring initialized
Dec  9 18:46:09 server1 kernel: [    1.773895] Key type asymmetric registered
Dec  9 18:46:09 server1 kernel: [    1.773901] Asymmetric key parser 'x509' registered
Dec  9 18:46:09 server1 kernel: [    1.774249] Block layer SCSI generic (bsg) driver version 0.4 loaded (major 243)
Dec  9 18:46:09 server1 kernel: [    1.775691] io scheduler mq-deadline registered
Dec  9 18:46:09 server1 kernel: [    1.780031] shpchp: Standard Hot Plug PCI Controller Driver version: 0.4
Dec  9 18:46:09 server1 kernel: [    1.780714] ACPI: AC: AC Adapter [AC] (on-line)
Dec  9 18:46:09 server1 kernel: [    1.780851] input: Power Button as /devices/LNXSYSTM:00/LNXPWRBN:00/input/input0
Dec  9 18:46:09 server1 kernel: [    1.783315] ACPI: button: Power Button [PWRF]
Dec  9 18:46:09 server1 kernel: [    1.783554] input: Sleep Button as /devices/LNXSYSTM:00/LNXSLPBN:00/input/input1
Dec  9 18:46:09 server1 kernel: [    1.783657] ACPI: button: Sleep Button [SLPF]
Dec  9 18:46:09 server1 kernel: [    1.788741] Serial: 8250/16550 driver, 32 ports, IRQ sharing enabled
Dec  9 18:46:09 server1 kernel: [    1.792201] ACPI: battery: Slot [BAT0] (battery present)
Dec  9 18:46:09 server1 kernel: [    1.826399] Linux agpgart interface v0.103
Dec  9 18:46:09 server1 kernel: [    1.846590] loop: module loaded
Dec  9 18:46:09 server1 kernel: [    1.846590] ata_piix 0000:00:01.1: version 2.13
Dec  9 18:46:09 server1 kernel: [    1.856667] scsi host0: ata_piix
Dec  9 18:46:09 server1 kernel: [    1.860116] scsi host1: ata_piix
Dec  9 18:46:09 server1 kernel: [    1.860229] ata1: PATA max UDMA/33 cmd 0x1f0 ctl 0x3f6 bmdma 0xd000 irq 14
Dec  9 18:46:09 server1 kernel: [    1.860233] ata2: PATA max UDMA/33 cmd 0x170 ctl 0x376 bmdma 0xd008 irq 15
Dec  9 18:46:09 server1 kernel: [    1.861892] tun: Universal TUN/TAP device driver, 1.6
Dec  9 18:46:09 server1 kernel: [    1.861973] PPP generic driver version 2.4.2
Dec  9 18:46:09 server1 kernel: [    1.864643] ohci-pci 0000:00:06.0: OHCI PCI host controller
Dec  9 18:46:09 server1 kernel: [    1.864653] ohci-pci 0000:00:06.0: new USB bus registered, assigned bus number 1
Dec  9 18:46:09 server1 kernel: [    1.865493] ohci-pci 0000:00:06.0: irq 22, io mem 0xf0804000
Dec  9 18:46:09 server1 kernel: [    1.932132] usb usb1: New USB device found, idVendor=1d6b, idProduct=0001, bcdDevice= 6.02
Dec  9 18:46:09 server1 kernel: [    1.932140] usb usb1: New USB device strings: Mfr=3, Product=2, SerialNumber=1
Dec  9 18:46:09 server1 kernel: [    1.932143] usb usb1: Product: OHCI PCI host controller
Dec  9 18:46:09 server1 kernel: [    1.932145] usb usb1: Manufacturer: Linux 6.2.0-37-generic ohci_hcd
Dec  9 18:46:09 server1 kernel: [    1.932147] usb usb1: SerialNumber: 0000:00:06.0
Dec  9 18:46:09 server1 kernel: [    1.932466] hub 1-0:1.0: USB hub found
Dec  9 18:46:09 server1 kernel: [    1.932734] hub 1-0:1.0: 12 ports detected
Dec  9 18:46:09 server1 kernel: [    1.936109] ehci-pci 0000:00:0b.0: EHCI Host Controller
Dec  9 18:46:09 server1 kernel: [    1.936156] ehci-pci 0000:00:0b.0: new USB bus registered, assigned bus number 2
Dec  9 18:46:09 server1 kernel: [    1.938151] ehci-pci 0000:00:0b.0: irq 19, io mem 0xf0840000
Dec  9 18:46:09 server1 kernel: [    1.938910] i8042: PNP: PS/2 Controller [PNP0303:PS2K,PNP0f03:PS2M] at 0x60,0x64 irq 1,12
Dec  9 18:46:09 server1 kernel: [    1.946130] serio: i8042 KBD port at 0x60,0x64 irq 1
Dec  9 18:46:09 server1 kernel: [    1.946259] serio: i8042 AUX port at 0x60,0x64 irq 12
Dec  9 18:46:09 server1 kernel: [    1.946684] mousedev: PS/2 mouse device common for all mice
Dec  9 18:46:09 server1 kernel: [    1.951483] ehci-pci 0000:00:0b.0: USB 2.0 started, EHCI 1.00
Dec  9 18:46:09 server1 kernel: [    1.951686] usb usb2: New USB device found, idVendor=1d6b, idProduct=0002, bcdDevice= 6.02
Dec  9 18:46:09 server1 kernel: [    1.951690] usb usb2: New USB device strings: Mfr=3, Product=2, SerialNumber=1
Dec  9 18:46:09 server1 kernel: [    1.951828] usb usb2: Product: EHCI Host Controller
Dec  9 18:46:09 server1 kernel: [    1.951831] usb usb2: Manufacturer: Linux 6.2.0-37-generic ehci_hcd
Dec  9 18:46:09 server1 kernel: [    1.951832] usb usb2: SerialNumber: 0000:00:0b.0
Dec  9 18:46:09 server1 kernel: [    1.952112] hub 2-0:1.0: USB hub found
Dec  9 18:46:09 server1 kernel: [    1.952123] hub 2-0:1.0: 12 ports detected
Dec  9 18:46:09 server1 kernel: [    1.957068] input: AT Translated Set 2 keyboard as /devices/platform/i8042/serio0/input/input2
Dec  9 18:46:09 server1 kernel: [    1.959541] rtc_cmos rtc_cmos: registered as rtc0
Dec  9 18:46:09 server1 kernel: [    1.960239] rtc_cmos rtc_cmos: setting system clock to 2023-12-09T10:45:55 UTC (1702118755)
Dec  9 18:46:09 server1 kernel: [    1.960490] rtc_cmos rtc_cmos: alarms up to one day, 114 bytes nvram
Dec  9 18:46:09 server1 kernel: [    1.960507] i2c_dev: i2c /dev entries driver
Dec  9 18:46:09 server1 kernel: [    1.960657] device-mapper: core: CONFIG_IMA_DISABLE_HTABLE is disabled. Duplicate IMA measurements will not be recorded in the IMA log.
Dec  9 18:46:09 server1 kernel: [    1.960677] device-mapper: uevent: version 1.0.3
Dec  9 18:46:09 server1 kernel: [    1.961430] device-mapper: ioctl: 4.47.0-ioctl (2022-07-28) initialised: dm-devel@redhat.com
Dec  9 18:46:09 server1 kernel: [    1.961554] platform eisa.0: Probing EISA bus 0
Dec  9 18:46:09 server1 kernel: [    1.961803] platform eisa.0: EISA: Cannot allocate resource for mainboard
Dec  9 18:46:09 server1 kernel: [    1.961806] platform eisa.0: Cannot allocate resource for EISA slot 1
Dec  9 18:46:09 server1 kernel: [    1.961808] platform eisa.0: Cannot allocate resource for EISA slot 2
Dec  9 18:46:09 server1 kernel: [    1.961810] platform eisa.0: Cannot allocate resource for EISA slot 3
Dec  9 18:46:09 server1 kernel: [    1.961811] platform eisa.0: Cannot allocate resource for EISA slot 4
Dec  9 18:46:09 server1 kernel: [    1.961812] platform eisa.0: Cannot allocate resource for EISA slot 5
Dec  9 18:46:09 server1 kernel: [    1.961813] platform eisa.0: Cannot allocate resource for EISA slot 6
Dec  9 18:46:09 server1 kernel: [    1.961815] platform eisa.0: Cannot allocate resource for EISA slot 7
Dec  9 18:46:09 server1 kernel: [    1.961816] platform eisa.0: Cannot allocate resource for EISA slot 8
Dec  9 18:46:09 server1 kernel: [    1.961817] platform eisa.0: EISA: Detected 0 cards
Dec  9 18:46:09 server1 kernel: [    1.961822] intel_pstate: CPU model not supported
Dec  9 18:46:09 server1 kernel: [    1.963706] ledtrig-cpu: registered to indicate activity on CPUs
Dec  9 18:46:09 server1 kernel: [    1.963901] drop_monitor: Initializing network drop monitor service
Dec  9 18:46:09 server1 kernel: [    2.041241] NET: Registered PF_INET6 protocol family
Dec  9 18:46:09 server1 kernel: [    2.066629] ata2.00: ATAPI: VBOX CD-ROM, 1.0, max UDMA/133
Dec  9 18:46:09 server1 kernel: [    2.074100] scsi 1:0:0:0: CD-ROM            VBOX     CD-ROM           1.0  PQ: 0 ANSI: 5
Dec  9 18:46:09 server1 kernel: [    2.109966] sr 1:0:0:0: [sr0] scsi3-mmc drive: 32x/32x xa/form2 tray
Dec  9 18:46:09 server1 kernel: [    2.109976] cdrom: Uniform CD-ROM driver Revision: 3.20
Dec  9 18:46:09 server1 kernel: [    2.143949] sr 1:0:0:0: Attached scsi CD-ROM sr0
Dec  9 18:46:09 server1 kernel: [    2.145467] sr 1:0:0:0: Attached scsi generic sg0 type 5
Dec  9 18:46:09 server1 kernel: [    2.335209] usb 1-1: new full-speed USB device number 2 using ohci-pci
Dec  9 18:46:09 server1 kernel: [    2.698707] usb 1-1: New USB device found, idVendor=80ee, idProduct=0021, bcdDevice= 1.00
Dec  9 18:46:09 server1 kernel: [    2.698713] usb 1-1: New USB device strings: Mfr=1, Product=3, SerialNumber=0
Dec  9 18:46:09 server1 kernel: [    2.698716] usb 1-1: Product: USB Tablet
Dec  9 18:46:09 server1 kernel: [    2.698717] usb 1-1: Manufacturer: VirtualBox
Dec  9 18:46:09 server1 kernel: [    4.501369] Freeing initrd memory: 72576K
Dec  9 18:46:09 server1 kernel: [    4.527649] Segment Routing with IPv6
Dec  9 18:46:09 server1 kernel: [    4.527667] In-situ OAM (IOAM) with IPv6
Dec  9 18:46:09 server1 kernel: [    4.527701] NET: Registered PF_PACKET protocol family
Dec  9 18:46:09 server1 kernel: [    4.528350] Key type dns_resolver registered
Dec  9 18:46:09 server1 kernel: [    4.531409] IPI shorthand broadcast: enabled
Dec  9 18:46:09 server1 kernel: [    4.534520] sched_clock: Marking stable (4424159270, 106476008)->(4571744302, -41109024)
Dec  9 18:46:09 server1 kernel: [    4.536884] registered taskstats version 1
Dec  9 18:46:09 server1 kernel: [    4.540075] Loading compiled-in X.509 certificates
Dec  9 18:46:09 server1 kernel: [    4.541345] Loaded X.509 cert 'Build time autogenerated kernel key: 82b107d8f947716d21bc742503389c523b4ebc82'
Dec  9 18:46:09 server1 kernel: [    4.541924] Loaded X.509 cert 'Canonical Ltd. Live Patch Signing: 14df34d1a87cf37625abec039ef2bf521249b969'
Dec  9 18:46:09 server1 kernel: [    4.542662] Loaded X.509 cert 'Canonical Ltd. Kernel Module Signing: 88f752e560a1e0737e31163a466ad7b70a850c19'
Dec  9 18:46:09 server1 kernel: [    4.542665] blacklist: Loading compiled-in revocation X.509 certificates
Dec  9 18:46:09 server1 kernel: [    4.542687] Loaded X.509 cert 'Canonical Ltd. Secure Boot Signing: 61482aa2830d0ab2ad5af10b7250da9033ddcef0'
Dec  9 18:46:09 server1 kernel: [    4.542703] Loaded X.509 cert 'Canonical Ltd. Secure Boot Signing (2017): 242ade75ac4a15e50d50c84b0d45ff3eae707a03'
Dec  9 18:46:09 server1 kernel: [    4.543130] Loaded X.509 cert 'Canonical Ltd. Secure Boot Signing (ESM 2018): 365188c1d374d6b07c3c8f240f8ef722433d6a8b'
Dec  9 18:46:09 server1 kernel: [    4.543189] Loaded X.509 cert 'Canonical Ltd. Secure Boot Signing (2019): c0746fd6c5da3ae827864651ad66ae47fe24b3e8'
Dec  9 18:46:09 server1 kernel: [    4.543207] Loaded X.509 cert 'Canonical Ltd. Secure Boot Signing (2021 v1): a8d54bbb3825cfb94fa13c9f8a594a195c107b8d'
Dec  9 18:46:09 server1 kernel: [    4.543514] Loaded X.509 cert 'Canonical Ltd. Secure Boot Signing (2021 v2): 4cf046892d6fd3c9a5b03f98d845f90851dc6a8c'
Dec  9 18:46:09 server1 kernel: [    4.543536] Loaded X.509 cert 'Canonical Ltd. Secure Boot Signing (2021 v3): 100437bb6de6e469b581e61cd66bce3ef4ed53af'
Dec  9 18:46:09 server1 kernel: [    4.543552] Loaded X.509 cert 'Canonical Ltd. Secure Boot Signing (Ubuntu Core 2019): c1d57b8f6b743f23ee41f4f7ee292f06eecadfb9'
Dec  9 18:46:09 server1 kernel: [    4.549439] zswap: loaded using pool lzo/zbud
Dec  9 18:46:09 server1 kernel: [    4.560469] Key type .fscrypt registered
Dec  9 18:46:09 server1 kernel: [    4.560473] Key type fscrypt-provisioning registered
Dec  9 18:46:09 server1 kernel: [    4.582257] Key type encrypted registered
Dec  9 18:46:09 server1 kernel: [    4.582266] AppArmor: AppArmor sha1 policy hashing enabled
Dec  9 18:46:09 server1 kernel: [    4.582281] ima: No TPM chip found, activating TPM-bypass!
Dec  9 18:46:09 server1 kernel: [    4.582287] Loading compiled-in module X.509 certificates
Dec  9 18:46:09 server1 kernel: [    4.583105] Loaded X.509 cert 'Build time autogenerated kernel key: 82b107d8f947716d21bc742503389c523b4ebc82'
Dec  9 18:46:09 server1 kernel: [    4.583110] ima: Allocated hash algorithm: sha1
Dec  9 18:46:09 server1 kernel: [    4.583118] ima: No architecture policies found
Dec  9 18:46:09 server1 kernel: [    4.583214] evm: Initialising EVM extended attributes:
Dec  9 18:46:09 server1 kernel: [    4.583215] evm: security.selinux
Dec  9 18:46:09 server1 kernel: [    4.583217] evm: security.SMACK64
Dec  9 18:46:09 server1 kernel: [    4.583218] evm: security.SMACK64EXEC
Dec  9 18:46:09 server1 kernel: [    4.583219] evm: security.SMACK64TRANSMUTE
Dec  9 18:46:09 server1 kernel: [    4.583220] evm: security.SMACK64MMAP
Dec  9 18:46:09 server1 kernel: [    4.583220] evm: security.apparmor
Dec  9 18:46:09 server1 kernel: [    4.583221] evm: security.ima
Dec  9 18:46:09 server1 kernel: [    4.583222] evm: security.capability
Dec  9 18:46:09 server1 kernel: [    4.583223] evm: HMAC attrs: 0x1
Dec  9 18:46:09 server1 kernel: [    4.584082] PM:   Magic number: 3:10:780
Dec  9 18:46:09 server1 kernel: [    4.585847] RAS: Correctable Errors collector initialized.
Dec  9 18:46:09 server1 kernel: [    4.590825] Freeing unused decrypted memory: 2036K
Dec  9 18:46:09 server1 kernel: [    4.592069] Freeing unused kernel image (initmem) memory: 4768K
Dec  9 18:46:09 server1 kernel: [    4.614934] Write protecting the kernel read-only data: 34816k
Dec  9 18:46:09 server1 kernel: [    4.616665] Freeing unused kernel image (rodata/data gap) memory: 1604K
Dec  9 18:46:09 server1 kernel: [    4.681090] x86/mm: Checked W+X mappings: passed, no W+X pages found.
Dec  9 18:46:09 server1 kernel: [    4.681096] x86/mm: Checking user space page tables
Dec  9 18:46:09 server1 kernel: [    4.743664] x86/mm: Checked W+X mappings: passed, no W+X pages found.
Dec  9 18:46:09 server1 kernel: [    4.743695] Run /init as init process
Dec  9 18:46:09 server1 kernel: [    4.743698]   with arguments:
Dec  9 18:46:09 server1 kernel: [    4.743699]     /init
Dec  9 18:46:09 server1 kernel: [    4.743700]     splash
Dec  9 18:46:09 server1 kernel: [    4.743703]   with environment:
Dec  9 18:46:09 server1 kernel: [    4.743704]     HOME=/
Dec  9 18:46:09 server1 kernel: [    4.743705]     TERM=linux
Dec  9 18:46:09 server1 kernel: [    4.743706]     BOOT_IMAGE=/boot/vmlinuz-6.2.0-37-generic
Dec  9 18:46:09 server1 kernel: [    4.942468] ACPI: video: Video Device [GFX0] (multi-head: yes  rom: no  post: no)
Dec  9 18:46:09 server1 kernel: [    4.947942] input: Video Bus as /devices/LNXSYSTM:00/LNXSYBUS:00/PNP0A03:00/LNXVIDEO:00/input/input4
Dec  9 18:46:09 server1 kernel: [    4.960695] piix4_smbus 0000:00:07.0: SMBus Host Controller at 0x4100, revision 0
Dec  9 18:46:09 server1 kernel: [    5.005414] hid: raw HID events driver (C) Jiri Kosina
Dec  9 18:46:09 server1 kernel: [    5.005403] ahci 0000:00:0d.0: version 3.0
Dec  9 18:46:09 server1 kernel: [    5.016727] e1000: Intel(R) PRO/1000 Network Driver
Dec  9 18:46:09 server1 kernel: [    5.016732] e1000: Copyright (c) 1999-2006 Intel Corporation.
Dec  9 18:46:09 server1 kernel: [    5.029397] ahci 0000:00:0d.0: SSS flag set, parallel bus scan disabled
Dec  9 18:46:09 server1 kernel: [    5.032317] ahci 0000:00:0d.0: AHCI 0001.0100 32 slots 1 ports 3 Gbps 0x1 impl SATA mode
Dec  9 18:46:09 server1 kernel: [    5.032324] ahci 0000:00:0d.0: flags: 64bit ncq stag only ccc 
Dec  9 18:46:09 server1 kernel: [    5.057115] usbcore: registered new interface driver usbhid
Dec  9 18:46:09 server1 kernel: [    5.057120] usbhid: USB HID core driver
Dec  9 18:46:09 server1 kernel: [    5.062752] scsi host2: ahci
Dec  9 18:46:09 server1 kernel: [    5.065913] ata3: SATA max UDMA/133 abar m8192@0xf0842000 port 0xf0842100 irq 21
Dec  9 18:46:09 server1 kernel: [    5.146094] input: VirtualBox USB Tablet as /devices/pci0000:00/0000:00:06.0/usb1/1-1/1-1:1.0/0003:80EE:0021.0001/input/input6
Dec  9 18:46:09 server1 kernel: [    5.148559] hid-generic 0003:80EE:0021.0001: input,hidraw0: USB HID v1.10 Mouse [VirtualBox USB Tablet] on usb-0000:00:06.0-1/input0
Dec  9 18:46:09 server1 kernel: [    5.316810] input: ImExPS/2 Generic Explorer Mouse as /devices/platform/i8042/serio1/input/input5
Dec  9 18:46:09 server1 kernel: [    5.382982] ata3: SATA link up 3.0 Gbps (SStatus 123 SControl 300)
Dec  9 18:46:09 server1 kernel: [    5.383685] ata3.00: ATA-6: VBOX HARDDISK, 1.0, max UDMA/133
Dec  9 18:46:09 server1 kernel: [    5.383690] ata3.00: 167772032 sectors, multi 128: LBA48 NCQ (depth 32)
Dec  9 18:46:09 server1 kernel: [    5.384832] ata3.00: configured for UDMA/133
Dec  9 18:46:09 server1 kernel: [    5.385470] scsi 2:0:0:0: Direct-Access     ATA      VBOX HARDDISK    1.0  PQ: 0 ANSI: 5
Dec  9 18:46:09 server1 kernel: [    5.386594] sd 2:0:0:0: [sda] 167772032 512-byte logical blocks: (85.9 GB/80.0 GiB)
Dec  9 18:46:09 server1 kernel: [    5.386614] sd 2:0:0:0: [sda] Write Protect is off
Dec  9 18:46:09 server1 kernel: [    5.386619] sd 2:0:0:0: [sda] Mode Sense: 00 3a 00 00
Dec  9 18:46:09 server1 kernel: [    5.386635] sd 2:0:0:0: [sda] Write cache: enabled, read cache: enabled, doesn't support DPO or FUA
Dec  9 18:46:09 server1 kernel: [    5.386658] sd 2:0:0:0: [sda] Preferred minimum I/O size 512 bytes
Dec  9 18:46:09 server1 kernel: [    5.387727] sd 2:0:0:0: Attached scsi generic sg1 type 0
Dec  9 18:46:09 server1 kernel: [    5.402873]  sda: sda1 sda2 sda3
Dec  9 18:46:09 server1 kernel: [    5.404431] sd 2:0:0:0: [sda] Attached SCSI disk
Dec  9 18:46:09 server1 kernel: [    6.031790] e1000 0000:00:03.0 eth0: (PCI:33MHz:32-bit) 08:00:27:5c:ec:25
Dec  9 18:46:09 server1 kernel: [    6.031803] e1000 0000:00:03.0 eth0: Intel(R) PRO/1000 Network Connection
Dec  9 18:46:09 server1 kernel: [    6.910697] e1000 0000:00:08.0 eth1: (PCI:33MHz:32-bit) 08:00:27:f5:ec:b7
Dec  9 18:46:09 server1 kernel: [    6.910707] e1000 0000:00:08.0 eth1: Intel(R) PRO/1000 Network Connection
Dec  9 18:46:09 server1 kernel: [    6.916923] e1000 0000:00:03.0 enp0s3: renamed from eth0
Dec  9 18:46:09 server1 kernel: [    6.955846] e1000 0000:00:08.0 enp0s8: renamed from eth1
Dec  9 18:46:09 server1 kernel: [   10.681161] EXT4-fs (sda3): mounted filesystem 6990e70b-a9a0-4761-a34f-3cb5742c83ea with ordered data mode. Quota mode: none.
Dec  9 18:46:09 server1 kernel: [   12.233844] EXT4-fs (sda3): re-mounted 6990e70b-a9a0-4761-a34f-3cb5742c83ea. Quota mode: none.
Dec  9 18:46:09 server1 kernel: [   12.267768] lp: driver loaded but no devices found
Dec  9 18:46:09 server1 kernel: [   12.315720] ppdev: user-space parallel port driver
Dec  9 18:46:09 server1 kernel: [   12.321196] ACPI: bus type drm_connector registered
Dec  9 18:46:09 server1 kernel: [   12.336188] Adding 3991548k swap on /swapfile.  Priority:-2 extents:9 across:4302844k FS
Dec  9 18:46:09 server1 kernel: [   12.549918] vmwgfx 0000:00:02.0: vgaarb: deactivate vga console
Dec  9 18:46:09 server1 kernel: [   12.550998] Console: switching to colour dummy device 80x25
Dec  9 18:46:09 server1 kernel: [   12.555384] vmwgfx 0000:00:02.0: [drm] FIFO at 0x00000000f0000000 size is 2048 kiB
Dec  9 18:46:09 server1 kernel: [   12.555674] vmwgfx 0000:00:02.0: [drm] VRAM at 0x00000000e0000000 size is 16384 kiB
Dec  9 18:46:09 server1 kernel: [   12.555907] vmwgfx 0000:00:02.0: [drm] Running on SVGA version 2.
Dec  9 18:46:09 server1 kernel: [   12.555964] vmwgfx 0000:00:02.0: [drm] Capabilities: rect copy, cursor, cursor bypass, cursor bypass 2, alpha cursor, extended fifo, pitchlock, irq mask, gmr, traces, gmr2, screen object 2, command buffers, 
Dec  9 18:46:09 server1 kernel: [   12.555967] vmwgfx 0000:00:02.0: [drm] DMA map mode: Caching DMA mappings.
Dec  9 18:46:09 server1 kernel: [   12.556417] vmwgfx 0000:00:02.0: [drm] Legacy memory limits: VRAM = 16384 kB, FIFO = 2048 kB, surface = 507904 kB
Dec  9 18:46:09 server1 kernel: [   12.556421] vmwgfx 0000:00:02.0: [drm] MOB limits: max mob size = 0 kB, max mob pages = 0
Dec  9 18:46:09 server1 kernel: [   12.556423] vmwgfx 0000:00:02.0: [drm] Max GMR ids is 8192
Dec  9 18:46:09 server1 kernel: [   12.556425] vmwgfx 0000:00:02.0: [drm] Max number of GMR pages is 1048576
Dec  9 18:46:09 server1 kernel: [   12.556426] vmwgfx 0000:00:02.0: [drm] Maximum display memory size is 16384 kiB
Dec  9 18:46:09 server1 kernel: [   12.558294] vmwgfx 0000:00:02.0: [drm] Screen Object display unit initialized
Dec  9 18:46:09 server1 kernel: [   12.559293] vmwgfx 0000:00:02.0: [drm] Fifo max 0x00200000 min 0x00001000 cap 0x00000355
Dec  9 18:46:09 server1 kernel: [   12.559756] vmwgfx 0000:00:02.0: [drm] Using command buffers with DMA pool.
Dec  9 18:46:09 server1 kernel: [   12.559767] vmwgfx 0000:00:02.0: [drm] Available shader model: Legacy.
Dec  9 18:46:09 server1 kernel: [   12.559802] [drm:vmw_host_printf [vmwgfx]] *ERROR* Failed to send host log message.
Dec  9 18:46:09 server1 kernel: [   12.561474] [drm] Initialized vmwgfx 2.20.0 20211206 for 0000:00:02.0 on minor 0
Dec  9 18:46:09 server1 kernel: [   12.566726] fbcon: vmwgfxdrmfb (fb0) is primary device
Dec  9 18:46:09 server1 kernel: [   12.582767] loop0: detected capacity change from 0 to 8
Dec  9 18:46:09 server1 kernel: [   12.601091] loop1: detected capacity change from 0 to 151784
Dec  9 18:46:09 server1 kernel: [   12.617301] loop2: detected capacity change from 0 to 129944
Dec  9 18:46:09 server1 kernel: [   12.623329] loop3: detected capacity change from 0 to 485800
Dec  9 18:46:09 server1 kernel: [   12.641926] loop4: detected capacity change from 0 to 716176
Dec  9 18:46:09 server1 kernel: [   12.644760] loop5: detected capacity change from 0 to 129976
Dec  9 18:46:09 server1 kernel: [   12.658701] loop6: detected capacity change from 0 to 151296
Dec  9 18:46:09 server1 kernel: [   12.666583] loop7: detected capacity change from 0 to 187776
Dec  9 18:46:09 server1 kernel: [   12.682995] loop8: detected capacity change from 0 to 109072
Dec  9 18:46:09 server1 kernel: [   12.712542] Console: switching to colour frame buffer device 160x50
Dec  9 18:46:09 server1 kernel: [   12.716276] loop11: detected capacity change from 0 to 904
Dec  9 18:46:09 server1 kernel: [   12.733216] loop9: detected capacity change from 0 to 994336
Dec  9 18:46:09 server1 kernel: [   12.746937] loop10: detected capacity change from 0 to 1017816
Dec  9 18:46:09 server1 kernel: [   12.767897] loop12: detected capacity change from 0 to 25240
Dec  9 18:46:09 server1 kernel: [   12.799133] vmwgfx 0000:00:02.0: [drm] fb0: vmwgfxdrmfb frame buffer device
Dec  9 18:46:09 server1 kernel: [   13.272099] vboxguest: host-version: 7.0.12r159484 0x8000000f
Dec  9 18:46:09 server1 kernel: [   13.275635] vbg_heartbeat_init: Setting up heartbeat to trigger every 2000 milliseconds
Dec  9 18:46:09 server1 kernel: [   13.289394] input: VirtualBox mouse integration as /devices/pci0000:00/0000:00:04.0/input/input7
Dec  9 18:46:09 server1 kernel: [   13.507787] RAPL PMU: API unit is 2^-32 Joules, 0 fixed counters, 10737418240 ms ovfl timer
Dec  9 18:46:09 server1 kernel: [   13.531093] cryptd: max_cpu_qlen set to 1000
Dec  9 18:46:09 server1 kernel: [   13.849697] SSE version of gcm_enc/dec engaged.
Dec  9 18:46:09 server1 kernel: [   14.446562] audit: type=1400 audit(1702118767.980:2): apparmor="STATUS" operation="profile_load" profile="unconfined" name="lsb_release" pid=418 comm="apparmor_parser"
Dec  9 18:46:09 server1 kernel: [   14.459684] audit: type=1400 audit(1702118767.988:3): apparmor="STATUS" operation="profile_load" profile="unconfined" name="nvidia_modprobe" pid=419 comm="apparmor_parser"
Dec  9 18:46:09 server1 kernel: [   14.459696] audit: type=1400 audit(1702118767.988:4): apparmor="STATUS" operation="profile_load" profile="unconfined" name="nvidia_modprobe//kmod" pid=419 comm="apparmor_parser"
Dec  9 18:46:09 server1 kernel: [   14.470358] audit: type=1400 audit(1702118767.988:5): apparmor="STATUS" operation="profile_load" profile="unconfined" name="/usr/lib/NetworkManager/nm-dhcp-client.action" pid=420 comm="apparmor_parser"
Dec  9 18:46:09 server1 kernel: [   14.470365] audit: type=1400 audit(1702118767.988:6): apparmor="STATUS" operation="profile_load" profile="unconfined" name="/usr/lib/NetworkManager/nm-dhcp-helper" pid=420 comm="apparmor_parser"
Dec  9 18:46:09 server1 kernel: [   14.470368] audit: type=1400 audit(1702118767.988:7): apparmor="STATUS" operation="profile_load" profile="unconfined" name="/usr/lib/connman/scripts/dhclient-script" pid=420 comm="apparmor_parser"
Dec  9 18:46:09 server1 kernel: [   14.470370] audit: type=1400 audit(1702118767.988:8): apparmor="STATUS" operation="profile_load" profile="unconfined" name="/{,usr/}sbin/dhclient" pid=420 comm="apparmor_parser"
Dec  9 18:46:09 server1 kernel: [   14.482518] audit: type=1400 audit(1702118767.988:9): apparmor="STATUS" operation="profile_load" profile="unconfined" name="/usr/bin/man" pid=431 comm="apparmor_parser"
Dec  9 18:46:09 server1 kernel: [   14.482531] audit: type=1400 audit(1702118767.988:10): apparmor="STATUS" operation="profile_load" profile="unconfined" name="man_filter" pid=431 comm="apparmor_parser"
Dec  9 18:46:09 server1 kernel: [   14.482537] audit: type=1400 audit(1702118767.988:11): apparmor="STATUS" operation="profile_load" profile="unconfined" name="man_groff" pid=431 comm="apparmor_parser"
Dec  9 18:46:09 server1 kernel: [   14.644129] snd_intel8x0 0000:00:05.0: allow list rate for 1028:0177 is 48000
Dec  9 18:46:10 server1 kernel: [   17.025045] e1000: enp0s3 NIC Link is Up 1000 Mbps Full Duplex, Flow Control: RX
Dec  9 18:46:10 server1 kernel: [   17.043088] IPv6: ADDRCONF(NETDEV_CHANGE): enp0s3: link becomes ready
Dec  9 18:46:10 server1 kernel: [   17.076562] e1000: enp0s8 NIC Link is Up 1000 Mbps Full Duplex, Flow Control: RX
Dec  9 18:46:11 server1 kernel: [   18.051339] IPv6: ADDRCONF(NETDEV_CHANGE): enp0s8: link becomes ready
Dec  9 18:46:16 server1 kernel: [   22.504312] loop13: detected capacity change from 0 to 8
Dec  9 18:46:21 server1 kernel: [   27.755855] kauditd_printk_skb: 36 callbacks suppressed
Dec  9 18:46:21 server1 kernel: [   27.755861] audit: type=1400 audit(1702118781.292:48): apparmor="DENIED" operation="capable" class="cap" profile="/snap/snapd/19457/usr/lib/snapd/snap-confine" pid=1004 comm="snap-confine" capability=12  capname="net_admin"
Dec  9 18:46:21 server1 kernel: [   27.755871] audit: type=1400 audit(1702118781.292:49): apparmor="DENIED" operation="capable" class="cap" profile="/snap/snapd/19457/usr/lib/snapd/snap-confine" pid=1004 comm="snap-confine" capability=38  capname="perfmon"
Dec  9 18:46:38 server1 kernel: [   44.828483] rfkill: input handler disabled
Dec  9 18:56:56 server1 kernel: [  641.615775] ohci-pci 0000:00:06.0: frame counter not updating; disabled
Dec  9 18:56:56 server1 kernel: [  641.618943] ohci-pci 0000:00:06.0: HC died; cleaning up
Dec  9 18:56:56 server1 kernel: [  641.630719] usb 1-1: USB disconnect, device number 2
Dec  9 18:58:44 server1 kernel: [  749.724534] e1000: enp0s3 NIC Link is Down
Dec  9 18:58:44 server1 kernel: [  749.725441] e1000: enp0s8 NIC Link is Down
Dec  9 18:58:50 server1 kernel: [  755.104623] e1000: enp0s3 NIC Link is Up 1000 Mbps Full Duplex, Flow Control: RX
Dec  9 18:58:50 server1 kernel: [  755.114043] e1000: enp0s8 NIC Link is Up 1000 Mbps Full Duplex, Flow Control: RX
Dec  9 19:18:56 server1 kernel: [  836.250670] audit: type=1400 audit(1702120736.841:50): apparmor="STATUS" operation="profile_load" profile="unconfined" name="/usr/sbin/chronyd" pid=6019 comm="apparmor_parser"
Dec  9 19:26:52 server1 kernel: [ 1311.720553] hrtimer: interrupt took 20608596 ns
Dec  9 19:28:29 server1 kernel: [ 1408.947226] audit: type=1400 audit(1702121309.514:51): apparmor="STATUS" operation="profile_load" profile="unconfined" name="swtpm" pid=9505 comm="apparmor_parser"
Dec  9 19:28:34 server1 kernel: [ 1413.920301] audit: type=1400 audit(1702121314.530:52): apparmor="STATUS" operation="profile_load" profile="unconfined" name="virt-aa-helper" pid=9747 comm="apparmor_parser"
Dec  9 19:28:34 server1 kernel: [ 1414.116867] audit: type=1400 audit(1702121314.726:53): apparmor="STATUS" operation="profile_load" profile="unconfined" name="libvirtd" pid=9753 comm="apparmor_parser"
Dec  9 19:28:34 server1 kernel: [ 1414.131479] audit: type=1400 audit(1702121314.742:54): apparmor="STATUS" operation="profile_load" profile="unconfined" name="libvirtd//qemu_bridge_helper" pid=9753 comm="apparmor_parser"
Dec  9 19:28:39 server1 kernel: [ 1419.074309] bridge: filtering via arp/ip/ip6tables is no longer available by default. Update your scripts to load br_netfilter if you need this.
Dec  9 19:29:40 server1 kernel: [ 1479.612388] audit: type=1400 audit(1702121380.222:55): apparmor="STATUS" operation="profile_remove" info="profile does not exist" error=-2 profile="unconfined" name="/usr/sbin/mariadbd" pid=11086 comm="apparmor_parser"
Dec  9 19:56:53 server1 kernel: [ 3112.500941] loop13: detected capacity change from 0 to 264032
Dec  9 19:56:55 server1 kernel: [ 3114.911875] audit: type=1400 audit(1702123015.536:56): apparmor="STATUS" operation="profile_load" profile="unconfined" name="snap-update-ns.docker" pid=19538 comm="apparmor_parser"
Dec  9 19:56:55 server1 kernel: [ 3115.098730] audit: type=1400 audit(1702123015.728:57): apparmor="STATUS" operation="profile_load" profile="unconfined" name="snap.docker.compose" pid=19539 comm="apparmor_parser"
Dec  9 19:56:56 server1 kernel: [ 3115.480542] audit: type=1400 audit(1702123016.108:58): apparmor="STATUS" operation="profile_load" profile="unconfined" name="snap.docker.docker" pid=19540 comm="apparmor_parser"
Dec  9 19:56:57 server1 kernel: [ 3116.534148] audit: type=1400 audit(1702123017.148:59): apparmor="STATUS" operation="profile_load" profile="unconfined" name="snap.docker.dockerd" pid=19541 comm="apparmor_parser"
Dec  9 19:56:57 server1 kernel: [ 3116.866734] audit: type=1400 audit(1702123017.496:60): apparmor="STATUS" operation="profile_load" profile="unconfined" name="snap.docker.help" pid=19548 comm="apparmor_parser"
Dec  9 19:56:57 server1 kernel: [ 3117.071508] audit: type=1400 audit(1702123017.544:61): apparmor="STATUS" operation="profile_load" profile="unconfined" name="snap.docker.hook.configure" pid=19549 comm="apparmor_parser"
Dec  9 19:56:57 server1 kernel: [ 3117.292508] audit: type=1400 audit(1702123017.920:62): apparmor="STATUS" operation="profile_load" profile="unconfined" name="snap.docker.hook.connect-plug-graphics-core22" pid=19550 comm="apparmor_parser"
Dec  9 19:56:58 server1 kernel: [ 3117.484506] audit: type=1400 audit(1702123018.116:63): apparmor="STATUS" operation="profile_load" profile="unconfined" name="snap.docker.hook.install" pid=19552 comm="apparmor_parser"
Dec  9 19:56:58 server1 kernel: [ 3117.708969] audit: type=1400 audit(1702123018.128:64): apparmor="STATUS" operation="profile_load" profile="unconfined" name="snap.docker.hook.post-refresh" pid=19556 comm="apparmor_parser"
Dec  9 19:56:58 server1 kernel: [ 3117.893884] audit: type=1400 audit(1702123018.524:65): apparmor="STATUS" operation="profile_load" profile="unconfined" name="snap.docker.nvidia-container-toolkit" pid=19558 comm="apparmor_parser"
Dec  9 19:57:01 server1 kernel: [ 3121.234082] Bridge firewalling registered
Dec  9 19:57:02 server1 kernel: [ 3121.774460] audit: type=1400 audit(1702123022.388:66): apparmor="STATUS" operation="profile_replace" info="same as current profile, skipping" profile="unconfined" name="/snap/snapd/19457/usr/lib/snapd/snap-confine" pid=19621 comm="apparmor_parser"
Dec  9 19:57:02 server1 kernel: [ 3121.774473] audit: type=1400 audit(1702123022.388:67): apparmor="STATUS" operation="profile_replace" info="same as current profile, skipping" profile="unconfined" name="/snap/snapd/19457/usr/lib/snapd/snap-confine//mount-namespace-capture-helper" pid=19621 comm="apparmor_parser"
Dec  9 19:57:02 server1 kernel: [ 3121.823990] audit: type=1400 audit(1702123022.420:68): apparmor="STATUS" operation="profile_replace" profile="unconfined" name="snap-update-ns.docker" pid=19623 comm="apparmor_parser"
Dec  9 19:57:02 server1 kernel: [ 3122.265294] audit: type=1400 audit(1702123022.768:69): apparmor="STATUS" operation="profile_replace" profile="unconfined" name="snap.docker.compose" pid=19624 comm="apparmor_parser"
Dec  9 19:57:03 server1 kernel: [ 3122.661613] audit: type=1400 audit(1702123022.904:70): apparmor="STATUS" operation="profile_replace" profile="unconfined" name="snap.docker.docker" pid=19625 comm="apparmor_parser"
Dec  9 19:57:05 server1 kernel: [ 3124.490161] audit: type=1400 audit(1702123025.100:71): apparmor="STATUS" operation="profile_replace" profile="unconfined" name="snap.docker.dockerd" pid=19626 comm="apparmor_parser"
Dec  9 19:57:05 server1 kernel: [ 3124.942912] audit: type=1400 audit(1702123025.536:72): apparmor="STATUS" operation="profile_replace" profile="unconfined" name="snap.docker.help" pid=19629 comm="apparmor_parser"
Dec  9 19:57:05 server1 kernel: [ 3125.306901] audit: type=1400 audit(1702123025.920:73): apparmor="STATUS" operation="profile_replace" profile="unconfined" name="snap.docker.hook.configure" pid=19634 comm="apparmor_parser"
Dec  9 19:57:06 server1 kernel: [ 3125.726596] audit: type=1400 audit(1702123026.304:74): apparmor="STATUS" operation="profile_replace" profile="unconfined" name="snap.docker.hook.connect-plug-graphics-core22" pid=19636 comm="apparmor_parser"
Dec  9 19:57:06 server1 kernel: [ 3126.190988] audit: type=1400 audit(1702123026.820:75): apparmor="STATUS" operation="profile_replace" profile="unconfined" name="snap.docker.hook.install" pid=19642 comm="apparmor_parser"
Dec  9 19:57:07 server1 kernel: [ 3126.962861] kauditd_printk_skb: 1 callbacks suppressed
Dec  9 19:57:07 server1 kernel: [ 3126.962864] audit: type=1400 audit(1702123027.588:77): apparmor="STATUS" operation="profile_replace" profile="unconfined" name="snap.docker.nvidia-container-toolkit" pid=19645 comm="apparmor_parser"
Dec  9 19:57:14 server1 kernel: [ 3134.352844] audit: type=1400 audit(1702123034.984:78): apparmor="DENIED" operation="capable" class="cap" profile="snap.docker.hook.configure" pid=19782 comm="configure" capability=1  capname="dac_override"
Dec  9 19:57:15 server1 kernel: [ 3134.397051] overlayfs: missing 'lowerdir'
Dec  9 19:57:24 server1 kernel: [ 3144.241909] audit: type=1400 audit(1702123044.852:79): apparmor="DENIED" operation="ptrace" class="ptrace" profile="snap.docker.dockerd" pid=19923 comm="ps" requested_mask="read" denied_mask="read" peer="/usr/sbin/cupsd"
Dec  9 19:57:24 server1 kernel: [ 3144.242542] audit: type=1400 audit(1702123044.852:80): apparmor="DENIED" operation="ptrace" class="ptrace" profile="snap.docker.dockerd" pid=19923 comm="ps" requested_mask="read" denied_mask="read" peer="/usr/sbin/cupsd"
Dec  9 19:57:24 server1 kernel: [ 3144.242838] audit: type=1400 audit(1702123044.852:81): apparmor="DENIED" operation="ptrace" class="ptrace" profile="snap.docker.dockerd" pid=19923 comm="ps" requested_mask="read" denied_mask="read" peer="/usr/sbin/cups-browsed"
Dec  9 19:57:24 server1 kernel: [ 3144.247590] audit: type=1400 audit(1702123044.852:82): apparmor="DENIED" operation="ptrace" class="ptrace" profile="snap.docker.dockerd" pid=19923 comm="ps" requested_mask="read" denied_mask="read" peer="snap.snapd-desktop-integration.snapd-desktop-integration"
Dec  9 19:57:24 server1 kernel: [ 3144.262396] audit: type=1400 audit(1702123044.880:83): apparmor="DENIED" operation="ptrace" class="ptrace" profile="snap.docker.dockerd" pid=19923 comm="ps" requested_mask="read" denied_mask="read" peer="snap.snapd-desktop-integration.snapd-desktop-integration"
Dec  9 19:57:24 server1 kernel: [ 3144.282934] audit: type=1400 audit(1702123044.904:84): apparmor="DENIED" operation="ptrace" class="ptrace" profile="snap.docker.dockerd" pid=19923 comm="ps" requested_mask="read" denied_mask="read" peer="/usr/sbin/chronyd"
Dec  9 19:57:24 server1 kernel: [ 3144.283197] audit: type=1400 audit(1702123044.904:85): apparmor="DENIED" operation="ptrace" class="ptrace" profile="snap.docker.dockerd" pid=19923 comm="ps" requested_mask="read" denied_mask="read" peer="/usr/sbin/chronyd"
Dec  9 19:57:24 server1 kernel: [ 3144.283747] audit: type=1400 audit(1702123044.904:86): apparmor="DENIED" operation="ptrace" class="ptrace" profile="snap.docker.dockerd" pid=19923 comm="ps" requested_mask="read" denied_mask="read" peer="libvirtd"
Dec  9 19:57:25 server1 kernel: [ 3144.410239] audit: type=1400 audit(1702123045.040:87): apparmor="STATUS" operation="profile_load" profile="snap.docker.dockerd" name="docker-default" pid=19925 comm="apparmor_parser"
Dec  9 19:57:25 server1 kernel: [ 3144.497943] spl: loading out-of-tree module taints kernel.
Dec  9 19:57:25 server1 kernel: [ 3144.560656] znvpair: module license 'CDDL' taints kernel.
Dec  9 19:57:25 server1 kernel: [ 3144.560661] Disabling lock debugging due to kernel taint
Dec  9 19:57:26 server1 kernel: [ 3145.936402] ZFS: Loaded module v2.1.9-2ubuntu1.1, ZFS pool version 5000, ZFS filesystem version 5
Dec  9 19:57:27 server1 kernel: [ 3146.766513] Initializing XFRM netlink socket
Dec  9 20:00:31 server1 kernel: [ 3330.983672] rfkill: input handler enabled
Mar  7 16:43:53 server1 kernel: [    0.000000] Linux version 6.2.0-37-generic (buildd@bos03-amd64-055) (x86_64-linux-gnu-gcc-11 (Ubuntu 11.4.0-1ubuntu1~22.04) 11.4.0, GNU ld (GNU Binutils for Ubuntu) 2.38) #38~22.04.1-Ubuntu SMP PREEMPT_DYNAMIC Thu Nov  2 18:01:13 UTC 2 (Ubuntu 6.2.0-37.38~22.04.1-generic 6.2.16)
Mar  7 16:43:53 server1 kernel: [    0.000000] Command line: BOOT_IMAGE=/boot/vmlinuz-6.2.0-37-generic root=UUID=6990e70b-a9a0-4761-a34f-3cb5742c83ea ro quiet splash
Mar  7 16:43:53 server1 kernel: [    0.000000] KERNEL supported cpus:
Mar  7 16:43:53 server1 kernel: [    0.000000]   Intel GenuineIntel
Mar  7 16:43:53 server1 kernel: [    0.000000]   AMD AuthenticAMD
Mar  7 16:43:53 server1 kernel: [    0.000000]   Hygon HygonGenuine
Mar  7 16:43:53 server1 kernel: [    0.000000]   Centaur CentaurHauls
Mar  7 16:43:53 server1 kernel: [    0.000000]   zhaoxin   Shanghai  
Mar  7 16:43:53 server1 kernel: [    0.000000] BIOS-provided physical RAM map:
Mar  7 16:43:53 server1 kernel: [    0.000000] BIOS-e820: [mem 0x0000000000000000-0x000000000009fbff] usable
Mar  7 16:43:53 server1 kernel: [    0.000000] BIOS-e820: [mem 0x000000000009fc00-0x000000000009ffff] reserved
Mar  7 16:43:53 server1 kernel: [    0.000000] BIOS-e820: [mem 0x00000000000f0000-0x00000000000fffff] reserved
Mar  7 16:43:53 server1 kernel: [    0.000000] BIOS-e820: [mem 0x0000000000100000-0x00000000dffeffff] usable
Mar  7 16:43:53 server1 kernel: [    0.000000] BIOS-e820: [mem 0x00000000dfff0000-0x00000000dfffffff] ACPI data
Mar  7 16:43:53 server1 kernel: [    0.000000] BIOS-e820: [mem 0x00000000fec00000-0x00000000fec00fff] reserved
Mar  7 16:43:53 server1 kernel: [    0.000000] BIOS-e820: [mem 0x00000000fee00000-0x00000000fee00fff] reserved
Mar  7 16:43:53 server1 kernel: [    0.000000] BIOS-e820: [mem 0x00000000fffc0000-0x00000000ffffffff] reserved
Mar  7 16:43:53 server1 kernel: [    0.000000] BIOS-e820: [mem 0x0000000100000000-0x000000011fffffff] usable
Mar  7 16:43:53 server1 kernel: [    0.000000] NX (Execute Disable) protection: active
Mar  7 16:43:53 server1 kernel: [    0.000000] SMBIOS 2.5 present.
Mar  7 16:43:53 server1 kernel: [    0.000000] DMI: innotek GmbH VirtualBox/VirtualBox, BIOS VirtualBox 12/01/2006
Mar  7 16:43:53 server1 kernel: [    0.000000] Hypervisor detected: KVM
Mar  7 16:43:53 server1 kernel: [    0.000000] kvm-clock: Using msrs 4b564d01 and 4b564d00
Mar  7 16:43:53 server1 kernel: [    0.000004] kvm-clock: using sched offset of 12574152563 cycles
Mar  7 16:43:53 server1 kernel: [    0.000007] clocksource: kvm-clock: mask: 0xffffffffffffffff max_cycles: 0x1cd42e4dffb, max_idle_ns: 881590591483 ns
Mar  7 16:43:53 server1 kernel: [    0.000011] tsc: Detected 2592.006 MHz processor
Mar  7 16:43:53 server1 kernel: [    0.004108] e820: update [mem 0x00000000-0x00000fff] usable ==> reserved
Mar  7 16:43:53 server1 kernel: [    0.004115] e820: remove [mem 0x000a0000-0x000fffff] usable
Mar  7 16:43:53 server1 kernel: [    0.004122] last_pfn = 0x120000 max_arch_pfn = 0x400000000
Mar  7 16:43:53 server1 kernel: [    0.004231] MTRRs disabled by BIOS
Mar  7 16:43:53 server1 kernel: [    0.004235] x86/PAT: Configuration [0-7]: WB  WC  UC- UC  WB  WP  UC- WT  
Mar  7 16:43:53 server1 kernel: [    0.004250] last_pfn = 0xdfff0 max_arch_pfn = 0x400000000
Mar  7 16:43:53 server1 kernel: [    0.004351] found SMP MP-table at [mem 0x0009fff0-0x0009ffff]
Mar  7 16:43:53 server1 kernel: [    0.004805] RAMDISK: [mem 0x2f22f000-0x3390efff]
Mar  7 16:43:53 server1 kernel: [    0.004821] ACPI: Early table checksum verification disabled
Mar  7 16:43:53 server1 kernel: [    0.004827] ACPI: RSDP 0x00000000000E0000 000024 (v02 VBOX  )
Mar  7 16:43:53 server1 kernel: [    0.004833] ACPI: XSDT 0x00000000DFFF0030 00003C (v01 VBOX   VBOXXSDT 00000001 ASL  00000061)
Mar  7 16:43:53 server1 kernel: [    0.004842] ACPI: FACP 0x00000000DFFF00F0 0000F4 (v04 VBOX   VBOXFACP 00000001 ASL  00000061)
Mar  7 16:43:53 server1 kernel: [    0.004850] ACPI: DSDT 0x00000000DFFF0620 002353 (v02 VBOX   VBOXBIOS 00000002 INTL 20100528)
Mar  7 16:43:53 server1 kernel: [    0.004856] ACPI: FACS 0x00000000DFFF0200 000040
Mar  7 16:43:53 server1 kernel: [    0.004861] ACPI: FACS 0x00000000DFFF0200 000040
Mar  7 16:43:53 server1 kernel: [    0.004865] ACPI: APIC 0x00000000DFFF0240 000064 (v02 VBOX   VBOXAPIC 00000001 ASL  00000061)
Mar  7 16:43:53 server1 kernel: [    0.004870] ACPI: SSDT 0x00000000DFFF02B0 00036C (v01 VBOX   VBOXCPUT 00000002 INTL 20100528)
Mar  7 16:43:53 server1 kernel: [    0.004874] ACPI: Reserving FACP table memory at [mem 0xdfff00f0-0xdfff01e3]
Mar  7 16:43:53 server1 kernel: [    0.004877] ACPI: Reserving DSDT table memory at [mem 0xdfff0620-0xdfff2972]
Mar  7 16:43:53 server1 kernel: [    0.004878] ACPI: Reserving FACS table memory at [mem 0xdfff0200-0xdfff023f]
Mar  7 16:43:53 server1 kernel: [    0.004879] ACPI: Reserving FACS table memory at [mem 0xdfff0200-0xdfff023f]
Mar  7 16:43:53 server1 kernel: [    0.004880] ACPI: Reserving APIC table memory at [mem 0xdfff0240-0xdfff02a3]
Mar  7 16:43:53 server1 kernel: [    0.004881] ACPI: Reserving SSDT table memory at [mem 0xdfff02b0-0xdfff061b]
Mar  7 16:43:53 server1 kernel: [    0.007145] No NUMA configuration found
Mar  7 16:43:53 server1 kernel: [    0.007147] Faking a node at [mem 0x0000000000000000-0x000000011fffffff]
Mar  7 16:43:53 server1 kernel: [    0.007158] NODE_DATA(0) allocated [mem 0x11ffd1000-0x11fffbfff]
Mar  7 16:43:53 server1 kernel: [    0.009190] Zone ranges:
Mar  7 16:43:53 server1 kernel: [    0.009194]   DMA      [mem 0x0000000000001000-0x0000000000ffffff]
Mar  7 16:43:53 server1 kernel: [    0.009198]   DMA32    [mem 0x0000000001000000-0x00000000ffffffff]
Mar  7 16:43:53 server1 kernel: [    0.009201]   Normal   [mem 0x0000000100000000-0x000000011fffffff]
Mar  7 16:43:53 server1 kernel: [    0.009204]   Device   empty
Mar  7 16:43:53 server1 kernel: [    0.009207] Movable zone start for each node
Mar  7 16:43:53 server1 kernel: [    0.009212] Early memory node ranges
Mar  7 16:43:53 server1 kernel: [    0.009213]   node   0: [mem 0x0000000000001000-0x000000000009efff]
Mar  7 16:43:53 server1 kernel: [    0.009215]   node   0: [mem 0x0000000000100000-0x00000000dffeffff]
Mar  7 16:43:53 server1 kernel: [    0.009218]   node   0: [mem 0x0000000100000000-0x000000011fffffff]
Mar  7 16:43:53 server1 kernel: [    0.009220] Initmem setup node 0 [mem 0x0000000000001000-0x000000011fffffff]
Mar  7 16:43:53 server1 kernel: [    0.009331] On node 0, zone DMA: 1 pages in unavailable ranges
Mar  7 16:43:53 server1 kernel: [    0.011466] On node 0, zone DMA: 97 pages in unavailable ranges
Mar  7 16:43:53 server1 kernel: [    0.575471] On node 0, zone Normal: 16 pages in unavailable ranges
Mar  7 16:43:53 server1 kernel: [    0.579241] ACPI: PM-Timer IO Port: 0x4008
Mar  7 16:43:53 server1 kernel: [    0.579851] IOAPIC[0]: apic_id 3, version 32, address 0xfec00000, GSI 0-23
Mar  7 16:43:53 server1 kernel: [    0.579861] ACPI: INT_SRC_OVR (bus 0 bus_irq 0 global_irq 2 dfl dfl)
Mar  7 16:43:53 server1 kernel: [    0.579865] ACPI: INT_SRC_OVR (bus 0 bus_irq 9 global_irq 9 low level)
Mar  7 16:43:53 server1 kernel: [    0.579874] ACPI: Using ACPI (MADT) for SMP configuration information
Mar  7 16:43:53 server1 kernel: [    0.579943] smpboot: Allowing 3 CPUs, 0 hotplug CPUs
Mar  7 16:43:53 server1 kernel: [    0.580228] PM: hibernation: Registered nosave memory: [mem 0x00000000-0x00000fff]
Mar  7 16:43:53 server1 kernel: [    0.580232] PM: hibernation: Registered nosave memory: [mem 0x0009f000-0x0009ffff]
Mar  7 16:43:53 server1 kernel: [    0.580233] PM: hibernation: Registered nosave memory: [mem 0x000a0000-0x000effff]
Mar  7 16:43:53 server1 kernel: [    0.580234] PM: hibernation: Registered nosave memory: [mem 0x000f0000-0x000fffff]
Mar  7 16:43:53 server1 kernel: [    0.580236] PM: hibernation: Registered nosave memory: [mem 0xdfff0000-0xdfffffff]
Mar  7 16:43:53 server1 kernel: [    0.580237] PM: hibernation: Registered nosave memory: [mem 0xe0000000-0xfebfffff]
Mar  7 16:43:53 server1 kernel: [    0.580238] PM: hibernation: Registered nosave memory: [mem 0xfec00000-0xfec00fff]
Mar  7 16:43:53 server1 kernel: [    0.580238] PM: hibernation: Registered nosave memory: [mem 0xfec01000-0xfedfffff]
Mar  7 16:43:53 server1 kernel: [    0.580239] PM: hibernation: Registered nosave memory: [mem 0xfee00000-0xfee00fff]
Mar  7 16:43:53 server1 kernel: [    0.580240] PM: hibernation: Registered nosave memory: [mem 0xfee01000-0xfffbffff]
Mar  7 16:43:53 server1 kernel: [    0.580241] PM: hibernation: Registered nosave memory: [mem 0xfffc0000-0xffffffff]
Mar  7 16:43:53 server1 kernel: [    0.580243] [mem 0xe0000000-0xfebfffff] available for PCI devices
Mar  7 16:43:53 server1 kernel: [    0.580246] Booting paravirtualized kernel on KVM
Mar  7 16:43:53 server1 kernel: [    0.580250] clocksource: refined-jiffies: mask: 0xffffffff max_cycles: 0xffffffff, max_idle_ns: 7645519600211568 ns
Mar  7 16:43:53 server1 kernel: [    0.580263] setup_percpu: NR_CPUS:8192 nr_cpumask_bits:3 nr_cpu_ids:3 nr_node_ids:1
Mar  7 16:43:53 server1 kernel: [    0.597472] percpu: Embedded 62 pages/cpu s217088 r8192 d28672 u524288
Mar  7 16:43:53 server1 kernel: [    0.597493] pcpu-alloc: s217088 r8192 d28672 u524288 alloc=1*2097152
Mar  7 16:43:53 server1 kernel: [    0.597502] pcpu-alloc: [0] 0 1 2 - 
Mar  7 16:43:53 server1 kernel: [    0.597786] kvm-guest: PV spinlocks enabled
Mar  7 16:43:53 server1 kernel: [    0.597791] PV qspinlock hash table entries: 256 (order: 0, 4096 bytes, linear)
Mar  7 16:43:53 server1 kernel: [    0.597811] Fallback order for Node 0: 0 
Mar  7 16:43:53 server1 kernel: [    0.597816] Built 1 zonelists, mobility grouping on.  Total pages: 1031920
Mar  7 16:43:53 server1 kernel: [    0.597820] Policy zone: Normal
Mar  7 16:43:53 server1 kernel: [    0.597823] Kernel command line: BOOT_IMAGE=/boot/vmlinuz-6.2.0-37-generic root=UUID=6990e70b-a9a0-4761-a34f-3cb5742c83ea ro quiet splash
Mar  7 16:43:53 server1 kernel: [    0.597926] Unknown kernel command line parameters "splash BOOT_IMAGE=/boot/vmlinuz-6.2.0-37-generic", will be passed to user space.
Mar  7 16:43:53 server1 kernel: [    0.597977] random: crng init done
Mar  7 16:43:53 server1 kernel: [    0.630075] Dentry cache hash table entries: 524288 (order: 10, 4194304 bytes, linear)
Mar  7 16:43:53 server1 kernel: [    0.646875] Inode-cache hash table entries: 262144 (order: 9, 2097152 bytes, linear)
Mar  7 16:43:53 server1 kernel: [    0.647232] mem auto-init: stack:off, heap alloc:on, heap free:off
Mar  7 16:43:53 server1 kernel: [    0.647245] software IO TLB: area num 4.
Mar  7 16:43:53 server1 kernel: [    1.184754] Memory: 3919884K/4193848K available (20480K kernel code, 4153K rwdata, 12732K rodata, 4768K init, 17536K bss, 273704K reserved, 0K cma-reserved)
Mar  7 16:43:53 server1 kernel: [    1.185642] SLUB: HWalign=64, Order=0-3, MinObjects=0, CPUs=3, Nodes=1
Mar  7 16:43:53 server1 kernel: [    1.185776] Kernel/User page tables isolation: enabled
Mar  7 16:43:53 server1 kernel: [    1.186270] ftrace: allocating 53440 entries in 209 pages
Mar  7 16:43:53 server1 kernel: [    1.208521] ftrace: allocated 209 pages with 4 groups
Mar  7 16:43:53 server1 kernel: [    1.212249] Dynamic Preempt: voluntary
Mar  7 16:43:53 server1 kernel: [    1.212435] rcu: Preemptible hierarchical RCU implementation.
Mar  7 16:43:53 server1 kernel: [    1.212439] rcu: 	RCU restricting CPUs from NR_CPUS=8192 to nr_cpu_ids=3.
Mar  7 16:43:53 server1 kernel: [    1.212442] 	Trampoline variant of Tasks RCU enabled.
Mar  7 16:43:53 server1 kernel: [    1.212444] 	Rude variant of Tasks RCU enabled.
Mar  7 16:43:53 server1 kernel: [    1.212445] 	Tracing variant of Tasks RCU enabled.
Mar  7 16:43:53 server1 kernel: [    1.212446] rcu: RCU calculated value of scheduler-enlistment delay is 25 jiffies.
Mar  7 16:43:53 server1 kernel: [    1.212448] rcu: Adjusting geometry for rcu_fanout_leaf=16, nr_cpu_ids=3
Mar  7 16:43:53 server1 kernel: [    1.221105] NR_IRQS: 524544, nr_irqs: 448, preallocated irqs: 16
Mar  7 16:43:53 server1 kernel: [    1.221954] rcu: srcu_init: Setting srcu_struct sizes based on contention.
Mar  7 16:43:53 server1 kernel: [    1.332422] Console: colour VGA+ 80x25
Mar  7 16:43:53 server1 kernel: [    1.332432] printk: console [tty0] enabled
Mar  7 16:43:53 server1 kernel: [    1.332581] ACPI: Core revision 20221020
Mar  7 16:43:53 server1 kernel: [    1.334608] APIC: Switch to symmetric I/O mode setup
Mar  7 16:43:53 server1 kernel: [    1.375725] ..TIMER: vector=0x30 apic1=0 pin1=2 apic2=-1 pin2=-1
Mar  7 16:43:53 server1 kernel: [    1.376268] clocksource: tsc-early: mask: 0xffffffffffffffff max_cycles: 0x255cbc978bf, max_idle_ns: 440795251759 ns
Mar  7 16:43:53 server1 kernel: [    1.376280] Calibrating delay loop (skipped) preset value.. 5184.01 BogoMIPS (lpj=10368024)
Mar  7 16:43:53 server1 kernel: [    1.380547] Last level iTLB entries: 4KB 64, 2MB 8, 4MB 8
Mar  7 16:43:53 server1 kernel: [    1.380555] Last level dTLB entries: 4KB 64, 2MB 0, 4MB 0, 1GB 4
Mar  7 16:43:53 server1 kernel: [    1.380563] Spectre V1 : Mitigation: usercopy/swapgs barriers and __user pointer sanitization
Mar  7 16:43:53 server1 kernel: [    1.380566] Spectre V2 : Mitigation: Retpolines
Mar  7 16:43:53 server1 kernel: [    1.380568] Spectre V2 : Spectre v2 / SpectreRSB mitigation: Filling RSB on context switch
Mar  7 16:43:53 server1 kernel: [    1.380568] Spectre V2 : Spectre v2 / SpectreRSB : Filling RSB on VMEXIT
Mar  7 16:43:53 server1 kernel: [    1.380569] RETBleed: WARNING: Spectre v2 mitigation leaves CPU vulnerable to RETBleed attacks, data leaks possible!
Mar  7 16:43:53 server1 kernel: [    1.384282] RETBleed: Vulnerable
Mar  7 16:43:53 server1 kernel: [    1.384285] Speculative Store Bypass: Vulnerable
Mar  7 16:43:53 server1 kernel: [    1.384296] MDS: Mitigation: Clear CPU buffers
Mar  7 16:43:53 server1 kernel: [    1.384297] MMIO Stale Data: Mitigation: Clear CPU buffers
Mar  7 16:43:53 server1 kernel: [    1.384299] SRBDS: Unknown: Dependent on hypervisor status
Mar  7 16:43:53 server1 kernel: [    1.384304] x86/fpu: x87 FPU will use FXSAVE
Mar  7 16:43:53 server1 kernel: [    1.410102] Freeing SMP alternatives memory: 44K
Mar  7 16:43:53 server1 kernel: [    1.410109] pid_max: default: 32768 minimum: 301
Mar  7 16:43:53 server1 kernel: [    1.410214] LSM: initializing lsm=lockdown,capability,landlock,yama,integrity,apparmor
Mar  7 16:43:53 server1 kernel: [    1.410229] landlock: Up and running.
Mar  7 16:43:53 server1 kernel: [    1.410230] Yama: becoming mindful.
Mar  7 16:43:53 server1 kernel: [    1.410589] AppArmor: AppArmor initialized
Mar  7 16:43:53 server1 kernel: [    1.411140] Mount-cache hash table entries: 8192 (order: 4, 65536 bytes, linear)
Mar  7 16:43:53 server1 kernel: [    1.411614] Mountpoint-cache hash table entries: 8192 (order: 4, 65536 bytes, linear)
Mar  7 16:43:53 server1 kernel: [    1.525860] APIC calibration not consistent with PM-Timer: 101ms instead of 100ms
Mar  7 16:43:53 server1 kernel: [    1.525866] APIC delta adjusted to PM-Timer: 6271369 (6339312)
Mar  7 16:43:53 server1 kernel: [    1.526460] smpboot: CPU0: Intel(R) Core(TM) i7-9750H CPU @ 2.60GHz (family: 0x6, model: 0x9e, stepping: 0xa)
Mar  7 16:43:53 server1 kernel: [    1.527905] cblist_init_generic: Setting adjustable number of callback queues.
Mar  7 16:43:53 server1 kernel: [    1.527908] cblist_init_generic: Setting shift to 2 and lim to 1.
Mar  7 16:43:53 server1 kernel: [    1.528275] cblist_init_generic: Setting adjustable number of callback queues.
Mar  7 16:43:53 server1 kernel: [    1.528275] cblist_init_generic: Setting shift to 2 and lim to 1.
Mar  7 16:43:53 server1 kernel: [    1.528275] cblist_init_generic: Setting adjustable number of callback queues.
Mar  7 16:43:53 server1 kernel: [    1.528275] cblist_init_generic: Setting shift to 2 and lim to 1.
Mar  7 16:43:53 server1 kernel: [    1.528275] Performance Events: unsupported p6 CPU model 158 no PMU driver, software events only.
Mar  7 16:43:53 server1 kernel: [    1.528275] signal: max sigframe size: 1440
Mar  7 16:43:53 server1 kernel: [    1.528275] rcu: Hierarchical SRCU implementation.
Mar  7 16:43:53 server1 kernel: [    1.528275] rcu: 	Max phase no-delay instances is 1000.
Mar  7 16:43:53 server1 kernel: [    1.528275] NMI watchdog: Perf NMI watchdog permanently disabled
Mar  7 16:43:53 server1 kernel: [    1.529660] smp: Bringing up secondary CPUs ...
Mar  7 16:43:53 server1 kernel: [    1.531525] x86: Booting SMP configuration:
Mar  7 16:43:53 server1 kernel: [    1.531528] .... node  #0, CPUs:      #1
Mar  7 16:43:53 server1 kernel: [    1.540080] TSC synchronization [CPU#0 -> CPU#1]:
Mar  7 16:43:53 server1 kernel: [    1.540087] Measured 237663 cycles TSC warp between CPUs, turning off TSC clock.
Mar  7 16:43:53 server1 kernel: [    1.540089] tsc: Marking TSC unstable due to check_tsc_sync_source failed
Mar  7 16:43:53 server1 kernel: [    1.542131]  #2
Mar  7 16:43:53 server1 kernel: [    1.553294] smp: Brought up 1 node, 3 CPUs
Mar  7 16:43:53 server1 kernel: [    1.553301] smpboot: Max logical packages: 1
Mar  7 16:43:53 server1 kernel: [    1.553303] smpboot: Total of 3 processors activated (15552.03 BogoMIPS)
Mar  7 16:43:53 server1 kernel: [    1.556508] devtmpfs: initialized
Mar  7 16:43:53 server1 kernel: [    1.556670] x86/mm: Memory block size: 128MB
Mar  7 16:43:53 server1 kernel: [    1.560634] clocksource: jiffies: mask: 0xffffffff max_cycles: 0xffffffff, max_idle_ns: 7645041785100000 ns
Mar  7 16:43:53 server1 kernel: [    1.561231] futex hash table entries: 1024 (order: 4, 65536 bytes, linear)
Mar  7 16:43:53 server1 kernel: [    1.561292] pinctrl core: initialized pinctrl subsystem
Mar  7 16:43:53 server1 kernel: [    1.562390] PM: RTC time: 08:43:37, date: 2024-03-07
Mar  7 16:43:53 server1 kernel: [    1.578022] NET: Registered PF_NETLINK/PF_ROUTE protocol family
Mar  7 16:43:53 server1 kernel: [    1.581890] DMA: preallocated 512 KiB GFP_KERNEL pool for atomic allocations
Mar  7 16:43:53 server1 kernel: [    1.581985] DMA: preallocated 512 KiB GFP_KERNEL|GFP_DMA pool for atomic allocations
Mar  7 16:43:53 server1 kernel: [    1.582074] DMA: preallocated 512 KiB GFP_KERNEL|GFP_DMA32 pool for atomic allocations
Mar  7 16:43:53 server1 kernel: [    1.582095] audit: initializing netlink subsys (disabled)
Mar  7 16:43:53 server1 kernel: [    1.582671] audit: type=2000 audit(1709801031.821:1): state=initialized audit_enabled=0 res=1
Mar  7 16:43:53 server1 kernel: [    1.582671] thermal_sys: Registered thermal governor 'fair_share'
Mar  7 16:43:53 server1 kernel: [    1.582671] thermal_sys: Registered thermal governor 'bang_bang'
Mar  7 16:43:53 server1 kernel: [    1.582671] thermal_sys: Registered thermal governor 'step_wise'
Mar  7 16:43:53 server1 kernel: [    1.582671] thermal_sys: Registered thermal governor 'user_space'
Mar  7 16:43:53 server1 kernel: [    1.582671] thermal_sys: Registered thermal governor 'power_allocator'
Mar  7 16:43:53 server1 kernel: [    1.582671] EISA bus registered
Mar  7 16:43:53 server1 kernel: [    1.582671] cpuidle: using governor ladder
Mar  7 16:43:53 server1 kernel: [    1.582671] cpuidle: using governor menu
Mar  7 16:43:53 server1 kernel: [    1.582671] acpiphp: ACPI Hot Plug PCI Controller Driver version: 0.5
Mar  7 16:43:53 server1 kernel: [    1.585113] PCI: Using configuration type 1 for base access
Mar  7 16:43:53 server1 kernel: [    1.585554] kprobes: kprobe jump-optimization is enabled. All kprobes are optimized if possible.
Mar  7 16:43:53 server1 kernel: [    1.620765] HugeTLB: registered 2.00 MiB page size, pre-allocated 0 pages
Mar  7 16:43:53 server1 kernel: [    1.620765] HugeTLB: 28 KiB vmemmap can be freed for a 2.00 MiB page
Mar  7 16:43:53 server1 kernel: [    1.629051] ACPI: Added _OSI(Module Device)
Mar  7 16:43:53 server1 kernel: [    1.629055] ACPI: Added _OSI(Processor Device)
Mar  7 16:43:53 server1 kernel: [    1.629057] ACPI: Added _OSI(3.0 _SCP Extensions)
Mar  7 16:43:53 server1 kernel: [    1.629058] ACPI: Added _OSI(Processor Aggregator Device)
Mar  7 16:43:53 server1 kernel: [    1.634275] ACPI: 2 ACPI AML tables successfully acquired and loaded
Mar  7 16:43:53 server1 kernel: [    1.639172] ACPI: Interpreter enabled
Mar  7 16:43:53 server1 kernel: [    1.639189] ACPI: PM: (supports S0 S5)
Mar  7 16:43:53 server1 kernel: [    1.639191] ACPI: Using IOAPIC for interrupt routing
Mar  7 16:43:53 server1 kernel: [    1.639962] PCI: Using host bridge windows from ACPI; if necessary, use "pci=nocrs" and report a bug
Mar  7 16:43:53 server1 kernel: [    1.639965] PCI: Using E820 reservations for host bridge windows
Mar  7 16:43:53 server1 kernel: [    1.640171] ACPI: Enabled 2 GPEs in block 00 to 07
Mar  7 16:43:53 server1 kernel: [    1.653719] ACPI: PCI Root Bridge [PCI0] (domain 0000 [bus 00-ff])
Mar  7 16:43:53 server1 kernel: [    1.653729] acpi PNP0A03:00: _OSC: OS supports [ASPM ClockPM Segments MSI EDR HPX-Type3]
Mar  7 16:43:53 server1 kernel: [    1.653732] acpi PNP0A03:00: _OSC: not requesting OS control; OS requires [ExtendedConfig ASPM ClockPM MSI]
Mar  7 16:43:53 server1 kernel: [    1.655038] acpi PNP0A03:00: fail to add MMCONFIG information, can't access extended configuration space under this bridge
Mar  7 16:43:53 server1 kernel: [    1.656429] PCI host bridge to bus 0000:00
Mar  7 16:43:53 server1 kernel: [    1.656433] pci_bus 0000:00: root bus resource [io  0x0000-0x0cf7 window]
Mar  7 16:43:53 server1 kernel: [    1.656436] pci_bus 0000:00: root bus resource [io  0x0d00-0xffff window]
Mar  7 16:43:53 server1 kernel: [    1.656438] pci_bus 0000:00: root bus resource [mem 0x000a0000-0x000bffff window]
Mar  7 16:43:53 server1 kernel: [    1.656440] pci_bus 0000:00: root bus resource [mem 0xe0000000-0xfdffffff window]
Mar  7 16:43:53 server1 kernel: [    1.656442] pci_bus 0000:00: root bus resource [bus 00-ff]
Mar  7 16:43:53 server1 kernel: [    1.657118] pci 0000:00:00.0: [8086:1237] type 00 class 0x060000
Mar  7 16:43:53 server1 kernel: [    1.659777] pci 0000:00:01.0: [8086:7000] type 00 class 0x060100
Mar  7 16:43:53 server1 kernel: [    1.663508] pci 0000:00:01.1: [8086:7111] type 00 class 0x01018a
Mar  7 16:43:53 server1 kernel: [    1.665997] pci 0000:00:01.1: reg 0x20: [io  0xd000-0xd00f]
Mar  7 16:43:53 server1 kernel: [    1.666934] pci 0000:00:01.1: legacy IDE quirk: reg 0x10: [io  0x01f0-0x01f7]
Mar  7 16:43:53 server1 kernel: [    1.666937] pci 0000:00:01.1: legacy IDE quirk: reg 0x14: [io  0x03f6]
Mar  7 16:43:53 server1 kernel: [    1.666939] pci 0000:00:01.1: legacy IDE quirk: reg 0x18: [io  0x0170-0x0177]
Mar  7 16:43:53 server1 kernel: [    1.666940] pci 0000:00:01.1: legacy IDE quirk: reg 0x1c: [io  0x0376]
Mar  7 16:43:53 server1 kernel: [    1.668100] pci 0000:00:02.0: [15ad:0405] type 00 class 0x030000
Mar  7 16:43:53 server1 kernel: [    1.669267] pci 0000:00:02.0: reg 0x10: [io  0xd010-0xd01f]
Mar  7 16:43:53 server1 kernel: [    1.671111] pci 0000:00:02.0: reg 0x14: [mem 0xe0000000-0xe0ffffff pref]
Mar  7 16:43:53 server1 kernel: [    1.674180] pci 0000:00:02.0: reg 0x18: [mem 0xf0000000-0xf01fffff]
Mar  7 16:43:53 server1 kernel: [    1.681548] pci 0000:00:02.0: Video device with shadowed ROM at [mem 0x000c0000-0x000dffff]
Mar  7 16:43:53 server1 kernel: [    1.684862] pci 0000:00:03.0: [8086:100e] type 00 class 0x020000
Mar  7 16:43:53 server1 kernel: [    1.685650] pci 0000:00:03.0: reg 0x10: [mem 0xf0200000-0xf021ffff]
Mar  7 16:43:53 server1 kernel: [    1.686551] pci 0000:00:03.0: reg 0x18: [io  0xd020-0xd027]
Mar  7 16:43:53 server1 kernel: [    1.690370] pci 0000:00:04.0: [80ee:cafe] type 00 class 0x088000
Mar  7 16:43:53 server1 kernel: [    1.691584] pci 0000:00:04.0: reg 0x10: [io  0xd040-0xd05f]
Mar  7 16:43:53 server1 kernel: [    1.692643] pci 0000:00:04.0: reg 0x14: [mem 0xf0400000-0xf07fffff]
Mar  7 16:43:53 server1 kernel: [    1.693411] pci 0000:00:04.0: reg 0x18: [mem 0xf0800000-0xf0803fff pref]
Mar  7 16:43:53 server1 kernel: [    1.698207] pci 0000:00:05.0: [8086:2415] type 00 class 0x040100
Mar  7 16:43:53 server1 kernel: [    1.698881] pci 0000:00:05.0: reg 0x10: [io  0xd100-0xd1ff]
Mar  7 16:43:53 server1 kernel: [    1.699242] pci 0000:00:05.0: reg 0x14: [io  0xd200-0xd23f]
Mar  7 16:43:53 server1 kernel: [    1.702174] pci 0000:00:06.0: [106b:003f] type 00 class 0x0c0310
Mar  7 16:43:53 server1 kernel: [    1.702945] pci 0000:00:06.0: reg 0x10: [mem 0xf0804000-0xf0804fff]
Mar  7 16:43:53 server1 kernel: [    1.707077] pci 0000:00:07.0: [8086:7113] type 00 class 0x068000
Mar  7 16:43:53 server1 kernel: [    1.709737] pci 0000:00:07.0: quirk: [io  0x4000-0x403f] claimed by PIIX4 ACPI
Mar  7 16:43:53 server1 kernel: [    1.709799] pci 0000:00:07.0: quirk: [io  0x4100-0x410f] claimed by PIIX4 SMB
Mar  7 16:43:53 server1 kernel: [    1.711565] pci 0000:00:08.0: [8086:100e] type 00 class 0x020000
Mar  7 16:43:53 server1 kernel: [    1.712675] pci 0000:00:08.0: reg 0x10: [mem 0xf0820000-0xf083ffff]
Mar  7 16:43:53 server1 kernel: [    1.713518] pci 0000:00:08.0: reg 0x18: [io  0xd240-0xd247]
Mar  7 16:43:53 server1 kernel: [    1.738514] pci 0000:00:0b.0: [8086:265c] type 00 class 0x0c0320
Mar  7 16:43:53 server1 kernel: [    1.739259] pci 0000:00:0b.0: reg 0x10: [mem 0xf0840000-0xf0840fff]
Mar  7 16:43:53 server1 kernel: [    1.753922] pci 0000:00:0d.0: [8086:2829] type 00 class 0x010601
Mar  7 16:43:53 server1 kernel: [    1.754703] pci 0000:00:0d.0: reg 0x10: [io  0xd248-0xd24f]
Mar  7 16:43:53 server1 kernel: [    1.755145] pci 0000:00:0d.0: reg 0x14: [io  0xd250-0xd253]
Mar  7 16:43:53 server1 kernel: [    1.755587] pci 0000:00:0d.0: reg 0x18: [io  0xd258-0xd25f]
Mar  7 16:43:53 server1 kernel: [    1.756018] pci 0000:00:0d.0: reg 0x1c: [io  0xd260-0xd263]
Mar  7 16:43:53 server1 kernel: [    1.756648] pci 0000:00:0d.0: reg 0x20: [io  0xd270-0xd27f]
Mar  7 16:43:53 server1 kernel: [    1.757083] pci 0000:00:0d.0: reg 0x24: [mem 0xf0842000-0xf0843fff]
Mar  7 16:43:53 server1 kernel: [    1.966687] ACPI: PCI: Interrupt link LNKA configured for IRQ 11
Mar  7 16:43:53 server1 kernel: [    1.967852] ACPI: PCI: Interrupt link LNKB configured for IRQ 10
Mar  7 16:43:53 server1 kernel: [    1.968538] ACPI: PCI: Interrupt link LNKC configured for IRQ 9
Mar  7 16:43:53 server1 kernel: [    1.968962] ACPI: PCI: Interrupt link LNKD configured for IRQ 11
Mar  7 16:43:53 server1 kernel: [    1.969768] iommu: Default domain type: Translated 
Mar  7 16:43:53 server1 kernel: [    1.969768] iommu: DMA domain TLB invalidation policy: lazy mode 
Mar  7 16:43:53 server1 kernel: [    1.969768] SCSI subsystem initialized
Mar  7 16:43:53 server1 kernel: [    1.972563] libata version 3.00 loaded.
Mar  7 16:43:53 server1 kernel: [    1.972686] ACPI: bus type USB registered
Mar  7 16:43:53 server1 kernel: [    1.972702] usbcore: registered new interface driver usbfs
Mar  7 16:43:53 server1 kernel: [    1.972778] usbcore: registered new interface driver hub
Mar  7 16:43:53 server1 kernel: [    1.972847] usbcore: registered new device driver usb
Mar  7 16:43:53 server1 kernel: [    1.972875] pps_core: LinuxPPS API ver. 1 registered
Mar  7 16:43:53 server1 kernel: [    1.972877] pps_core: Software ver. 5.3.6 - Copyright 2005-2007 Rodolfo Giometti <giometti@linux.it>
Mar  7 16:43:53 server1 kernel: [    1.972880] PTP clock support registered
Mar  7 16:43:53 server1 kernel: [    1.973100] EDAC MC: Ver: 3.0.0
Mar  7 16:43:53 server1 kernel: [    1.981383] NetLabel: Initializing
Mar  7 16:43:53 server1 kernel: [    1.981386] NetLabel:  domain hash size = 128
Mar  7 16:43:53 server1 kernel: [    1.981388] NetLabel:  protocols = UNLABELED CIPSOv4 CALIPSO
Mar  7 16:43:53 server1 kernel: [    1.981410] NetLabel:  unlabeled traffic allowed by default
Mar  7 16:43:53 server1 kernel: [    1.981626] mctp: management component transport protocol core
Mar  7 16:43:53 server1 kernel: [    1.981626] NET: Registered PF_MCTP protocol family
Mar  7 16:43:53 server1 kernel: [    1.981626] PCI: Using ACPI for IRQ routing
Mar  7 16:43:53 server1 kernel: [    1.981626] PCI: pci_cache_line_size set to 64 bytes
Mar  7 16:43:53 server1 kernel: [    1.981828] e820: reserve RAM buffer [mem 0x0009fc00-0x0009ffff]
Mar  7 16:43:53 server1 kernel: [    1.981833] e820: reserve RAM buffer [mem 0xdfff0000-0xdfffffff]
