Nov 30 14:24:33 ubuntu systemd[1]: Mounted Huge Pages File System.
Nov 30 14:24:33 ubuntu systemd[1]: Mounted POSIX Message Queue File System.
Nov 30 14:24:33 ubuntu systemd[1]: Mounted Kernel Debug File System.
Nov 30 14:24:33 ubuntu systemd[1]: Mounted Kernel Trace File System.
Nov 30 14:24:33 ubuntu systemd[1]: Finished Create List of Static Device Nodes.
Nov 30 14:24:33 ubuntu systemd[1]: Finished Monitoring of LVM2 mirrors, snapshots etc. using dmeventd or progress polling.
Nov 30 14:24:33 ubuntu systemd[1]: modprobe@chromeos_pstore.service: Deactivated successfully.
Nov 30 14:24:33 ubuntu systemd[1]: Finished Load Kernel Module chromeos_pstore.
Nov 30 14:24:33 ubuntu systemd[1]: modprobe@configfs.service: Deactivated successfully.
Nov 30 14:24:33 ubuntu systemd[1]: Finished Load Kernel Module configfs.
Nov 30 14:24:33 ubuntu systemd[1]: modprobe@drm.service: Deactivated successfully.
Nov 30 14:24:33 ubuntu systemd[1]: Finished Load Kernel Module drm.
Nov 30 14:24:33 ubuntu systemd[1]: modprobe@efi_pstore.service: Deactivated successfully.
Nov 30 14:24:33 ubuntu systemd[1]: Finished Load Kernel Module efi_pstore.
Nov 30 14:24:33 ubuntu systemd[1]: modprobe@fuse.service: Deactivated successfully.
Nov 30 14:24:33 ubuntu systemd[1]: Finished Load Kernel Module fuse.
Nov 30 14:24:33 ubuntu systemd[1]: modprobe@pstore_blk.service: Deactivated successfully.
Nov 30 14:24:33 ubuntu systemd[1]: Finished Load Kernel Module pstore_blk.
Nov 30 14:24:33 ubuntu systemd[1]: modprobe@pstore_zone.service: Deactivated successfully.
Nov 30 14:24:33 ubuntu systemd[1]: Finished Load Kernel Module pstore_zone.
Nov 30 14:24:33 ubuntu systemd[1]: modprobe@ramoops.service: Deactivated successfully.
Nov 30 14:24:33 ubuntu systemd[1]: Finished Load Kernel Module ramoops.
Nov 30 14:24:33 ubuntu systemd[1]: Mounting FUSE Control File System...
Nov 30 14:24:33 ubuntu systemd[1]: Mounting Kernel Configuration File System...
Nov 30 14:24:33 ubuntu systemd[1]: Finished Remount Root and Kernel File Systems.
Nov 30 14:24:33 ubuntu systemd[1]: Starting Flush Journal to Persistent Storage...
Nov 30 14:24:33 ubuntu systemd[1]: Condition check resulted in Platform Persistent Storage Archival being skipped.
Nov 30 14:24:33 ubuntu systemd[1]: Starting Load/Save Random Seed...
Nov 30 14:24:33 ubuntu systemd[1]: Starting Create System Users...
Nov 30 14:24:33 ubuntu systemd[1]: Finished Set the console keyboard layout.
Nov 30 14:24:33 ubuntu systemd[1]: Mounted Kernel Configuration File System.
Nov 30 14:24:33 ubuntu systemd[1]: Finished Load/Save Random Seed.
Nov 30 14:24:33 ubuntu systemd[1]: Condition check resulted in First Boot Complete being skipped.
Nov 30 14:24:33 ubuntu systemd[1]: Mounted FUSE Control File System.
Nov 30 14:24:33 ubuntu systemd-modules-load[854]: Inserted module 'lp'
Nov 30 14:24:33 ubuntu systemd[1]: Finished Flush Journal to Persistent Storage.
Nov 30 14:24:33 ubuntu systemd[1]: Finished Create System Users.
Nov 30 14:24:33 ubuntu systemd-modules-load[854]: Inserted module 'ppdev'
Nov 30 14:24:33 ubuntu systemd[1]: Starting Create Static Device Nodes in /dev...
Nov 30 14:24:33 ubuntu systemd[1]: Finished Coldplug All udev Devices.
Nov 30 14:24:33 ubuntu systemd[1]: Starting Wait for udev To Complete Device Initialization...
Nov 30 14:24:33 ubuntu systemd-modules-load[854]: Inserted module 'parport_pc'
Nov 30 14:24:33 ubuntu systemd-modules-load[854]: Inserted module 'msr'
Nov 30 14:24:33 ubuntu systemd[1]: Finished Load Kernel Modules.
Nov 30 14:24:33 ubuntu systemd[1]: Starting Apply Kernel Variables...
Nov 30 14:24:33 ubuntu systemd[1]: Finished Create Static Device Nodes in /dev.
Nov 30 14:24:33 ubuntu systemd[1]: Reached target Preparation for Local File Systems.
Nov 30 14:24:33 ubuntu systemd[1]: tmp.mount: Directory /tmp to mount over is not empty, mounting anyway.
Nov 30 14:24:33 ubuntu systemd[1]: Mounting /tmp...
Nov 30 14:24:33 ubuntu systemd[1]: Starting Rule-based Manager for Device Events and Files...
Nov 30 14:24:33 ubuntu systemd[1]: Mounted /tmp.
Nov 30 14:24:33 ubuntu systemd[1]: Finished Apply Kernel Variables.
Nov 30 14:24:33 ubuntu systemd[1]: Started Rule-based Manager for Device Events and Files.
Nov 30 14:24:33 ubuntu systemd[1]: Starting Show Plymouth Boot Screen...
Nov 30 14:24:33 ubuntu systemd[1]: Started Show Plymouth Boot Screen.
Nov 30 14:24:33 ubuntu systemd[1]: Condition check resulted in Dispatch Password Requests to Console Directory Watch being skipped.
Nov 30 14:24:33 ubuntu systemd[1]: Started Forward Password Requests to Plymouth Directory Watch.
Nov 30 14:24:33 ubuntu systemd[1]: Reached target Local Encrypted Volumes.
Nov 30 14:24:33 ubuntu systemd-udevd[893]: Using default interface naming scheme 'v249'.
Nov 30 14:24:33 ubuntu systemd-udevd[890]: sr0: Process '/usr/bin/unshare -m /usr/bin/snap auto-import --mount=/dev/sr0' failed with exit code 1.
Nov 30 14:24:33 ubuntu mtp-probe: checking bus 1, device 2: "/sys/devices/pci0000:00/0000:00:06.0/usb1/1-1"
Nov 30 14:24:33 ubuntu mtp-probe: bus: 1, device: 2 was not an MTP device
Nov 30 14:24:33 ubuntu systemd[1]: Listening on Load/Save RF Kill Switch Status /dev/rfkill Watch.
Nov 30 14:24:33 ubuntu systemd-udevd[889]: sda: Process '/usr/bin/unshare -m /usr/bin/snap auto-import --mount=/dev/sda' failed with exit code 1.
Nov 30 14:24:33 ubuntu udevadm[878]: systemd-udev-settle.service is deprecated. Please fix zfs-load-module.service, zfs-import-cache.service not to pull it in.
Nov 30 14:24:33 ubuntu systemd-udevd[889]: controlC0: Process '/usr/sbin/alsactl -E HOME=/run/alsa -E XDG_RUNTIME_DIR=/run/alsa/runtime restore 0' failed with exit code 99.
Nov 30 14:24:33 ubuntu systemd[1]: Condition check resulted in Dispatch Password Requests to Console Directory Watch being skipped.
Nov 30 14:24:33 ubuntu systemd[1]: Starting Load Kernel Module chromeos_pstore...
Nov 30 14:24:33 ubuntu systemd[1]: Starting Load Kernel Module efi_pstore...
Nov 30 14:24:33 ubuntu systemd[1]: Starting Load Kernel Module pstore_blk...
Nov 30 14:24:33 ubuntu systemd[1]: Starting Load Kernel Module pstore_zone...
Nov 30 14:24:33 ubuntu systemd[1]: Starting Load Kernel Module ramoops...
Nov 30 14:24:33 ubuntu systemd[1]: Finished Wait for udev To Complete Device Initialization.
Nov 30 14:24:33 ubuntu systemd[1]: Starting Install ZFS kernel module...
Nov 30 14:24:33 ubuntu systemd[1]: modprobe@efi_pstore.service: Deactivated successfully.
Nov 30 14:24:33 ubuntu systemd[1]: Finished Load Kernel Module efi_pstore.
Nov 30 14:24:33 ubuntu systemd[1]: modprobe@pstore_blk.service: Deactivated successfully.
Nov 30 14:24:33 ubuntu systemd[1]: Finished Load Kernel Module pstore_blk.
Nov 30 14:24:33 ubuntu systemd[1]: modprobe@pstore_zone.service: Deactivated successfully.
Nov 30 14:24:33 ubuntu systemd[1]: Finished Load Kernel Module pstore_zone.
Nov 30 14:24:33 ubuntu systemd[1]: modprobe@ramoops.service: Deactivated successfully.
Nov 30 14:24:33 ubuntu systemd[1]: Finished Load Kernel Module ramoops.
Nov 30 14:24:33 ubuntu systemd[1]: modprobe@chromeos_pstore.service: Deactivated successfully.
Nov 30 14:24:33 ubuntu systemd[1]: Finished Load Kernel Module chromeos_pstore.
Nov 30 14:24:33 ubuntu systemd[1]: Condition check resulted in Platform Persistent Storage Archival being skipped.
Nov 30 14:24:33 ubuntu systemd[1]: Finished Install ZFS kernel module.
Nov 30 14:24:33 ubuntu systemd[1]: Condition check resulted in Import ZFS pools by cache file being skipped.
Nov 30 14:24:33 ubuntu systemd[1]: Reached target ZFS pool import target.
Nov 30 14:24:33 ubuntu systemd[1]: Starting Mount ZFS filesystems...
Nov 30 14:24:33 ubuntu systemd[1]: Starting Wait for ZFS Volume (zvol) links in /dev...
Nov 30 14:24:33 ubuntu systemd[1]: Finished Mount ZFS filesystems.
Nov 30 14:24:33 ubuntu systemd[1]: Reached target Mounting snaps.
Nov 30 14:24:33 ubuntu systemd[1]: Mounting Mount unit for bare, revision 5...
Nov 30 14:24:33 ubuntu systemd[1]: Mounting Mount unit for core20, revision 1974...
Nov 30 14:24:33 ubuntu zvol_wait[1052]: No zvols found, nothing to do.
Nov 30 14:24:33 ubuntu systemd[1]: Mounting Mount unit for core22, revision 858...
Nov 30 14:24:33 ubuntu systemd[1]: Mounting Mount unit for firefox, revision 2987...
Nov 30 14:24:33 ubuntu systemd[1]: Mounting Mount unit for gnome-3-38-2004, revision 143...
Nov 30 14:24:33 ubuntu systemd[1]: Mounting Mount unit for gnome-42-2204, revision 120...
Nov 30 14:24:33 ubuntu systemd[1]: Mounting Mount unit for gtk-common-themes, revision 1535...
Nov 30 14:24:33 ubuntu systemd[1]: Mounting Mount unit for snap-store, revision 959...
Nov 30 14:24:33 ubuntu systemd[1]: Mounting Mount unit for snapd, revision 19457...
Nov 30 14:24:33 ubuntu systemd[1]: Mounting Mount unit for snapd-desktop-integration, revision 83...
Nov 30 14:24:33 ubuntu systemd[1]: Finished Wait for ZFS Volume (zvol) links in /dev.
Nov 30 14:24:33 ubuntu systemd[1]: Mounted Mount unit for bare, revision 5.
Nov 30 14:24:33 ubuntu systemd[1]: Reached target ZFS volumes are ready.
Nov 30 14:24:33 ubuntu systemd[1]: Mounted Mount unit for firefox, revision 2987.
Nov 30 14:24:33 ubuntu systemd[1]: Mounted Mount unit for core20, revision 1974.
Nov 30 14:24:33 ubuntu systemd[1]: Mounted Mount unit for core22, revision 858.
Nov 30 14:24:33 ubuntu systemd[1]: Mounted Mount unit for gnome-3-38-2004, revision 143.
Nov 30 14:24:33 ubuntu systemd[1]: Mounted Mount unit for snap-store, revision 959.
Nov 30 14:24:33 ubuntu systemd[1]: Mounted Mount unit for snapd, revision 19457.
Nov 30 14:24:33 ubuntu systemd[1]: Mounted Mount unit for snapd-desktop-integration, revision 83.
Nov 30 14:24:33 ubuntu systemd[1]: Mounted Mount unit for gtk-common-themes, revision 1535.
Nov 30 14:24:33 ubuntu systemd[1]: Mounted Mount unit for gnome-42-2204, revision 120.
Nov 30 14:24:33 ubuntu systemd[1]: Reached target Mounted snaps.
Nov 30 14:24:33 ubuntu systemd[1]: Reached target Local File Systems.
Nov 30 14:24:33 ubuntu systemd[1]: Condition check resulted in Load AppArmor profiles being skipped.
Nov 30 14:24:33 ubuntu systemd[1]: Starting Set console font and keymap...
Nov 30 14:24:33 ubuntu systemd[1]: Starting Create final runtime dir for shutdown pivot root...
Nov 30 14:24:33 ubuntu systemd[1]: Starting Tell Plymouth To Write Out Runtime Data...
Nov 30 14:24:33 ubuntu systemd[1]: Starting Load AppArmor profiles managed internally by snapd...
Nov 30 14:24:33 ubuntu systemd[1]: Starting Set Up Additional Binary Formats...
Nov 30 14:24:33 ubuntu systemd[1]: Condition check resulted in Store a System Token in an EFI Variable being skipped.
Nov 30 14:24:33 ubuntu systemd[1]: Condition check resulted in Commit a transient machine-id on disk being skipped.
Nov 30 14:24:33 ubuntu systemd[1]: Starting Create Volatile Files and Directories...
Nov 30 14:24:33 ubuntu systemd[1]: Starting Uncomplicated firewall...
Nov 30 14:24:33 ubuntu systemd[1]: Finished Create final runtime dir for shutdown pivot root.
Nov 30 14:24:33 ubuntu systemd[1]: Finished Tell Plymouth To Write Out Runtime Data.
Nov 30 14:24:33 ubuntu systemd[1]: Received SIGRTMIN+20 from PID 176 (plymouthd).
Nov 30 14:24:33 ubuntu systemd[1]: proc-sys-fs-binfmt_misc.automount: Got automount request for /proc/sys/fs/binfmt_misc, triggered by 1078 (systemd-binfmt)
Nov 30 14:24:33 ubuntu systemd[1]: Mounting Arbitrary Executable File Formats File System...
Nov 30 14:24:33 ubuntu systemd[1]: Finished Uncomplicated firewall.
Nov 30 14:24:33 ubuntu systemd[1]: Reached target Preparation for Network.
Nov 30 14:24:33 ubuntu systemd[1]: Mounted Arbitrary Executable File Formats File System.
Nov 30 14:24:33 ubuntu systemd[1]: Finished Create Volatile Files and Directories.
Nov 30 14:24:33 ubuntu systemd[1]: Starting Userspace Out-Of-Memory (OOM) Killer...
Nov 30 14:24:33 ubuntu systemd[1]: Starting Network Name Resolution...
Nov 30 14:24:33 ubuntu systemd[1]: Starting Network Time Synchronization...
Nov 30 14:24:33 ubuntu systemd[1]: Starting Record System Boot/Shutdown in UTMP...
Nov 30 14:24:33 ubuntu systemd[1]: Finished Set Up Additional Binary Formats.
Nov 30 14:24:33 ubuntu systemd[1]: Finished Record System Boot/Shutdown in UTMP.
Nov 30 14:24:33 ubuntu systemd[1]: Started Network Time Synchronization.
Nov 30 14:24:33 ubuntu systemd[1]: Reached target System Time Set.
Nov 30 14:24:33 ubuntu systemd-oomd[1092]: Swap is currently not detected; memory pressure usage will be degraded
Nov 30 14:24:33 ubuntu systemd[1]: Started Userspace Out-Of-Memory (OOM) Killer.
Nov 30 14:24:33 ubuntu snapd-apparmor[1074]: main.go:124: Loading profiles [/var/lib/snapd/apparmor/profiles/snap-confine.snapd.19457 /var/lib/snapd/apparmor/profiles/snap-update-ns.firefox /var/lib/snapd/apparmor/profiles/snap-update-ns.snap-store /var/lib/snapd/apparmor/profiles/snap-update-ns.snapd-desktop-integration /var/lib/snapd/apparmor/profiles/snap.firefox.firefox /var/lib/snapd/apparmor/profiles/snap.firefox.geckodriver /var/lib/snapd/apparmor/profiles/snap.firefox.hook.configure /var/lib/snapd/apparmor/profiles/snap.firefox.hook.connect-plug-host-hunspell /var/lib/snapd/apparmor/profiles/snap.firefox.hook.disconnect-plug-host-hunspell /var/lib/snapd/apparmor/profiles/snap.firefox.hook.post-refresh /var/lib/snapd/apparmor/profiles/snap.snap-store.hook.configure /var/lib/snapd/apparmor/profiles/snap.snap-store.snap-store /var/lib/snapd/apparmor/profiles/snap.snap-store.ubuntu-software /var/lib/snapd/apparmor/profiles/snap.snap-store.ubuntu-software-local-file /var/lib/snapd/apparmor/profiles/snap.snapd-desktop-integration.hook.configure /var/lib/snapd/apparmor/profiles/snap.snapd-desktop-integration.snapd-desktop-integration]
Nov 30 14:24:33 ubuntu systemd-resolved[1094]: Positive Trust Anchors:
Nov 30 14:24:33 ubuntu systemd-resolved[1094]: . IN DS 20326 8 2 e06d44b80b8f1d39a95c0b0d7c65d08458e880409bbc683457104237c7f8ec8d
Nov 30 14:24:33 ubuntu systemd-resolved[1094]: Negative trust anchors: home.arpa 10.in-addr.arpa 16.172.in-addr.arpa 17.172.in-addr.arpa 18.172.in-addr.arpa 19.172.in-addr.arpa 20.172.in-addr.arpa 21.172.in-addr.arpa 22.172.in-addr.arpa 23.172.in-addr.arpa 24.172.in-addr.arpa 25.172.in-addr.arpa 26.172.in-addr.arpa 27.172.in-addr.arpa 28.172.in-addr.arpa 29.172.in-addr.arpa 30.172.in-addr.arpa 31.172.in-addr.arpa 168.192.in-addr.arpa d.f.ip6.arpa corp home internal intranet lan local private test
Nov 30 14:24:33 ubuntu systemd-resolved[1094]: Using system hostname 'ubuntu'.
Nov 30 14:24:33 ubuntu systemd[1]: Started Network Name Resolution.
Nov 30 14:24:33 ubuntu systemd[1]: Reached target Host and Network Name Lookups.
Nov 30 14:24:33 ubuntu systemd[1]: Finished Set console font and keymap.
Nov 30 14:24:33 ubuntu systemd[1]: Finished Load AppArmor profiles managed internally by snapd.
Nov 30 14:24:33 ubuntu systemd[1]: Reached target System Initialization.
Nov 30 14:24:33 ubuntu systemd[1]: Started ACPI Events Check.
Nov 30 14:24:33 ubuntu systemd[1]: Condition check resulted in Process error reports when automatic reporting is enabled (file watch) being skipped.
Nov 30 14:24:33 ubuntu systemd[1]: Started CUPS Scheduler.
Nov 30 14:24:33 ubuntu systemd[1]: Started Start whoopsie on modification of the /var/crash directory.
Nov 30 14:24:33 ubuntu systemd[1]: Started Trigger anacron every hour.
Nov 30 14:24:33 ubuntu systemd[1]: Condition check resulted in Process error reports when automatic reporting is enabled (timer based) being skipped.
Nov 30 14:24:33 ubuntu systemd[1]: Started Daily apt download activities.
Nov 30 14:24:33 ubuntu systemd[1]: Started Daily apt upgrade and clean activities.
Nov 30 14:24:33 ubuntu systemd[1]: Started Daily dpkg database backup timer.
Nov 30 14:24:33 ubuntu kernel: [    0.000000] Linux version 6.2.0-26-generic (buildd@bos03-amd64-042) (x86_64-linux-gnu-gcc-11 (Ubuntu 11.3.0-1ubuntu1~22.04.1) 11.3.0, GNU ld (GNU Binutils for Ubuntu) 2.38) #26~22.04.1-Ubuntu SMP PREEMPT_DYNAMIC Thu Jul 13 16:27:29 UTC 2 (Ubuntu 6.2.0-26.26~22.04.1-generic 6.2.13)
Nov 30 14:24:33 ubuntu kernel: [    0.000000] Command line: BOOT_IMAGE=/casper/vmlinuz file=/cdrom/preseed/ubuntu.seed maybe-ubiquity quiet splash ---
Nov 30 14:24:33 ubuntu kernel: [    0.000000] KERNEL supported cpus:
Nov 30 14:24:33 ubuntu kernel: [    0.000000]   Intel GenuineIntel
Nov 30 14:24:33 ubuntu kernel: [    0.000000]   AMD AuthenticAMD
Nov 30 14:24:33 ubuntu kernel: [    0.000000]   Hygon HygonGenuine
Nov 30 14:24:33 ubuntu kernel: [    0.000000]   Centaur CentaurHauls
Nov 30 14:24:33 ubuntu kernel: [    0.000000]   zhaoxin   Shanghai  
Nov 30 14:24:33 ubuntu kernel: [    0.000000] x86/fpu: x87 FPU will use FXSAVE
Nov 30 14:24:33 ubuntu kernel: [    0.000000] signal: max sigframe size: 1440
Nov 30 14:24:33 ubuntu kernel: [    0.000000] BIOS-provided physical RAM map:
Nov 30 14:24:33 ubuntu kernel: [    0.000000] BIOS-e820: [mem 0x0000000000000000-0x000000000009fbff] usable
Nov 30 14:24:33 ubuntu kernel: [    0.000000] BIOS-e820: [mem 0x000000000009fc00-0x000000000009ffff] reserved
Nov 30 14:24:33 ubuntu kernel: [    0.000000] BIOS-e820: [mem 0x00000000000f0000-0x00000000000fffff] reserved
Nov 30 14:24:33 ubuntu kernel: [    0.000000] BIOS-e820: [mem 0x0000000000100000-0x00000000dffeffff] usable
Nov 30 14:24:33 ubuntu kernel: [    0.000000] BIOS-e820: [mem 0x00000000dfff0000-0x00000000dfffffff] ACPI data
Nov 30 14:24:33 ubuntu kernel: [    0.000000] BIOS-e820: [mem 0x00000000fec00000-0x00000000fec00fff] reserved
Nov 30 14:24:33 ubuntu kernel: [    0.000000] BIOS-e820: [mem 0x00000000fee00000-0x00000000fee00fff] reserved
Nov 30 14:24:33 ubuntu kernel: [    0.000000] BIOS-e820: [mem 0x00000000fffc0000-0x00000000ffffffff] reserved
Nov 30 14:24:33 ubuntu kernel: [    0.000000] BIOS-e820: [mem 0x0000000100000000-0x000000011fffffff] usable
Nov 30 14:24:33 ubuntu kernel: [    0.000000] NX (Execute Disable) protection: active
Nov 30 14:24:33 ubuntu kernel: [    0.000000] SMBIOS 2.5 present.
Nov 30 14:24:33 ubuntu kernel: [    0.000000] DMI: innotek GmbH VirtualBox/VirtualBox, BIOS VirtualBox 12/01/2006
Nov 30 14:24:33 ubuntu kernel: [    0.000000] Hypervisor detected: KVM
Nov 30 14:24:33 ubuntu kernel: [    0.000000] kvm-clock: Using msrs 4b564d01 and 4b564d00
Nov 30 14:24:33 ubuntu kernel: [    0.000004] kvm-clock: using sched offset of 24617125514 cycles
Nov 30 14:24:33 ubuntu kernel: [    0.000007] clocksource: kvm-clock: mask: 0xffffffffffffffff max_cycles: 0x1cd42e4dffb, max_idle_ns: 881590591483 ns
Nov 30 14:24:33 ubuntu kernel: [    0.000011] tsc: Detected 2592.008 MHz processor
Nov 30 14:24:33 ubuntu kernel: [    0.003535] e820: update [mem 0x00000000-0x00000fff] usable ==> reserved
Nov 30 14:24:33 ubuntu kernel: [    0.003541] e820: remove [mem 0x000a0000-0x000fffff] usable
Nov 30 14:24:33 ubuntu kernel: [    0.003548] last_pfn = 0x120000 max_arch_pfn = 0x400000000
Nov 30 14:24:33 ubuntu kernel: [    0.003655] MTRRs disabled by BIOS
Nov 30 14:24:33 ubuntu kernel: [    0.003658] x86/PAT: Configuration [0-7]: WB  WC  UC- UC  WB  WP  UC- WT  
Nov 30 14:24:33 ubuntu kernel: [    0.003685] last_pfn = 0xdfff0 max_arch_pfn = 0x400000000
Nov 30 14:24:33 ubuntu kernel: [    0.003789] found SMP MP-table at [mem 0x0009fff0-0x0009ffff]
Nov 30 14:24:33 ubuntu kernel: [    0.004139] RAMDISK: [mem 0x267af000-0x2f3cefff]
Nov 30 14:24:33 ubuntu kernel: [    0.004147] ACPI: Early table checksum verification disabled
Nov 30 14:24:33 ubuntu kernel: [    0.004153] ACPI: RSDP 0x00000000000E0000 000024 (v02 VBOX  )
Nov 30 14:24:33 ubuntu kernel: [    0.004159] ACPI: XSDT 0x00000000DFFF0030 00003C (v01 VBOX   VBOXXSDT 00000001 ASL  00000061)
Nov 30 14:24:33 ubuntu kernel: [    0.004167] ACPI: FACP 0x00000000DFFF00F0 0000F4 (v04 VBOX   VBOXFACP 00000001 ASL  00000061)
Nov 30 14:24:33 ubuntu kernel: [    0.004176] ACPI: DSDT 0x00000000DFFF0620 002353 (v02 VBOX   VBOXBIOS 00000002 INTL 20100528)
Nov 30 14:24:33 ubuntu kernel: [    0.004181] ACPI: FACS 0x00000000DFFF0200 000040
Nov 30 14:24:33 ubuntu kernel: [    0.004185] ACPI: FACS 0x00000000DFFF0200 000040
Nov 30 14:24:33 ubuntu kernel: [    0.004190] ACPI: APIC 0x00000000DFFF0240 000064 (v02 VBOX   VBOXAPIC 00000001 ASL  00000061)
Nov 30 14:24:33 ubuntu kernel: [    0.004195] ACPI: SSDT 0x00000000DFFF02B0 00036C (v01 VBOX   VBOXCPUT 00000002 INTL 20100528)
Nov 30 14:24:33 ubuntu kernel: [    0.004198] ACPI: Reserving FACP table memory at [mem 0xdfff00f0-0xdfff01e3]
Nov 30 14:24:33 ubuntu kernel: [    0.004201] ACPI: Reserving DSDT table memory at [mem 0xdfff0620-0xdfff2972]
Nov 30 14:24:33 ubuntu kernel: [    0.004202] ACPI: Reserving FACS table memory at [mem 0xdfff0200-0xdfff023f]
Nov 30 14:24:33 ubuntu kernel: [    0.004203] ACPI: Reserving FACS table memory at [mem 0xdfff0200-0xdfff023f]
Nov 30 14:24:33 ubuntu kernel: [    0.004204] ACPI: Reserving APIC table memory at [mem 0xdfff0240-0xdfff02a3]
Nov 30 14:24:33 ubuntu kernel: [    0.004205] ACPI: Reserving SSDT table memory at [mem 0xdfff02b0-0xdfff061b]
Nov 30 14:24:33 ubuntu kernel: [    0.006297] No NUMA configuration found
Nov 30 14:24:33 ubuntu kernel: [    0.006301] Faking a node at [mem 0x0000000000000000-0x000000011fffffff]
Nov 30 14:24:33 ubuntu kernel: [    0.006312] NODE_DATA(0) allocated [mem 0x11ffd1000-0x11fffbfff]
Nov 30 14:24:33 ubuntu kernel: [    0.007931] Zone ranges:
Nov 30 14:24:33 ubuntu kernel: [    0.007934]   DMA      [mem 0x0000000000001000-0x0000000000ffffff]
Nov 30 14:24:33 ubuntu kernel: [    0.007937]   DMA32    [mem 0x0000000001000000-0x00000000ffffffff]
Nov 30 14:24:33 ubuntu kernel: [    0.007939]   Normal   [mem 0x0000000100000000-0x000000011fffffff]
Nov 30 14:24:33 ubuntu kernel: [    0.007941]   Device   empty
Nov 30 14:24:33 ubuntu kernel: [    0.007942] Movable zone start for each node
Nov 30 14:24:33 ubuntu kernel: [    0.007944] Early memory node ranges
Nov 30 14:24:33 ubuntu kernel: [    0.007945]   node   0: [mem 0x0000000000001000-0x000000000009efff]
Nov 30 14:24:33 ubuntu kernel: [    0.007947]   node   0: [mem 0x0000000000100000-0x00000000dffeffff]
Nov 30 14:24:33 ubuntu kernel: [    0.007948]   node   0: [mem 0x0000000100000000-0x000000011fffffff]
Nov 30 14:24:33 ubuntu kernel: [    0.007950] Initmem setup node 0 [mem 0x0000000000001000-0x000000011fffffff]
Nov 30 14:24:33 ubuntu kernel: [    0.008038] On node 0, zone DMA: 1 pages in unavailable ranges
Nov 30 14:24:33 ubuntu kernel: [    0.009663] On node 0, zone DMA: 97 pages in unavailable ranges
Nov 30 14:24:33 ubuntu kernel: [    0.462854] On node 0, zone Normal: 16 pages in unavailable ranges
Nov 30 14:24:33 ubuntu kernel: [    0.466422] ACPI: PM-Timer IO Port: 0x4008
Nov 30 14:24:33 ubuntu kernel: [    0.466959] IOAPIC[0]: apic_id 3, version 32, address 0xfec00000, GSI 0-23
Nov 30 14:24:33 ubuntu kernel: [    0.466967] ACPI: INT_SRC_OVR (bus 0 bus_irq 0 global_irq 2 dfl dfl)
Nov 30 14:24:33 ubuntu kernel: [    0.466969] ACPI: INT_SRC_OVR (bus 0 bus_irq 9 global_irq 9 low level)
Nov 30 14:24:33 ubuntu kernel: [    0.466976] ACPI: Using ACPI (MADT) for SMP configuration information
Nov 30 14:24:33 ubuntu kernel: [    0.467032] smpboot: Allowing 3 CPUs, 0 hotplug CPUs
Nov 30 14:24:33 ubuntu kernel: [    0.467293] PM: hibernation: Registered nosave memory: [mem 0x00000000-0x00000fff]
Nov 30 14:24:33 ubuntu kernel: [    0.467297] PM: hibernation: Registered nosave memory: [mem 0x0009f000-0x0009ffff]
Nov 30 14:24:33 ubuntu kernel: [    0.467298] PM: hibernation: Registered nosave memory: [mem 0x000a0000-0x000effff]
Nov 30 14:24:33 ubuntu kernel: [    0.467299] PM: hibernation: Registered nosave memory: [mem 0x000f0000-0x000fffff]
Nov 30 14:24:33 ubuntu kernel: [    0.467300] PM: hibernation: Registered nosave memory: [mem 0xdfff0000-0xdfffffff]
Nov 30 14:24:33 ubuntu kernel: [    0.467301] PM: hibernation: Registered nosave memory: [mem 0xe0000000-0xfebfffff]
Nov 30 14:24:33 ubuntu kernel: [    0.467302] PM: hibernation: Registered nosave memory: [mem 0xfec00000-0xfec00fff]
Nov 30 14:24:33 ubuntu kernel: [    0.467303] PM: hibernation: Registered nosave memory: [mem 0xfec01000-0xfedfffff]
Nov 30 14:24:33 ubuntu kernel: [    0.467304] PM: hibernation: Registered nosave memory: [mem 0xfee00000-0xfee00fff]
Nov 30 14:24:33 ubuntu kernel: [    0.467305] PM: hibernation: Registered nosave memory: [mem 0xfee01000-0xfffbffff]
Nov 30 14:24:33 ubuntu kernel: [    0.467306] PM: hibernation: Registered nosave memory: [mem 0xfffc0000-0xffffffff]
Nov 30 14:24:33 ubuntu kernel: [    0.467307] [mem 0xe0000000-0xfebfffff] available for PCI devices
Nov 30 14:24:33 ubuntu kernel: [    0.467309] Booting paravirtualized kernel on KVM
Nov 30 14:24:33 ubuntu kernel: [    0.467311] clocksource: refined-jiffies: mask: 0xffffffff max_cycles: 0xffffffff, max_idle_ns: 7645519600211568 ns
Nov 30 14:24:33 ubuntu kernel: [    0.467319] setup_percpu: NR_CPUS:8192 nr_cpumask_bits:3 nr_cpu_ids:3 nr_node_ids:1
Nov 30 14:24:33 ubuntu kernel: [    0.481472] percpu: Embedded 62 pages/cpu s217088 r8192 d28672 u524288
Nov 30 14:24:33 ubuntu kernel: [    0.481487] pcpu-alloc: s217088 r8192 d28672 u524288 alloc=1*2097152
Nov 30 14:24:33 ubuntu kernel: [    0.481491] pcpu-alloc: [0] 0 1 2 - 
Nov 30 14:24:33 ubuntu kernel: [    0.481728] kvm-guest: PV spinlocks enabled
Nov 30 14:24:33 ubuntu kernel: [    0.481734] PV qspinlock hash table entries: 256 (order: 0, 4096 bytes, linear)
Nov 30 14:24:33 ubuntu kernel: [    0.481743] Fallback order for Node 0: 0 
Nov 30 14:24:33 ubuntu kernel: [    0.481747] Built 1 zonelists, mobility grouping on.  Total pages: 1031920
Nov 30 14:24:33 ubuntu kernel: [    0.481748] Policy zone: Normal
Nov 30 14:24:33 ubuntu kernel: [    0.481750] Kernel command line: BOOT_IMAGE=/casper/vmlinuz file=/cdrom/preseed/ubuntu.seed maybe-ubiquity quiet splash ---
Nov 30 14:24:33 ubuntu kernel: [    0.481867] Unknown kernel command line parameters "maybe-ubiquity splash --- BOOT_IMAGE=/casper/vmlinuz file=/cdrom/preseed/ubuntu.seed", will be passed to user space.
Nov 30 14:24:33 ubuntu kernel: [    0.481912] random: crng init done
Nov 30 14:24:33 ubuntu kernel: [    0.509621] Dentry cache hash table entries: 524288 (order: 10, 4194304 bytes, linear)
Nov 30 14:24:33 ubuntu kernel: [    0.523600] Inode-cache hash table entries: 262144 (order: 9, 2097152 bytes, linear)
Nov 30 14:24:33 ubuntu kernel: [    0.523938] mem auto-init: stack:off, heap alloc:on, heap free:off
Nov 30 14:24:33 ubuntu kernel: [    0.523945] software IO TLB: area num 4.
Nov 30 14:24:33 ubuntu kernel: [    0.781055] Memory: 3848968K/4193848K available (20480K kernel code, 4150K rwdata, 12696K rodata, 4664K init, 17644K bss, 344620K reserved, 0K cma-reserved)
Nov 30 14:24:33 ubuntu kernel: [    0.781914] SLUB: HWalign=64, Order=0-3, MinObjects=0, CPUs=3, Nodes=1
Nov 30 14:24:33 ubuntu kernel: [    0.782066] Kernel/User page tables isolation: enabled
Nov 30 14:24:33 ubuntu kernel: [    0.782498] ftrace: allocating 53364 entries in 209 pages
Nov 30 14:24:33 ubuntu kernel: [    0.799089] ftrace: allocated 209 pages with 4 groups
Nov 30 14:24:33 ubuntu kernel: [    0.802019] Dynamic Preempt: voluntary
Nov 30 14:24:33 ubuntu kernel: [    0.802145] rcu: Preemptible hierarchical RCU implementation.
Nov 30 14:24:33 ubuntu kernel: [    0.802147] rcu: 	RCU restricting CPUs from NR_CPUS=8192 to nr_cpu_ids=3.
Nov 30 14:24:33 ubuntu kernel: [    0.802149] 	Trampoline variant of Tasks RCU enabled.
Nov 30 14:24:33 ubuntu kernel: [    0.802149] 	Rude variant of Tasks RCU enabled.
Nov 30 14:24:33 ubuntu kernel: [    0.802150] 	Tracing variant of Tasks RCU enabled.
Nov 30 14:24:33 ubuntu kernel: [    0.802151] rcu: RCU calculated value of scheduler-enlistment delay is 25 jiffies.
Nov 30 14:24:33 ubuntu kernel: [    0.802152] rcu: Adjusting geometry for rcu_fanout_leaf=16, nr_cpu_ids=3
Nov 30 14:24:33 ubuntu kernel: [    0.809251] NR_IRQS: 524544, nr_irqs: 448, preallocated irqs: 16
Nov 30 14:24:33 ubuntu kernel: [    0.809951] rcu: srcu_init: Setting srcu_struct sizes based on contention.
Nov 30 14:24:33 ubuntu kernel: [    0.901731] Console: colour VGA+ 80x25
Nov 30 14:24:33 ubuntu kernel: [    0.901739] printk: console [tty0] enabled
Nov 30 14:24:33 ubuntu kernel: [    0.901832] ACPI: Core revision 20221020
Nov 30 14:24:33 ubuntu kernel: [    0.903348] APIC: Switch to symmetric I/O mode setup
Nov 30 14:24:33 ubuntu kernel: [    0.934772] ..TIMER: vector=0x30 apic1=0 pin1=2 apic2=-1 pin2=-1
Nov 30 14:24:33 ubuntu kernel: [    0.935293] clocksource: tsc-early: mask: 0xffffffffffffffff max_cycles: 0x255cbea3061, max_idle_ns: 440795313801 ns
Nov 30 14:24:33 ubuntu kernel: [    0.935306] Calibrating delay loop (skipped) preset value.. 5184.01 BogoMIPS (lpj=10368032)
Nov 30 14:24:33 ubuntu kernel: [    0.935310] pid_max: default: 32768 minimum: 301
Nov 30 14:24:33 ubuntu kernel: [    0.935425] LSM: initializing lsm=lockdown,capability,landlock,yama,integrity,apparmor
Nov 30 14:24:33 ubuntu kernel: [    0.935445] landlock: Up and running.
Nov 30 14:24:33 ubuntu kernel: [    0.935447] Yama: becoming mindful.
Nov 30 14:24:33 ubuntu kernel: [    0.935792] AppArmor: AppArmor initialized
Nov 30 14:24:33 ubuntu kernel: [    0.936261] Mount-cache hash table entries: 8192 (order: 4, 65536 bytes, linear)
Nov 30 14:24:33 ubuntu kernel: [    0.939704] Mountpoint-cache hash table entries: 8192 (order: 4, 65536 bytes, linear)
Nov 30 14:24:33 ubuntu kernel: [    0.944347] Last level iTLB entries: 4KB 64, 2MB 8, 4MB 8
Nov 30 14:24:33 ubuntu kernel: [    0.944353] Last level dTLB entries: 4KB 64, 2MB 0, 4MB 0, 1GB 4
Nov 30 14:24:33 ubuntu kernel: [    0.944361] Spectre V1 : Mitigation: usercopy/swapgs barriers and __user pointer sanitization
Nov 30 14:24:33 ubuntu kernel: [    0.944364] Spectre V2 : Mitigation: Retpolines
Nov 30 14:24:33 ubuntu kernel: [    0.944365] Spectre V2 : Spectre v2 / SpectreRSB mitigation: Filling RSB on context switch
Nov 30 14:24:33 ubuntu kernel: [    0.944366] Spectre V2 : Spectre v2 / SpectreRSB : Filling RSB on VMEXIT
Nov 30 14:24:33 ubuntu kernel: [    0.944366] RETBleed: WARNING: Spectre v2 mitigation leaves CPU vulnerable to RETBleed attacks, data leaks possible!
Nov 30 14:24:33 ubuntu kernel: [    0.947309] RETBleed: Vulnerable
Nov 30 14:24:33 ubuntu kernel: [    0.947312] Speculative Store Bypass: Vulnerable
Nov 30 14:24:33 ubuntu kernel: [    0.947323] MDS: Mitigation: Clear CPU buffers
Nov 30 14:24:33 ubuntu kernel: [    0.947324] MMIO Stale Data: Mitigation: Clear CPU buffers
Nov 30 14:24:33 ubuntu kernel: [    0.947326] SRBDS: Unknown: Dependent on hypervisor status
Nov 30 14:24:33 ubuntu kernel: [    0.969632] Freeing SMP alternatives memory: 44K
Nov 30 14:24:33 ubuntu kernel: [    1.080955] APIC calibration not consistent with PM-Timer: 101ms instead of 100ms
Nov 30 14:24:33 ubuntu kernel: [    1.080961] APIC delta adjusted to PM-Timer: 6268753 (6349487)
Nov 30 14:24:33 ubuntu kernel: [    1.081551] smpboot: CPU0: Intel(R) Core(TM) i7-9750H CPU @ 2.60GHz (family: 0x6, model: 0x9e, stepping: 0xa)
Nov 30 14:24:33 ubuntu kernel: [    1.082928] cblist_init_generic: Setting adjustable number of callback queues.
Nov 30 14:24:33 ubuntu kernel: [    1.082931] cblist_init_generic: Setting shift to 2 and lim to 1.
Nov 30 14:24:33 ubuntu kernel: [    1.083297] cblist_init_generic: Setting shift to 2 and lim to 1.
Nov 30 14:24:33 ubuntu kernel: [    1.083301] cblist_init_generic: Setting shift to 2 and lim to 1.
Nov 30 14:24:33 ubuntu kernel: [    1.083301] Performance Events: unsupported p6 CPU model 158 no PMU driver, software events only.
Nov 30 14:24:33 ubuntu kernel: [    1.083301] rcu: Hierarchical SRCU implementation.
Nov 30 14:24:33 ubuntu kernel: [    1.083301] rcu: 	Max phase no-delay instances is 1000.
Nov 30 14:24:33 ubuntu kernel: [    1.083301] NMI watchdog: Perf NMI watchdog permanently disabled
Nov 30 14:24:33 ubuntu kernel: [    1.084097] smp: Bringing up secondary CPUs ...
Nov 30 14:24:33 ubuntu kernel: [    1.085414] x86: Booting SMP configuration:
Nov 30 14:24:33 ubuntu kernel: [    1.085415] .... node  #0, CPUs:      #1
Nov 30 14:24:33 ubuntu kernel: [    1.093998] TSC synchronization [CPU#0 -> CPU#1]:
Nov 30 14:24:33 ubuntu kernel: [    1.094001] Measured 92205 cycles TSC warp between CPUs, turning off TSC clock.
Nov 30 14:24:33 ubuntu kernel: [    1.094003] tsc: Marking TSC unstable due to check_tsc_sync_source failed
Nov 30 14:24:33 ubuntu kernel: [    1.096659]  #2
Nov 30 14:24:33 ubuntu kernel: [    1.104663] smp: Brought up 1 node, 3 CPUs
Nov 30 14:24:33 ubuntu kernel: [    1.104669] smpboot: Max logical packages: 1
Nov 30 14:24:33 ubuntu kernel: [    1.104670] smpboot: Total of 3 processors activated (15552.04 BogoMIPS)
Nov 30 14:24:33 ubuntu kernel: [    1.107928] devtmpfs: initialized
Nov 30 14:24:33 ubuntu kernel: [    1.107928] x86/mm: Memory block size: 128MB
Nov 30 14:24:33 ubuntu kernel: [    1.112724] clocksource: jiffies: mask: 0xffffffff max_cycles: 0xffffffff, max_idle_ns: 7645041785100000 ns
Nov 30 14:24:33 ubuntu kernel: [    1.113158] futex hash table entries: 1024 (order: 4, 65536 bytes, linear)
Nov 30 14:24:33 ubuntu kernel: [    1.113214] pinctrl core: initialized pinctrl subsystem
Nov 30 14:24:33 ubuntu kernel: [    1.114325] PM: RTC time: 14:24:04, date: 2023-11-30
Nov 30 14:24:33 ubuntu kernel: [    1.128218] NET: Registered PF_NETLINK/PF_ROUTE protocol family
Nov 30 14:24:33 ubuntu kernel: [    1.131719] DMA: preallocated 512 KiB GFP_KERNEL pool for atomic allocations
Nov 30 14:24:33 ubuntu kernel: [    1.131793] DMA: preallocated 512 KiB GFP_KERNEL|GFP_DMA pool for atomic allocations
Nov 30 14:24:33 ubuntu kernel: [    1.131862] DMA: preallocated 512 KiB GFP_KERNEL|GFP_DMA32 pool for atomic allocations
Nov 30 14:24:33 ubuntu kernel: [    1.131884] audit: initializing netlink subsys (disabled)
Nov 30 14:24:33 ubuntu kernel: [    1.132448] audit: type=2000 audit(1701354337.778:1): state=initialized audit_enabled=0 res=1
Nov 30 14:24:33 ubuntu kernel: [    1.132448] thermal_sys: Registered thermal governor 'fair_share'
Nov 30 14:24:33 ubuntu kernel: [    1.132448] thermal_sys: Registered thermal governor 'bang_bang'
Nov 30 14:24:33 ubuntu kernel: [    1.132448] thermal_sys: Registered thermal governor 'step_wise'
Nov 30 14:24:33 ubuntu kernel: [    1.132448] thermal_sys: Registered thermal governor 'user_space'
Nov 30 14:24:33 ubuntu kernel: [    1.132448] thermal_sys: Registered thermal governor 'power_allocator'
Nov 30 14:24:33 ubuntu kernel: [    1.132448] EISA bus registered
Nov 30 14:24:33 ubuntu kernel: [    1.132448] cpuidle: using governor ladder
Nov 30 14:24:33 ubuntu kernel: [    1.132448] cpuidle: using governor menu
Nov 30 14:24:33 ubuntu kernel: [    1.132448] acpiphp: ACPI Hot Plug PCI Controller Driver version: 0.5
Nov 30 14:24:33 ubuntu kernel: [    1.133222] PCI: Using configuration type 1 for base access
Nov 30 14:24:33 ubuntu kernel: [    1.135383] kprobes: kprobe jump-optimization is enabled. All kprobes are optimized if possible.
Nov 30 14:24:33 ubuntu kernel: [    1.139499] HugeTLB: registered 2.00 MiB page size, pre-allocated 0 pages
Nov 30 14:24:33 ubuntu kernel: [    1.139506] HugeTLB: 28 KiB vmemmap can be freed for a 2.00 MiB page
Nov 30 14:24:33 ubuntu kernel: [    1.147936] ACPI: Added _OSI(Module Device)
Nov 30 14:24:33 ubuntu kernel: [    1.147939] ACPI: Added _OSI(Processor Device)
Nov 30 14:24:33 ubuntu kernel: [    1.147940] ACPI: Added _OSI(3.0 _SCP Extensions)
Nov 30 14:24:33 ubuntu kernel: [    1.147941] ACPI: Added _OSI(Processor Aggregator Device)
Nov 30 14:24:33 ubuntu kernel: [    1.152126] ACPI: 2 ACPI AML tables successfully acquired and loaded
Nov 30 14:24:33 ubuntu kernel: [    1.156619] ACPI: Interpreter enabled
Nov 30 14:24:33 ubuntu kernel: [    1.156632] ACPI: PM: (supports S0 S5)
Nov 30 14:24:33 ubuntu kernel: [    1.156633] ACPI: Using IOAPIC for interrupt routing
Nov 30 14:24:33 ubuntu kernel: [    1.157344] PCI: Using host bridge windows from ACPI; if necessary, use "pci=nocrs" and report a bug
Nov 30 14:24:33 ubuntu kernel: [    1.157346] PCI: Using E820 reservations for host bridge windows
Nov 30 14:24:33 ubuntu kernel: [    1.157548] ACPI: Enabled 2 GPEs in block 00 to 07
Nov 30 14:24:33 ubuntu kernel: [    1.171906] ACPI: PCI Root Bridge [PCI0] (domain 0000 [bus 00-ff])
Nov 30 14:24:33 ubuntu kernel: [    1.171920] acpi PNP0A03:00: _OSC: OS supports [ASPM ClockPM Segments MSI EDR HPX-Type3]
Nov 30 14:24:33 ubuntu kernel: [    1.171923] acpi PNP0A03:00: _OSC: not requesting OS control; OS requires [ExtendedConfig ASPM ClockPM MSI]
Nov 30 14:24:33 ubuntu kernel: [    1.173147] acpi PNP0A03:00: fail to add MMCONFIG information, can't access extended configuration space under this bridge
Nov 30 14:24:33 ubuntu kernel: [    1.174355] PCI host bridge to bus 0000:00
Nov 30 14:24:33 ubuntu kernel: [    1.174358] pci_bus 0000:00: root bus resource [io  0x0000-0x0cf7 window]
Nov 30 14:24:33 ubuntu kernel: [    1.174361] pci_bus 0000:00: root bus resource [io  0x0d00-0xffff window]
Nov 30 14:24:33 ubuntu kernel: [    1.174363] pci_bus 0000:00: root bus resource [mem 0x000a0000-0x000bffff window]
Nov 30 14:24:33 ubuntu kernel: [    1.174365] pci_bus 0000:00: root bus resource [mem 0xe0000000-0xfdffffff window]
Nov 30 14:24:33 ubuntu kernel: [    1.174367] pci_bus 0000:00: root bus resource [bus 00-ff]
Nov 30 14:24:33 ubuntu kernel: [    1.175049] pci 0000:00:00.0: [8086:1237] type 00 class 0x060000
Nov 30 14:24:33 ubuntu kernel: [    1.177924] pci 0000:00:01.0: [8086:7000] type 00 class 0x060100
Nov 30 14:24:33 ubuntu kernel: [    1.182144] pci 0000:00:01.1: [8086:7111] type 00 class 0x01018a
Nov 30 14:24:33 ubuntu kernel: [    1.183929] pci 0000:00:01.1: reg 0x20: [io  0xd000-0xd00f]
Nov 30 14:24:33 ubuntu kernel: [    1.184818] pci 0000:00:01.1: legacy IDE quirk: reg 0x10: [io  0x01f0-0x01f7]
Nov 30 14:24:33 ubuntu kernel: [    1.184821] pci 0000:00:01.1: legacy IDE quirk: reg 0x14: [io  0x03f6]
Nov 30 14:24:33 ubuntu kernel: [    1.184822] pci 0000:00:01.1: legacy IDE quirk: reg 0x18: [io  0x0170-0x0177]
Nov 30 14:24:33 ubuntu kernel: [    1.184824] pci 0000:00:01.1: legacy IDE quirk: reg 0x1c: [io  0x0376]
Nov 30 14:24:33 ubuntu kernel: [    1.185899] pci 0000:00:02.0: [15ad:0405] type 00 class 0x030000
Nov 30 14:24:33 ubuntu kernel: [    1.188363] pci 0000:00:02.0: reg 0x10: [io  0xd010-0xd01f]
Nov 30 14:24:33 ubuntu kernel: [    1.191305] pci 0000:00:02.0: reg 0x14: [mem 0xe0000000-0xe0ffffff pref]
Nov 30 14:24:33 ubuntu kernel: [    1.193247] pci 0000:00:02.0: reg 0x18: [mem 0xf0000000-0xf01fffff]
Nov 30 14:24:33 ubuntu kernel: [    1.202566] pci 0000:00:02.0: Video device with shadowed ROM at [mem 0x000c0000-0x000dffff]
Nov 30 14:24:33 ubuntu kernel: [    1.204337] pci 0000:00:03.0: [8086:100e] type 00 class 0x020000
Nov 30 14:24:33 ubuntu kernel: [    1.205114] pci 0000:00:03.0: reg 0x10: [mem 0xf0200000-0xf021ffff]
Nov 30 14:24:33 ubuntu kernel: [    1.205978] pci 0000:00:03.0: reg 0x18: [io  0xd020-0xd027]
Nov 30 14:24:33 ubuntu kernel: [    1.209782] pci 0000:00:04.0: [80ee:cafe] type 00 class 0x088000
Nov 30 14:24:33 ubuntu kernel: [    1.211306] pci 0000:00:04.0: reg 0x10: [io  0xd040-0xd05f]
Nov 30 14:24:33 ubuntu kernel: [    1.212225] pci 0000:00:04.0: reg 0x14: [mem 0xf0400000-0xf07fffff]
Nov 30 14:24:33 ubuntu kernel: [    1.213094] pci 0000:00:04.0: reg 0x18: [mem 0xf0800000-0xf0803fff pref]
Nov 30 14:24:33 ubuntu kernel: [    1.218026] pci 0000:00:05.0: [8086:2415] type 00 class 0x040100
Nov 30 14:24:33 ubuntu kernel: [    1.219308] pci 0000:00:05.0: reg 0x10: [io  0xd100-0xd1ff]
Nov 30 14:24:33 ubuntu kernel: [    1.219847] pci 0000:00:05.0: reg 0x14: [io  0xd200-0xd23f]
Nov 30 14:24:33 ubuntu kernel: [    1.223877] pci 0000:00:06.0: [106b:003f] type 00 class 0x0c0310
Nov 30 14:24:33 ubuntu kernel: [    1.224680] pci 0000:00:06.0: reg 0x10: [mem 0xf0804000-0xf0804fff]
Nov 30 14:24:33 ubuntu kernel: [    1.228340] pci 0000:00:07.0: [8086:7113] type 00 class 0x068000
Nov 30 14:24:33 ubuntu kernel: [    1.232804] pci 0000:00:07.0: quirk: [io  0x4000-0x403f] claimed by PIIX4 ACPI
Nov 30 14:24:33 ubuntu kernel: [    1.232864] pci 0000:00:07.0: quirk: [io  0x4100-0x410f] claimed by PIIX4 SMB
Nov 30 14:24:33 ubuntu kernel: [    1.264726] pci 0000:00:0b.0: [8086:265c] type 00 class 0x0c0320
Nov 30 14:24:33 ubuntu kernel: [    1.265571] pci 0000:00:0b.0: reg 0x10: [mem 0xf0805000-0xf0805fff]
Nov 30 14:24:33 ubuntu kernel: [    1.279793] pci 0000:00:0d.0: [8086:2829] type 00 class 0x010601
Nov 30 14:24:33 ubuntu kernel: [    1.280595] pci 0000:00:0d.0: reg 0x10: [io  0xd240-0xd247]
Nov 30 14:24:33 ubuntu kernel: [    1.281032] pci 0000:00:0d.0: reg 0x14: [io  0xd248-0xd24b]
Nov 30 14:24:33 ubuntu kernel: [    1.281463] pci 0000:00:0d.0: reg 0x18: [io  0xd250-0xd257]
Nov 30 14:24:33 ubuntu kernel: [    1.281886] pci 0000:00:0d.0: reg 0x1c: [io  0xd258-0xd25b]
Nov 30 14:24:33 ubuntu kernel: [    1.282539] pci 0000:00:0d.0: reg 0x20: [io  0xd260-0xd26f]
Nov 30 14:24:33 ubuntu kernel: [    1.283029] pci 0000:00:0d.0: reg 0x24: [mem 0xf0806000-0xf0807fff]
Nov 30 14:24:33 ubuntu kernel: [    1.480631] ACPI: PCI: Interrupt link LNKA configured for IRQ 11
Nov 30 14:24:33 ubuntu kernel: [    1.481500] ACPI: PCI: Interrupt link LNKB configured for IRQ 10
Nov 30 14:24:33 ubuntu kernel: [    1.481824] ACPI: PCI: Interrupt link LNKC configured for IRQ 9
Nov 30 14:24:33 ubuntu kernel: [    1.482144] ACPI: PCI: Interrupt link LNKD configured for IRQ 11
Nov 30 14:24:33 ubuntu kernel: [    1.483575] iommu: Default domain type: Translated 
Nov 30 14:24:33 ubuntu kernel: [    1.483578] iommu: DMA domain TLB invalidation policy: lazy mode 
Nov 30 14:24:33 ubuntu kernel: [    1.484132] SCSI subsystem initialized
Nov 30 14:24:33 ubuntu kernel: [    1.484471] libata version 3.00 loaded.
Nov 30 14:24:33 ubuntu kernel: [    1.484471] ACPI: bus type USB registered
Nov 30 14:24:33 ubuntu kernel: [    1.484471] usbcore: registered new interface driver usbfs
Nov 30 14:24:33 ubuntu kernel: [    1.484471] usbcore: registered new interface driver hub
Nov 30 14:24:33 ubuntu kernel: [    1.484471] usbcore: registered new device driver usb
Nov 30 14:24:33 ubuntu kernel: [    1.484471] pps_core: LinuxPPS API ver. 1 registered
Nov 30 14:24:33 ubuntu kernel: [    1.484471] pps_core: Software ver. 5.3.6 - Copyright 2005-2007 Rodolfo Giometti <giometti@linux.it>
Nov 30 14:24:33 ubuntu kernel: [    1.484471] PTP clock support registered
Nov 30 14:24:33 ubuntu kernel: [    1.484471] EDAC MC: Ver: 3.0.0
Nov 30 14:24:33 ubuntu kernel: [    1.491682] NetLabel: Initializing
Nov 30 14:24:33 ubuntu kernel: [    1.491684] NetLabel:  domain hash size = 128
Nov 30 14:24:33 ubuntu kernel: [    1.491686] NetLabel:  protocols = UNLABELED CIPSOv4 CALIPSO
Nov 30 14:24:33 ubuntu kernel: [    1.491707] NetLabel:  unlabeled traffic allowed by default
Nov 30 14:24:33 ubuntu kernel: [    1.491890] mctp: management component transport protocol core
Nov 30 14:24:33 ubuntu kernel: [    1.491890] NET: Registered PF_MCTP protocol family
Nov 30 14:24:33 ubuntu kernel: [    1.491890] PCI: Using ACPI for IRQ routing
Nov 30 14:24:33 ubuntu kernel: [    1.491890] PCI: pci_cache_line_size set to 64 bytes
Nov 30 14:24:33 ubuntu kernel: [    1.492553] e820: reserve RAM buffer [mem 0x0009fc00-0x0009ffff]
Nov 30 14:24:33 ubuntu kernel: [    1.492556] e820: reserve RAM buffer [mem 0xdfff0000-0xdfffffff]
Nov 30 14:24:33 ubuntu kernel: [    1.492772] pci 0000:00:02.0: vgaarb: setting as boot VGA device
Nov 30 14:24:33 ubuntu kernel: [    1.492772] pci 0000:00:02.0: vgaarb: bridge control possible
Nov 30 14:24:33 ubuntu kernel: [    1.492772] pci 0000:00:02.0: vgaarb: VGA device added: decodes=io+mem,owns=io+mem,locks=none
Nov 30 14:24:33 ubuntu kernel: [    1.492772] vgaarb: loaded
Nov 30 14:24:33 ubuntu kernel: [    1.497847] clocksource: Switched to clocksource kvm-clock
Nov 30 14:24:33 ubuntu kernel: [    1.501395] VFS: Disk quotas dquot_6.6.0
Nov 30 14:24:33 ubuntu kernel: [    1.501474] VFS: Dquot-cache hash table entries: 512 (order 0, 4096 bytes)
Nov 30 14:24:33 ubuntu kernel: [    1.502333] AppArmor: AppArmor Filesystem Enabled
Nov 30 14:24:33 ubuntu kernel: [    1.502360] pnp: PnP ACPI init
Nov 30 14:24:33 ubuntu kernel: [    1.503656] pnp: PnP ACPI: found 2 devices
Nov 30 14:24:33 ubuntu kernel: [    1.580657] clocksource: acpi_pm: mask: 0xffffff max_cycles: 0xffffff, max_idle_ns: 2085701024 ns
Nov 30 14:24:33 ubuntu kernel: [    1.580771] NET: Registered PF_INET protocol family
Nov 30 14:24:33 ubuntu kernel: [    1.583623] IP idents hash table entries: 65536 (order: 7, 524288 bytes, linear)
Nov 30 14:24:33 ubuntu kernel: [    1.595580] tcp_listen_portaddr_hash hash table entries: 2048 (order: 3, 32768 bytes, linear)
Nov 30 14:24:33 ubuntu kernel: [    1.597724] Table-perturb hash table entries: 65536 (order: 6, 262144 bytes, linear)
Nov 30 14:24:33 ubuntu kernel: [    1.599636] TCP established hash table entries: 32768 (order: 6, 262144 bytes, linear)
Nov 30 14:24:33 ubuntu kernel: [    1.605326] TCP bind hash table entries: 32768 (order: 8, 1048576 bytes, linear)
Nov 30 14:24:33 ubuntu kernel: [    1.605326] TCP: Hash tables configured (established 32768 bind 32768)
Nov 30 14:24:33 ubuntu kernel: [    1.605326] MPTCP token hash table entries: 4096 (order: 4, 98304 bytes, linear)
Nov 30 14:24:33 ubuntu kernel: [    1.605326] UDP hash table entries: 2048 (order: 4, 65536 bytes, linear)
Nov 30 14:24:33 ubuntu kernel: [    1.605326] UDP-Lite hash table entries: 2048 (order: 4, 65536 bytes, linear)
Nov 30 14:24:33 ubuntu kernel: [    1.605326] NET: Registered PF_UNIX/PF_LOCAL protocol family
Nov 30 14:24:33 ubuntu kernel: [    1.605326] NET: Registered PF_XDP protocol family
Nov 30 14:24:33 ubuntu kernel: [    1.605326] pci_bus 0000:00: resource 4 [io  0x0000-0x0cf7 window]
Nov 30 14:24:33 ubuntu kernel: [    1.605326] pci_bus 0000:00: resource 5 [io  0x0d00-0xffff window]
Nov 30 14:24:33 ubuntu kernel: [    1.605326] pci_bus 0000:00: resource 6 [mem 0x000a0000-0x000bffff window]
Nov 30 14:24:33 ubuntu kernel: [    1.605326] pci_bus 0000:00: resource 7 [mem 0xe0000000-0xfdffffff window]
Nov 30 14:24:33 ubuntu kernel: [    1.605326] pci 0000:00:00.0: Limiting direct PCI/PCI transfers
Nov 30 14:24:33 ubuntu kernel: [    1.618425] PCI: CLS 0 bytes, default 64
Nov 30 14:24:33 ubuntu kernel: [    1.618785] PCI-DMA: Using software bounce buffering for IO (SWIOTLB)
Nov 30 14:24:33 ubuntu kernel: [    1.618787] software IO TLB: mapped [mem 0x00000000dbff0000-0x00000000dfff0000] (64MB)
Nov 30 14:24:33 ubuntu kernel: [    1.619205] platform rtc_cmos: registered platform RTC device (no PNP device found)
Nov 30 14:24:33 ubuntu kernel: [    1.620114] Trying to unpack rootfs image as initramfs...
Nov 30 14:24:33 ubuntu kernel: [    1.621743] Initialise system trusted keyrings
Nov 30 14:24:33 ubuntu kernel: [    1.621753] Key type blacklist registered
Nov 30 14:24:33 ubuntu kernel: [    1.623172] workingset: timestamp_bits=36 max_order=20 bucket_order=0
Nov 30 14:24:33 ubuntu kernel: [    1.623452] zbud: loaded
Nov 30 14:24:33 ubuntu kernel: [    1.624899] squashfs: version 4.0 (2009/01/31) Phillip Lougher
Nov 30 14:24:33 ubuntu kernel: [    1.626805] fuse: init (API version 7.38)
Nov 30 14:24:33 ubuntu kernel: [    1.629884] integrity: Platform Keyring initialized
Nov 30 14:24:33 ubuntu kernel: [    1.629887] integrity: Machine keyring initialized
Nov 30 14:24:33 ubuntu kernel: [    1.636098] Key type asymmetric registered
Nov 30 14:24:33 ubuntu kernel: [    1.636098] Asymmetric key parser 'x509' registered
Nov 30 14:24:33 ubuntu kernel: [    1.636098] Block layer SCSI generic (bsg) driver version 0.4 loaded (major 243)
Nov 30 14:24:33 ubuntu kernel: [    1.640986] io scheduler mq-deadline registered
Nov 30 14:24:33 ubuntu kernel: [    1.644604] shpchp: Standard Hot Plug PCI Controller Driver version: 0.4
Nov 30 14:24:33 ubuntu kernel: [    1.645043] ACPI: AC: AC Adapter [AC] (on-line)
Nov 30 14:24:33 ubuntu kernel: [    1.645131] input: Power Button as /devices/LNXSYSTM:00/LNXPWRBN:00/input/input0
Nov 30 14:24:33 ubuntu kernel: [    1.645204] ACPI: button: Power Button [PWRF]
Nov 30 14:24:33 ubuntu kernel: [    1.645421] input: Sleep Button as /devices/LNXSYSTM:00/LNXSLPBN:00/input/input1
Nov 30 14:24:33 ubuntu kernel: [    1.645474] ACPI: button: Sleep Button [SLPF]
Nov 30 14:24:33 ubuntu kernel: [    1.650618] ACPI: battery: Slot [BAT0] (battery present)
Nov 30 14:24:33 ubuntu kernel: [    1.651522] Serial: 8250/16550 driver, 32 ports, IRQ sharing enabled
Nov 30 14:24:33 ubuntu kernel: [    1.675041] Linux agpgart interface v0.103
Nov 30 14:24:33 ubuntu kernel: [    1.695621] loop: module loaded
Nov 30 14:24:33 ubuntu kernel: [    1.697625] ata_piix 0000:00:01.1: version 2.13
Nov 30 14:24:33 ubuntu kernel: [    1.701385] scsi host0: ata_piix
Nov 30 14:24:33 ubuntu kernel: [    1.703679] scsi host1: ata_piix
Nov 30 14:24:33 ubuntu kernel: [    1.703820] ata1: PATA max UDMA/33 cmd 0x1f0 ctl 0x3f6 bmdma 0xd000 irq 14
Nov 30 14:24:33 ubuntu kernel: [    1.703823] ata2: PATA max UDMA/33 cmd 0x170 ctl 0x376 bmdma 0xd008 irq 15
Nov 30 14:24:33 ubuntu kernel: [    1.704880] tun: Universal TUN/TAP device driver, 1.6
Nov 30 14:24:33 ubuntu kernel: [    1.706183] PPP generic driver version 2.4.2
Nov 30 14:24:33 ubuntu kernel: [    1.709785] ohci-pci 0000:00:06.0: OHCI PCI host controller
Nov 30 14:24:33 ubuntu kernel: [    1.709794] ohci-pci 0000:00:06.0: new USB bus registered, assigned bus number 1
Nov 30 14:24:33 ubuntu kernel: [    1.710580] ohci-pci 0000:00:06.0: irq 22, io mem 0xf0804000
Nov 30 14:24:33 ubuntu kernel: [    2.222758] usb usb1: New USB device found, idVendor=1d6b, idProduct=0001, bcdDevice= 6.02
Nov 30 14:24:33 ubuntu kernel: [    2.222764] usb usb1: New USB device strings: Mfr=3, Product=2, SerialNumber=1
Nov 30 14:24:33 ubuntu kernel: [    2.222767] usb usb1: Product: OHCI PCI host controller
Nov 30 14:24:33 ubuntu kernel: [    2.222768] usb usb1: Manufacturer: Linux 6.2.0-26-generic ohci_hcd
Nov 30 14:24:33 ubuntu kernel: [    2.222770] usb usb1: SerialNumber: 0000:00:06.0
Nov 30 14:24:33 ubuntu kernel: [    2.227772] ata2.00: ATAPI: VBOX CD-ROM, 1.0, max UDMA/133
Nov 30 14:24:33 ubuntu kernel: [    2.264307] hub 1-0:1.0: USB hub found
Nov 30 14:24:33 ubuntu kernel: [    2.264597] hub 1-0:1.0: 12 ports detected
Nov 30 14:24:33 ubuntu kernel: [    2.267671] i8042: PNP: PS/2 Controller [PNP0303:PS2K,PNP0f03:PS2M] at 0x60,0x64 irq 1,12
Nov 30 14:24:33 ubuntu kernel: [    2.271212] scsi 1:0:0:0: CD-ROM            VBOX     CD-ROM           1.0  PQ: 0 ANSI: 5
Nov 30 14:24:33 ubuntu kernel: [    2.268074] ehci-pci 0000:00:0b.0: EHCI Host Controller
Nov 30 14:24:33 ubuntu kernel: [    2.268074] ehci-pci 0000:00:0b.0: new USB bus registered, assigned bus number 2
Nov 30 14:24:33 ubuntu kernel: [    2.279001] sr 1:0:0:0: [sr0] scsi3-mmc drive: 32x/32x xa/form2 tray
Nov 30 14:24:33 ubuntu kernel: [    2.279010] cdrom: Uniform CD-ROM driver Revision: 3.20
Nov 30 14:24:33 ubuntu kernel: [    2.279305] ehci-pci 0000:00:0b.0: irq 19, io mem 0xf0805000
Nov 30 14:24:33 ubuntu kernel: [    2.283343] serio: i8042 KBD port at 0x60,0x64 irq 1
Nov 30 14:24:33 ubuntu kernel: [    2.283356] serio: i8042 AUX port at 0x60,0x64 irq 12
Nov 30 14:24:33 ubuntu kernel: [    2.285790] mousedev: PS/2 mouse device common for all mice
Nov 30 14:24:33 ubuntu kernel: [    2.296941] ehci-pci 0000:00:0b.0: USB 2.0 started, EHCI 1.00
Nov 30 14:24:33 ubuntu kernel: [    2.297122] usb usb2: New USB device found, idVendor=1d6b, idProduct=0002, bcdDevice= 6.02
Nov 30 14:24:33 ubuntu kernel: [    2.297126] usb usb2: New USB device strings: Mfr=3, Product=2, SerialNumber=1
Nov 30 14:24:33 ubuntu kernel: [    2.297128] usb usb2: Product: EHCI Host Controller
Nov 30 14:24:33 ubuntu kernel: [    2.297130] usb usb2: Manufacturer: Linux 6.2.0-26-generic ehci_hcd
Nov 30 14:24:33 ubuntu kernel: [    2.297132] usb usb2: SerialNumber: 0000:00:0b.0
Nov 30 14:24:33 ubuntu kernel: [    2.298476] hub 2-0:1.0: USB hub found
Nov 30 14:24:33 ubuntu kernel: [    2.298572] hub 2-0:1.0: 12 ports detected
Nov 30 14:24:33 ubuntu kernel: [    2.305236] input: AT Translated Set 2 keyboard as /devices/platform/i8042/serio0/input/input2
Nov 30 14:24:33 ubuntu kernel: [    2.305746] sr 1:0:0:0: Attached scsi CD-ROM sr0
Nov 30 14:24:33 ubuntu kernel: [    2.307880] sr 1:0:0:0: Attached scsi generic sg0 type 5
Nov 30 14:24:33 ubuntu kernel: [    2.309150] rtc_cmos rtc_cmos: registered as rtc0
Nov 30 14:24:33 ubuntu kernel: [    2.309721] rtc_cmos rtc_cmos: setting system clock to 2023-11-30T14:24:05 UTC (1701354245)
Nov 30 14:24:33 ubuntu kernel: [    2.309995] rtc_cmos rtc_cmos: alarms up to one day, 114 bytes nvram
Nov 30 14:24:33 ubuntu kernel: [    2.310012] i2c_dev: i2c /dev entries driver
Nov 30 14:24:33 ubuntu kernel: [    2.310038] device-mapper: core: CONFIG_IMA_DISABLE_HTABLE is disabled. Duplicate IMA measurements will not be recorded in the IMA log.
Nov 30 14:24:33 ubuntu kernel: [    2.310118] device-mapper: uevent: version 1.0.3
Nov 30 14:24:33 ubuntu kernel: [    2.310869] device-mapper: ioctl: 4.47.0-ioctl (2022-07-28) initialised: dm-devel@redhat.com
Nov 30 14:24:33 ubuntu kernel: [    2.310904] platform eisa.0: Probing EISA bus 0
Nov 30 14:24:33 ubuntu kernel: [    2.310907] platform eisa.0: EISA: Cannot allocate resource for mainboard
Nov 30 14:24:33 ubuntu kernel: [    2.310909] platform eisa.0: Cannot allocate resource for EISA slot 1
Nov 30 14:24:33 ubuntu kernel: [    2.310911] platform eisa.0: Cannot allocate resource for EISA slot 2
Nov 30 14:24:33 ubuntu kernel: [    2.310912] platform eisa.0: Cannot allocate resource for EISA slot 3
Nov 30 14:24:33 ubuntu kernel: [    2.310913] platform eisa.0: Cannot allocate resource for EISA slot 4
Nov 30 14:24:33 ubuntu kernel: [    2.310914] platform eisa.0: Cannot allocate resource for EISA slot 5
Nov 30 14:24:33 ubuntu kernel: [    2.310916] platform eisa.0: Cannot allocate resource for EISA slot 6
Nov 30 14:24:33 ubuntu kernel: [    2.310917] platform eisa.0: Cannot allocate resource for EISA slot 7
Nov 30 14:24:33 ubuntu kernel: [    2.310918] platform eisa.0: Cannot allocate resource for EISA slot 8
Nov 30 14:24:33 ubuntu kernel: [    2.310919] platform eisa.0: EISA: Detected 0 cards
Nov 30 14:24:33 ubuntu kernel: [    2.310922] intel_pstate: CPU model not supported
Nov 30 14:24:33 ubuntu kernel: [    2.316387] ledtrig-cpu: registered to indicate activity on CPUs
Nov 30 14:24:33 ubuntu kernel: [    2.316646] drop_monitor: Initializing network drop monitor service
Nov 30 14:24:33 ubuntu kernel: [    2.320225] NET: Registered PF_INET6 protocol family
Nov 30 14:24:33 ubuntu kernel: [    6.007174] usb 1-1: new full-speed USB device number 2 using ohci-pci
Nov 30 14:24:33 ubuntu kernel: [    6.029434] Freeing initrd memory: 143488K
Nov 30 14:24:33 ubuntu kernel: [    6.055754] Segment Routing with IPv6
Nov 30 14:24:33 ubuntu kernel: [    6.055773] In-situ OAM (IOAM) with IPv6
Nov 30 14:24:33 ubuntu kernel: [    6.055812] NET: Registered PF_PACKET protocol family
Nov 30 14:24:33 ubuntu kernel: [    6.056475] Key type dns_resolver registered
Nov 30 14:24:33 ubuntu kernel: [    6.060164] IPI shorthand broadcast: enabled
Nov 30 14:24:33 ubuntu kernel: [    6.061802] sched_clock: Marking stable (5946963554, 113081366)->(6103631515, -43586595)
Nov 30 14:24:33 ubuntu kernel: [    6.064165] registered taskstats version 1
Nov 30 14:24:33 ubuntu kernel: [    6.070284] Loading compiled-in X.509 certificates
Nov 30 14:24:33 ubuntu kernel: [    6.071869] Loaded X.509 cert 'Build time autogenerated kernel key: 7e8a911f7d9cb786faff21a04ffcc222d06c6972'
Nov 30 14:24:33 ubuntu kernel: [    6.072448] Loaded X.509 cert 'Canonical Ltd. Live Patch Signing: 14df34d1a87cf37625abec039ef2bf521249b969'
Nov 30 14:24:33 ubuntu kernel: [    6.073016] Loaded X.509 cert 'Canonical Ltd. Kernel Module Signing: 88f752e560a1e0737e31163a466ad7b70a850c19'
Nov 30 14:24:33 ubuntu kernel: [    6.073018] blacklist: Loading compiled-in revocation X.509 certificates
Nov 30 14:24:33 ubuntu kernel: [    6.073038] Loaded X.509 cert 'Canonical Ltd. Secure Boot Signing: 61482aa2830d0ab2ad5af10b7250da9033ddcef0'
Nov 30 14:24:33 ubuntu kernel: [    6.073057] Loaded X.509 cert 'Canonical Ltd. Secure Boot Signing (2017): 242ade75ac4a15e50d50c84b0d45ff3eae707a03'
Nov 30 14:24:33 ubuntu kernel: [    6.073073] Loaded X.509 cert 'Canonical Ltd. Secure Boot Signing (ESM 2018): 365188c1d374d6b07c3c8f240f8ef722433d6a8b'
Nov 30 14:24:33 ubuntu kernel: [    6.073089] Loaded X.509 cert 'Canonical Ltd. Secure Boot Signing (2019): c0746fd6c5da3ae827864651ad66ae47fe24b3e8'
Nov 30 14:24:33 ubuntu kernel: [    6.073110] Loaded X.509 cert 'Canonical Ltd. Secure Boot Signing (2021 v1): a8d54bbb3825cfb94fa13c9f8a594a195c107b8d'
Nov 30 14:24:33 ubuntu kernel: [    6.073127] Loaded X.509 cert 'Canonical Ltd. Secure Boot Signing (2021 v2): 4cf046892d6fd3c9a5b03f98d845f90851dc6a8c'
Nov 30 14:24:33 ubuntu kernel: [    6.073143] Loaded X.509 cert 'Canonical Ltd. Secure Boot Signing (2021 v3): 100437bb6de6e469b581e61cd66bce3ef4ed53af'
Nov 30 14:24:33 ubuntu kernel: [    6.073159] Loaded X.509 cert 'Canonical Ltd. Secure Boot Signing (Ubuntu Core 2019): c1d57b8f6b743f23ee41f4f7ee292f06eecadfb9'
Nov 30 14:24:33 ubuntu kernel: [    6.073266] zswap: loaded using pool lzo/zbud
Nov 30 14:24:33 ubuntu kernel: [    6.077755] Key type .fscrypt registered
Nov 30 14:24:33 ubuntu kernel: [    6.077758] Key type fscrypt-provisioning registered
Nov 30 14:24:33 ubuntu kernel: [    6.103576] Key type encrypted registered
Nov 30 14:24:33 ubuntu systemd[1]: Started Periodic ext4 Online Metadata Check for All Filesystems.
Nov 30 14:24:33 ubuntu systemd[1]: Started Discard unused blocks once a week.
Nov 30 14:24:33 ubuntu systemd[1]: Started Refresh fwupd metadata regularly.
Nov 30 14:24:33 ubuntu systemd[1]: Started Daily rotation of log files.
Nov 30 14:24:33 ubuntu systemd[1]: Started Daily man-db regeneration.
Nov 30 14:24:33 ubuntu systemd[1]: Started Message of the Day.
Nov 30 14:24:33 ubuntu systemd[1]: Condition check resulted in Timer to automatically fetch and run repair assertions being skipped.
Nov 30 14:24:33 ubuntu systemd[1]: Started Daily Cleanup of Temporary Directories.
Nov 30 14:24:33 ubuntu systemd[1]: Condition check resulted in Ubuntu Pro Timer for running repeated jobs being skipped.
Nov 30 14:24:33 ubuntu systemd[1]: Started Clean up old snapshots to free space.
Nov 30 14:24:33 ubuntu systemd[1]: Reached target Path Units.
Nov 30 14:24:33 ubuntu systemd[1]: Listening on ACPID Listen Socket.
Nov 30 14:24:33 ubuntu systemd[1]: Condition check resulted in Unix socket for apport crash forwarding being skipped.
Nov 30 14:24:33 ubuntu systemd[1]: Listening on Avahi mDNS/DNS-SD Stack Activation Socket.
Nov 30 14:24:33 ubuntu systemd[1]: Listening on CUPS Scheduler.
Nov 30 14:24:33 ubuntu systemd[1]: Listening on D-Bus System Message Bus Socket.
Nov 30 14:24:33 ubuntu systemd[1]: Starting Socket activation for snappy daemon...
Nov 30 14:24:33 ubuntu systemd[1]: Listening on UUID daemon activation socket.
Nov 30 14:24:33 ubuntu systemd[1]: Listening on Socker activation for zsys daemon.
Nov 30 14:24:33 ubuntu systemd[1]: Listening on Socket activation for snappy daemon.
Nov 30 14:24:33 ubuntu systemd[1]: Reached target Socket Units.
Nov 30 14:24:33 ubuntu systemd[1]: Reached target Basic System.
Nov 30 14:24:33 ubuntu systemd[1]: Started ACPI event daemon.
Nov 30 14:24:33 ubuntu systemd[1]: Started Run anacron jobs.
Nov 30 14:24:33 ubuntu systemd[1]: Starting LSB: automatic crash report generation...
Nov 30 14:24:33 ubuntu systemd[1]: Starting Avahi mDNS/DNS-SD Stack...
Nov 30 14:24:33 ubuntu systemd[1]: Started D-Bus System Message Bus.
Nov 30 14:24:33 ubuntu systemd[1]: Starting Network Manager...
Nov 30 14:24:33 ubuntu systemd[1]: Started Save initial kernel messages after boot.
Nov 30 14:24:33 ubuntu systemd[1]: Starting Remove Stale Online ext4 Metadata Check Snapshots...
Nov 30 14:24:33 ubuntu systemd[1]: Condition check resulted in getty on tty2-tty6 if dbus and logind are not available being skipped.
Nov 30 14:24:33 ubuntu systemd[1]: Reached target Login Prompts.
Nov 30 14:24:33 ubuntu systemd[1]: Starting Detect the available GPUs and deal with any system changes...
Nov 30 14:24:33 ubuntu systemd[1]: Condition check resulted in Record successful boot for GRUB being skipped.
Nov 30 14:24:33 ubuntu systemd[1]: Condition check resulted in GRUB failed boot detection being skipped.
Nov 30 14:24:33 ubuntu avahi-daemon[1310]: Found user 'avahi' (UID 114) and group 'avahi' (GID 121).
Nov 30 14:24:33 ubuntu systemd[1]: Started irqbalance daemon.
Nov 30 14:24:33 ubuntu systemd[1]: Starting Dispatcher daemon for systemd-networkd...
Nov 30 14:24:33 ubuntu systemd[1]: Starting Authorization Manager...
Nov 30 14:24:33 ubuntu systemd[1]: Starting Power Profiles daemon...
Nov 30 14:24:33 ubuntu systemd[1]: Starting System Logging Service...
Nov 30 14:24:33 ubuntu systemd[1]: Condition check resulted in Secure Boot updates for DB and DBX being skipped.
Nov 30 14:24:33 ubuntu systemd[1]: Started Userspace listener for prompt events.
Nov 30 14:24:33 ubuntu systemd[1]: Condition check resulted in Automatically repair incorrect owner/permissions on core devices being skipped.
Nov 30 14:24:33 ubuntu systemd[1]: Condition check resulted in Wait for the Ubuntu Core chooser trigger being skipped.
Nov 30 14:24:33 ubuntu systemd[1]: Reached target Preparation for Logins.
Nov 30 14:24:33 ubuntu systemd[1]: Starting Snap Daemon...
Nov 30 14:24:33 ubuntu acpid: starting up with netlink and the input layer
Nov 30 14:24:33 ubuntu systemd[1]: Condition check resulted in System Security Services Daemon being skipped.
Nov 30 14:24:33 ubuntu systemd[1]: Reached target User and Group Name Lookups.
Nov 30 14:24:33 ubuntu systemd[1]: sssd-nss.socket: Bound to unit sssd.service, but unit isn't active.
Nov 30 14:24:33 ubuntu systemd[1]: Dependency failed for SSSD NSS Service responder socket.
Nov 30 14:24:33 ubuntu systemd[1]: sssd-nss.socket: Job sssd-nss.socket/start failed with result 'dependency'.
Nov 30 14:24:33 ubuntu systemd[1]: sssd-autofs.socket: Bound to unit sssd.service, but unit isn't active.
Nov 30 14:24:33 ubuntu systemd[1]: Dependency failed for SSSD AutoFS Service responder socket.
Nov 30 14:24:33 ubuntu systemd[1]: sssd-autofs.socket: Job sssd-autofs.socket/start failed with result 'dependency'.
Nov 30 14:24:33 ubuntu systemd[1]: sssd-pac.socket: Bound to unit sssd.service, but unit isn't active.
Nov 30 14:24:33 ubuntu systemd[1]: Dependency failed for SSSD PAC Service responder socket.
Nov 30 14:24:33 ubuntu systemd[1]: sssd-pac.socket: Job sssd-pac.socket/start failed with result 'dependency'.
Nov 30 14:24:33 ubuntu systemd[1]: sssd-pam-priv.socket: Bound to unit sssd.service, but unit isn't active.
Nov 30 14:24:33 ubuntu systemd[1]: Dependency failed for SSSD PAM Service responder private socket.
Nov 30 14:24:33 ubuntu systemd[1]: Dependency failed for SSSD PAM Service responder socket.
Nov 30 14:24:33 ubuntu systemd[1]: sssd-pam.socket: Job sssd-pam.socket/start failed with result 'dependency'.
Nov 30 14:24:33 ubuntu systemd[1]: sssd-pam-priv.socket: Job sssd-pam-priv.socket/start failed with result 'dependency'.
Nov 30 14:24:33 ubuntu systemd[1]: sssd-ssh.socket: Bound to unit sssd.service, but unit isn't active.
Nov 30 14:24:33 ubuntu systemd[1]: Dependency failed for SSSD SSH Service responder socket.
Nov 30 14:24:33 ubuntu systemd[1]: sssd-ssh.socket: Job sssd-ssh.socket/start failed with result 'dependency'.
Nov 30 14:24:33 ubuntu systemd[1]: sssd-sudo.socket: Bound to unit sssd.service, but unit isn't active.
Nov 30 14:24:33 ubuntu systemd[1]: Dependency failed for SSSD Sudo Service responder socket.
Nov 30 14:24:33 ubuntu systemd[1]: sssd-sudo.socket: Job sssd-sudo.socket/start failed with result 'dependency'.
Nov 30 14:24:33 ubuntu systemd[1]: Starting Accounts Service...
Nov 30 14:24:33 ubuntu systemd[1]: Started Regular background program processing daemon.
Nov 30 14:24:33 ubuntu systemd[1]: Starting Switcheroo Control Proxy service...
Nov 30 14:24:33 ubuntu systemd[1]: Starting User Login Management...
Nov 30 14:24:33 ubuntu systemd[1]: Condition check resulted in Thermal Daemon Service being skipped.
Nov 30 14:24:33 ubuntu systemd[1]: Condition check resulted in Ubuntu Pro reboot cmds being skipped.
Nov 30 14:24:33 ubuntu systemd[1]: Starting Ubuntu live CD installer...
Nov 30 14:24:33 ubuntu systemd[1]: Starting Disk Manager...
Nov 30 14:24:33 ubuntu systemd[1]: Starting WPA supplicant...
Nov 30 14:24:33 ubuntu systemd[1]: Starting ZFS file system shares...
Nov 30 14:24:33 ubuntu systemd[1]: Started ZFS Event Daemon (zed).
Nov 30 14:24:33 ubuntu systemd[1]: Starting ZSYS daemon service...
Nov 30 14:24:33 ubuntu systemd[1]: anacron.service: Deactivated successfully.
Nov 30 14:24:33 ubuntu systemd[1]: e2scrub_reap.service: Deactivated successfully.
Nov 30 14:24:33 ubuntu systemd[1]: Finished Remove Stale Online ext4 Metadata Check Snapshots.
Nov 30 14:24:33 ubuntu systemd[1]: Finished ZFS file system shares.
Nov 30 14:24:33 ubuntu systemd[1]: Reached target ZFS startup target.
Nov 30 14:24:33 ubuntu avahi-daemon[1310]: Successfully dropped root privileges.
Nov 30 14:24:33 ubuntu avahi-daemon[1310]: avahi-daemon 0.8 starting up.
Nov 30 14:24:33 ubuntu cron[1342]: (CRON) INFO (pidfile fd = 3)
Nov 30 14:24:33 ubuntu acpid: 8 rules loaded
Nov 30 14:24:33 ubuntu acpid: waiting for events: event logging is off
Nov 30 14:24:33 ubuntu cron[1342]: (CRON) INFO (Running @reboot jobs)
Nov 30 14:24:33 ubuntu systemd[1]: Started System Logging Service.
Nov 30 14:24:33 ubuntu rsyslogd: imuxsock: Acquired UNIX socket '/run/systemd/journal/syslog' (fd 3) from systemd.  [v8.2112.0]
Nov 30 14:24:33 ubuntu rsyslogd: rsyslogd's groupid changed to 111
Nov 30 14:24:33 ubuntu rsyslogd: rsyslogd's userid changed to 104
Nov 30 14:24:33 ubuntu apport[1309]:  * Starting automatic crash report generation: apport
Nov 30 14:24:33 ubuntu rsyslogd: [origin software="rsyslogd" swVersion="8.2112.0" x-pid="1327" x-info="https://www.rsyslog.com"] start
Nov 30 14:24:33 ubuntu kernel: [    6.103583] AppArmor: AppArmor sha1 policy hashing enabled
Nov 30 14:24:33 ubuntu kernel: [    6.103595] ima: No TPM chip found, activating TPM-bypass!
Nov 30 14:24:33 ubuntu kernel: [    6.103600] Loading compiled-in module X.509 certificates
Nov 30 14:24:33 ubuntu kernel: [    6.104189] Loaded X.509 cert 'Build time autogenerated kernel key: 7e8a911f7d9cb786faff21a04ffcc222d06c6972'
Nov 30 14:24:33 ubuntu kernel: [    6.104192] ima: Allocated hash algorithm: sha1
Nov 30 14:24:33 ubuntu kernel: [    6.104199] ima: No architecture policies found
Nov 30 14:24:33 ubuntu kernel: [    6.104212] evm: Initialising EVM extended attributes:
Nov 30 14:24:33 ubuntu kernel: [    6.104213] evm: security.selinux
Nov 30 14:24:33 ubuntu kernel: [    6.104214] evm: security.SMACK64
Nov 30 14:24:33 ubuntu kernel: [    6.104215] evm: security.SMACK64EXEC
Nov 30 14:24:33 ubuntu kernel: [    6.104216] evm: security.SMACK64TRANSMUTE
Nov 30 14:24:33 ubuntu kernel: [    6.104217] evm: security.SMACK64MMAP
Nov 30 14:24:33 ubuntu kernel: [    6.104218] evm: security.apparmor
Nov 30 14:24:33 ubuntu kernel: [    6.104218] evm: security.ima
Nov 30 14:24:33 ubuntu kernel: [    6.104219] evm: security.capability
Nov 30 14:24:33 ubuntu kernel: [    6.104220] evm: HMAC attrs: 0x1
Nov 30 14:24:33 ubuntu kernel: [    6.104514] PM:   Magic number: 15:146:436
Nov 30 14:24:33 ubuntu kernel: [    6.107997] RAS: Correctable Errors collector initialized.
Nov 30 14:24:33 ubuntu kernel: [    6.111732] Freeing unused decrypted memory: 2036K
Nov 30 14:24:33 ubuntu kernel: [    6.112806] Freeing unused kernel image (initmem) memory: 4664K
Nov 30 14:24:33 ubuntu kernel: [    6.127708] Write protecting the kernel read-only data: 34816k
Nov 30 14:24:33 ubuntu kernel: [    6.129474] Freeing unused kernel image (rodata/data gap) memory: 1640K
Nov 30 14:24:33 ubuntu kernel: [    6.191269] x86/mm: Checked W+X mappings: passed, no W+X pages found.
Nov 30 14:24:33 ubuntu kernel: [    6.191275] x86/mm: Checking user space page tables
Nov 30 14:24:33 ubuntu kernel: [    6.248612] x86/mm: Checked W+X mappings: passed, no W+X pages found.
Nov 30 14:24:33 ubuntu kernel: [    6.248625] Run /init as init process
Nov 30 14:24:33 ubuntu kernel: [    6.248628]   with arguments:
Nov 30 14:24:33 ubuntu kernel: [    6.248629]     /init
Nov 30 14:24:33 ubuntu kernel: [    6.248630]     maybe-ubiquity
Nov 30 14:24:33 ubuntu kernel: [    6.248631]     splash
Nov 30 14:24:33 ubuntu kernel: [    6.248632]     ---
Nov 30 14:24:33 ubuntu kernel: [    6.248633]   with environment:
Nov 30 14:24:33 ubuntu kernel: [    6.248634]     HOME=/
Nov 30 14:24:33 ubuntu kernel: [    6.248635]     TERM=linux
Nov 30 14:24:33 ubuntu kernel: [    6.248636]     BOOT_IMAGE=/casper/vmlinuz
Nov 30 14:24:33 ubuntu kernel: [    6.248637]     file=/cdrom/preseed/ubuntu.seed
Nov 30 14:24:33 ubuntu kernel: [    6.385622] usb 1-1: New USB device found, idVendor=80ee, idProduct=0021, bcdDevice= 1.00
Nov 30 14:24:33 ubuntu kernel: [    6.385629] usb 1-1: New USB device strings: Mfr=1, Product=3, SerialNumber=0
Nov 30 14:24:33 ubuntu kernel: [    6.385631] usb 1-1: Product: USB Tablet
Nov 30 14:24:33 ubuntu kernel: [    6.385633] usb 1-1: Manufacturer: VirtualBox
Nov 30 14:24:33 ubuntu kernel: [    6.458910] hid: raw HID events driver (C) Jiri Kosina
Nov 30 14:24:33 ubuntu kernel: [    6.476257] piix4_smbus 0000:00:07.0: SMBus Host Controller at 0x4100, revision 0
Nov 30 14:24:33 ubuntu kernel: [    6.534956] usbcore: registered new interface driver usbhid
Nov 30 14:24:33 ubuntu kernel: [    6.534961] usbhid: USB HID core driver
Nov 30 14:24:33 ubuntu kernel: [    6.571180] cryptd: max_cpu_qlen set to 1000
Nov 30 14:24:33 ubuntu kernel: [    6.617025] ahci 0000:00:0d.0: version 3.0
Nov 30 14:24:33 ubuntu kernel: [    6.624818] ACPI: video: Video Device [GFX0] (multi-head: yes  rom: no  post: no)
Nov 30 14:24:33 ubuntu kernel: [    6.624989] input: Video Bus as /devices/LNXSYSTM:00/LNXSYBUS:00/PNP0A03:00/LNXVIDEO:00/input/input5
Nov 30 14:24:33 ubuntu kernel: [    6.628259] e1000: Intel(R) PRO/1000 Network Driver
Nov 30 14:24:33 ubuntu kernel: [    6.628265] e1000: Copyright (c) 1999-2006 Intel Corporation.
Nov 30 14:24:33 ubuntu kernel: [    6.636295] ahci 0000:00:0d.0: SSS flag set, parallel bus scan disabled
Nov 30 14:24:33 ubuntu kernel: [    6.637720] ahci 0000:00:0d.0: AHCI 0001.0100 32 slots 1 ports 3 Gbps 0x1 impl SATA mode
Nov 30 14:24:33 ubuntu kernel: [    6.637727] ahci 0000:00:0d.0: flags: 64bit ncq stag only ccc 
Nov 30 14:24:33 ubuntu kernel: [    6.649059] SSE version of gcm_enc/dec engaged.
Nov 30 14:24:33 ubuntu kernel: [    6.652125] ACPI: bus type drm_connector registered
Nov 30 14:24:33 ubuntu kernel: [    6.666199] scsi host2: ahci
Nov 30 14:24:33 ubuntu kernel: [    6.666401] ata3: SATA max UDMA/133 abar m8192@0xf0806000 port 0xf0806100 irq 21
Nov 30 14:24:33 ubuntu kernel: [    6.676813] input: VirtualBox USB Tablet as /devices/pci0000:00/0000:00:06.0/usb1/1-1/1-1:1.0/0003:80EE:0021.0001/input/input6
Nov 30 14:24:33 ubuntu kernel: [    6.680618] hid-generic 0003:80EE:0021.0001: input,hidraw0: USB HID v1.10 Mouse [VirtualBox USB Tablet] on usb-0000:00:06.0-1/input0
Nov 30 14:24:33 ubuntu kernel: [    6.824444] input: ImExPS/2 Generic Explorer Mouse as /devices/platform/i8042/serio1/input/input4
Nov 30 14:24:33 ubuntu kernel: [    6.985630] ata3: SATA link up 3.0 Gbps (SStatus 123 SControl 300)
Nov 30 14:24:33 ubuntu kernel: [    6.986491] ata3.00: ATA-6: VBOX HARDDISK, 1.0, max UDMA/133
Nov 30 14:24:33 ubuntu kernel: [    6.986495] ata3.00: 167772032 sectors, multi 128: LBA48 NCQ (depth 32)
Nov 30 14:24:33 ubuntu kernel: [    6.988437] ata3.00: configured for UDMA/133
Nov 30 14:24:33 ubuntu kernel: [    6.989028] scsi 2:0:0:0: Direct-Access     ATA      VBOX HARDDISK    1.0  PQ: 0 ANSI: 5
Nov 30 14:24:33 ubuntu kernel: [    6.989906] sd 2:0:0:0: Attached scsi generic sg1 type 0
Nov 30 14:24:33 ubuntu kernel: [    6.990094] sd 2:0:0:0: [sda] 167772032 512-byte logical blocks: (85.9 GB/80.0 GiB)
Nov 30 14:24:33 ubuntu kernel: [    6.990106] sd 2:0:0:0: [sda] Write Protect is off
Nov 30 14:24:33 ubuntu kernel: [    6.990108] sd 2:0:0:0: [sda] Mode Sense: 00 3a 00 00
Nov 30 14:24:33 ubuntu kernel: [    6.990120] sd 2:0:0:0: [sda] Write cache: enabled, read cache: enabled, doesn't support DPO or FUA
Nov 30 14:24:33 ubuntu kernel: [    6.990137] sd 2:0:0:0: [sda] Preferred minimum I/O size 512 bytes
Nov 30 14:24:33 ubuntu kernel: [    7.003014] sd 2:0:0:0: [sda] Attached SCSI disk
Nov 30 14:24:33 ubuntu kernel: [    7.127366] vmwgfx 0000:00:02.0: vgaarb: deactivate vga console
Nov 30 14:24:33 ubuntu kernel: [    7.129780] Console: switching to colour dummy device 80x25
Nov 30 14:24:33 ubuntu kernel: [    7.132568] vmwgfx 0000:00:02.0: [drm] FIFO at 0x00000000f0000000 size is 2048 kiB
Nov 30 14:24:33 ubuntu kernel: [    7.132902] vmwgfx 0000:00:02.0: [drm] VRAM at 0x00000000e0000000 size is 16384 kiB
Nov 30 14:24:33 ubuntu kernel: [    7.133529] vmwgfx 0000:00:02.0: [drm] Running on SVGA version 2.
Nov 30 14:24:33 ubuntu kernel: [    7.133597] vmwgfx 0000:00:02.0: [drm] Capabilities: rect copy, cursor, cursor bypass, cursor bypass 2, alpha cursor, extended fifo, pitchlock, irq mask, gmr, traces, gmr2, screen object 2, command buffers, 
Nov 30 14:24:33 ubuntu kernel: [    7.133600] vmwgfx 0000:00:02.0: [drm] DMA map mode: Caching DMA mappings.
Nov 30 14:24:33 ubuntu kernel: [    7.134060] vmwgfx 0000:00:02.0: [drm] Legacy memory limits: VRAM = 16384 kB, FIFO = 2048 kB, surface = 507904 kB
Nov 30 14:24:33 ubuntu kernel: [    7.134064] vmwgfx 0000:00:02.0: [drm] MOB limits: max mob size = 0 kB, max mob pages = 0
Nov 30 14:24:33 ubuntu kernel: [    7.134066] vmwgfx 0000:00:02.0: [drm] Max GMR ids is 8192
Nov 30 14:24:33 ubuntu kernel: [    7.134068] vmwgfx 0000:00:02.0: [drm] Max number of GMR pages is 1048576
Nov 30 14:24:33 ubuntu kernel: [    7.134069] vmwgfx 0000:00:02.0: [drm] Maximum display memory size is 16384 kiB
Nov 30 14:24:33 ubuntu kernel: [    7.136722] vmwgfx 0000:00:02.0: [drm] Screen Object display unit initialized
Nov 30 14:24:33 ubuntu kernel: [    7.137354] vmwgfx 0000:00:02.0: [drm] Fifo max 0x00200000 min 0x00001000 cap 0x00000355
Nov 30 14:24:33 ubuntu kernel: [    7.138122] vmwgfx 0000:00:02.0: [drm] Using command buffers with DMA pool.
Nov 30 14:24:33 ubuntu kernel: [    7.138133] vmwgfx 0000:00:02.0: [drm] Available shader model: Legacy.
Nov 30 14:24:33 ubuntu kernel: [    7.138168] [drm:vmw_host_printf [vmwgfx]] *ERROR* Failed to send host log message.
Nov 30 14:24:33 ubuntu kernel: [    7.144114] [drm] Initialized vmwgfx 2.20.0 20211206 for 0000:00:02.0 on minor 0
Nov 30 14:24:33 ubuntu kernel: [    7.145897] fbcon: vmwgfxdrmfb (fb0) is primary device
Nov 30 14:24:33 ubuntu kernel: [    7.265724] Console: switching to colour frame buffer device 160x50
Nov 30 14:24:33 ubuntu kernel: [    7.353196] vmwgfx 0000:00:02.0: [drm] fb0: vmwgfxdrmfb frame buffer device
Nov 30 14:24:33 ubuntu kernel: [    7.665832] e1000 0000:00:03.0 eth0: (PCI:33MHz:32-bit) 08:00:27:5c:ec:25
Nov 30 14:24:33 ubuntu kernel: [    7.665853] e1000 0000:00:03.0 eth0: Intel(R) PRO/1000 Network Connection
Nov 30 14:24:33 ubuntu kernel: [    7.672853] e1000 0000:00:03.0 enp0s3: renamed from eth0
Nov 30 14:24:33 ubuntu kernel: [    8.412624] ISO 9660 Extensions: Microsoft Joliet Level 3
Nov 30 14:24:33 ubuntu kernel: [    8.415711] ISO 9660 Extensions: RRIP_1991A
Nov 30 14:24:33 ubuntu kernel: [    8.518867] loop0: detected capacity change from 0 to 6330528
Nov 30 14:24:33 ubuntu kernel: [    8.549422] overlayfs: null uuid detected in lower fs '/', falling back to xino=off,index=off,nfs_export=off.
Nov 30 14:24:33 ubuntu kernel: [   19.369976] systemd[1]: Inserted module 'autofs4'
Nov 30 14:24:33 ubuntu kernel: [   19.477104] systemd[1]: systemd 249.11-0ubuntu3.9 running in system mode (+PAM +AUDIT +SELINUX +APPARMOR +IMA +SMACK +SECCOMP +GCRYPT +GNUTLS +OPENSSL +ACL +BLKID +CURL +ELFUTILS +FIDO2 +IDN2 -IDN +IPTC +KMOD +LIBCRYPTSETUP +LIBFDISK +PCRE2 -PWQUALITY -P11KIT -QRENCODE +BZIP2 +LZ4 +XZ +ZLIB +ZSTD -XKBCOMMON +UTMP +SYSVINIT default-hierarchy=unified)
Nov 30 14:24:33 ubuntu kernel: [   19.477150] systemd[1]: Detected virtualization oracle.
Nov 30 14:24:33 ubuntu kernel: [   19.477157] systemd[1]: Detected architecture x86-64.
Nov 30 14:24:33 ubuntu kernel: [   19.484880] systemd[1]: Initializing machine ID from random generator.
Nov 30 14:24:33 ubuntu kernel: [   20.018803] systemd[1]: Queued start job for default target Graphical Interface.
Nov 30 14:24:33 ubuntu kernel: [   20.050724] systemd[1]: Created slice Slice /system/modprobe.
Nov 30 14:24:33 ubuntu kernel: [   20.052052] systemd[1]: Created slice User and Session Slice.
Nov 30 14:24:33 ubuntu kernel: [   20.052402] systemd[1]: Started Forward Password Requests to Wall Directory Watch.
Nov 30 14:24:33 ubuntu kernel: [   20.052811] systemd[1]: Set up automount Arbitrary Executable File Formats File System Automount Point.
Nov 30 14:24:33 ubuntu kernel: [   20.052917] systemd[1]: Reached target Remote File Systems.
Nov 30 14:24:33 ubuntu kernel: [   20.052937] systemd[1]: Reached target Slice Units.
Nov 30 14:24:33 ubuntu kernel: [   20.052982] systemd[1]: Reached target Swaps.
Nov 30 14:24:33 ubuntu kernel: [   20.053008] systemd[1]: Reached target Local Verity Protected Volumes.
Nov 30 14:24:33 ubuntu kernel: [   20.053139] systemd[1]: Listening on Device-mapper event daemon FIFOs.
Nov 30 14:24:33 ubuntu kernel: [   20.053903] systemd[1]: Listening on LVM2 poll daemon socket.
Nov 30 14:24:33 ubuntu kernel: [   20.054238] systemd[1]: Listening on Syslog Socket.
Nov 30 14:24:33 ubuntu kernel: [   20.054384] systemd[1]: Listening on initctl Compatibility Named Pipe.
Nov 30 14:24:33 ubuntu kernel: [   20.054905] systemd[1]: Listening on Journal Audit Socket.
Nov 30 14:24:33 ubuntu kernel: [   20.055048] systemd[1]: Listening on Journal Socket (/dev/log).
Nov 30 14:24:33 ubuntu kernel: [   20.055220] systemd[1]: Listening on Journal Socket.
Nov 30 14:24:33 ubuntu kernel: [   20.056836] systemd[1]: Listening on udev Control Socket.
Nov 30 14:24:33 ubuntu kernel: [   20.057057] systemd[1]: Listening on udev Kernel Socket.
Nov 30 14:24:33 ubuntu kernel: [   20.059413] systemd[1]: Mounting Huge Pages File System...
Nov 30 14:24:33 ubuntu kernel: [   20.063151] systemd[1]: Mounting POSIX Message Queue File System...
Nov 30 14:24:33 ubuntu kernel: [   20.078152] systemd[1]: Mounting Kernel Debug File System...
Nov 30 14:24:33 ubuntu kernel: [   20.082699] systemd[1]: Mounting Kernel Trace File System...
Nov 30 14:24:33 ubuntu kernel: [   20.099398] systemd[1]: Starting Journal Service...
Nov 30 14:24:33 ubuntu kernel: [   20.100576] systemd[1]: Finished Availability of block devices.
Nov 30 14:24:33 ubuntu kernel: [   20.105204] systemd[1]: Starting Set the console keyboard layout...
Nov 30 14:24:33 ubuntu kernel: [   20.121056] systemd[1]: Starting Create List of Static Device Nodes...
Nov 30 14:24:33 ubuntu kernel: [   20.127027] systemd[1]: Starting Monitoring of LVM2 mirrors, snapshots etc. using dmeventd or progress polling...
Nov 30 14:24:33 ubuntu kernel: [   20.134833] systemd[1]: Starting Load Kernel Module chromeos_pstore...
Nov 30 14:24:33 ubuntu kernel: [   20.137765] systemd[1]: Starting Load Kernel Module configfs...
Nov 30 14:24:33 ubuntu kernel: [   20.140518] systemd[1]: Starting Load Kernel Module drm...
Nov 30 14:24:33 ubuntu kernel: [   20.142330] systemd[1]: Starting Load Kernel Module efi_pstore...
Nov 30 14:24:33 ubuntu kernel: [   20.160015] systemd[1]: Starting Load Kernel Module fuse...
Nov 30 14:24:33 ubuntu kernel: [   20.171431] systemd[1]: Starting Load Kernel Module pstore_blk...
Nov 30 14:24:33 ubuntu kernel: [   20.181206] systemd[1]: Starting Load Kernel Module pstore_zone...
Nov 30 14:24:33 ubuntu kernel: [   20.185537] systemd[1]: Starting Load Kernel Module ramoops...
Nov 30 14:24:33 ubuntu kernel: [   20.280331] systemd[1]: Starting Load Kernel Modules...
Nov 30 14:24:33 ubuntu kernel: [   20.282049] systemd[1]: Starting Remount Root and Kernel File Systems...
Nov 30 14:24:33 ubuntu kernel: [   20.284724] systemd[1]: Starting Coldplug All udev Devices...
Nov 30 14:24:33 ubuntu kernel: [   20.290725] systemd[1]: Started Journal Service.
Nov 30 14:24:33 ubuntu kernel: [   20.438531] systemd-journald[840]: Received client request to flush runtime journal.
Nov 30 14:24:33 ubuntu kernel: [   20.471593] lp: driver loaded but no devices found
Nov 30 14:24:33 ubuntu kernel: [   20.508301] ppdev: user-space parallel port driver
Nov 30 14:24:33 ubuntu kernel: [   21.074520] vboxguest: host-version: 7.0.12r159484 0x8000000f
Nov 30 14:24:33 ubuntu kernel: [   21.077762] vbg_heartbeat_init: Setting up heartbeat to trigger every 2000 milliseconds
Nov 30 14:24:33 ubuntu kernel: [   21.077946] input: VirtualBox mouse integration as /devices/pci0000:00/0000:00:04.0/input/input7
Nov 30 14:24:33 ubuntu kernel: [   21.304202] RAPL PMU: API unit is 2^-32 Joules, 0 fixed counters, 10737418240 ms ovfl timer
Nov 30 14:24:33 ubuntu kernel: [   22.113282] snd_intel8x0 0000:00:05.0: allow list rate for 1028:0177 is 48000
Nov 30 14:24:33 ubuntu kernel: [   22.499420] spl: loading out-of-tree module taints kernel.
Nov 30 14:24:33 ubuntu kernel: [   22.549248] znvpair: module license 'CDDL' taints kernel.
Nov 30 14:24:33 ubuntu kernel: [   22.549253] Disabling lock debugging due to kernel taint
Nov 30 14:24:33 ubuntu kernel: [   23.523309] ZFS: Loaded module v2.1.9-2ubuntu1.1, ZFS pool version 5000, ZFS filesystem version 5
Nov 30 14:24:33 ubuntu kernel: [   23.604276] loop1: detected capacity change from 0 to 8
Nov 30 14:24:33 ubuntu kernel: [   23.620730] loop2: detected capacity change from 0 to 129944
Nov 30 14:24:33 ubuntu kernel: [   23.622176] loop3: detected capacity change from 0 to 151296
Nov 30 14:24:33 ubuntu kernel: [   23.623302] loop4: detected capacity change from 0 to 485800
Nov 30 14:24:33 ubuntu kernel: [   23.624521] loop5: detected capacity change from 0 to 716176
Nov 30 14:24:33 ubuntu kernel: [   23.741387] loop6: detected capacity change from 0 to 25240
Nov 30 14:24:33 ubuntu kernel: [   23.741669] loop7: detected capacity change from 0 to 187776
Nov 30 14:24:33 ubuntu kernel: [   23.744632] loop9: detected capacity change from 0 to 994336
Nov 30 14:24:33 ubuntu kernel: [   23.744603] loop8: detected capacity change from 0 to 109072
Nov 30 14:24:33 ubuntu kernel: [   23.746221] loop10: detected capacity change from 0 to 904
Nov 30 14:24:33 ubuntu kernel: [   25.395213] audit: type=1400 audit(1701354268.300:2): apparmor="STATUS" operation="profile_load" profile="unconfined" name="/snap/snapd/19457/usr/lib/snapd/snap-confine" pid=1117 comm="apparmor_parser"
Nov 30 14:24:33 ubuntu kernel: [   25.427206] audit: type=1400 audit(1701354268.612:3): apparmor="STATUS" operation="profile_load" profile="unconfined" name="/snap/snapd/19457/usr/lib/snapd/snap-confine//mount-namespace-capture-helper" pid=1117 comm="apparmor_parser"
Nov 30 14:24:33 ubuntu kernel: [   26.499159] audit: type=1400 audit(1701354269.276:4): apparmor="STATUS" operation="profile_load" profile="unconfined" name="snap-update-ns.snap-store" pid=1119 comm="apparmor_parser"
Nov 30 14:24:33 ubuntu kernel: [   26.556170] audit: type=1400 audit(1701354269.276:5): apparmor="STATUS" operation="profile_load" profile="unconfined" name="snap-update-ns.firefox" pid=1118 comm="apparmor_parser"
Nov 30 14:24:33 ubuntu kernel: [   26.764065] audit: type=1400 audit(1701354269.276:6): apparmor="STATUS" operation="profile_load" profile="unconfined" name="snap.firefox.firefox" pid=1143 comm="apparmor_parser"
Nov 30 14:24:33 ubuntu kernel: [   26.850349] audit: type=1400 audit(1701354269.276:7): apparmor="STATUS" operation="profile_load" profile="unconfined" name="snap.firefox.geckodriver" pid=1144 comm="apparmor_parser"
Nov 30 14:24:33 ubuntu kernel: [   26.984249] audit: type=1400 audit(1701354269.276:8): apparmor="STATUS" operation="profile_load" profile="unconfined" name="snap.firefox.hook.configure" pid=1151 comm="apparmor_parser"
Nov 30 14:24:33 ubuntu kernel: [   27.065396] audit: type=1400 audit(1701354269.276:9): apparmor="STATUS" operation="profile_load" profile="unconfined" name="snap.firefox.hook.connect-plug-host-hunspell" pid=1152 comm="apparmor_parser"
Nov 30 14:24:33 ubuntu kernel: [   27.205698] audit: type=1400 audit(1701354270.392:10): apparmor="STATUS" operation="profile_load" profile="unconfined" name="snap-update-ns.snapd-desktop-integration" pid=1125 comm="apparmor_parser"
Nov 30 14:24:33 ubuntu kernel: [   27.278741] audit: type=1400 audit(1701354270.436:11): apparmor="STATUS" operation="profile_load" profile="unconfined" name="snap.firefox.hook.disconnect-plug-host-hunspell" pid=1153 comm="apparmor_parser"
Nov 30 14:24:33 ubuntu apport[1309]:    ...done.
Nov 30 14:24:33 ubuntu systemd[1]: Started LSB: automatic crash report generation.
Nov 30 14:24:33 ubuntu snapd-aa-prompt-listener[1328]: AA Prompt listener not implemented
Nov 30 14:24:33 ubuntu systemd[1]: snapd.aa-prompt-listener.service: Deactivated successfully.
Nov 30 14:24:34 ubuntu udisksd[1347]: udisks daemon version 2.9.4 starting
Nov 30 14:24:34 ubuntu dbus-daemon[1311]: dbus[1311]: Unknown group "power" in message bus configuration file
Nov 30 14:24:34 ubuntu zed[1350]: ZFS Event Daemon 2.1.5-1ubuntu6~22.04.1 (PID 1350)
Nov 30 14:24:34 ubuntu zed[1350]: Processing events since eid=0
Nov 30 14:24:34 ubuntu dbus-daemon[1311]: [system] AppArmor D-Bus mediation is enabled
Nov 30 14:24:34 ubuntu systemd[1]: Started User Login Management.
Nov 30 14:24:34 ubuntu dbus-daemon[1311]: [system] Successfully activated service 'org.freedesktop.systemd1'
Nov 30 14:24:34 ubuntu systemd[1]: Started Avahi mDNS/DNS-SD Stack.
Nov 30 14:24:34 ubuntu avahi-daemon[1310]: Successfully called chroot().
Nov 30 14:24:34 ubuntu avahi-daemon[1310]: Successfully dropped remaining capabilities.
Nov 30 14:24:34 ubuntu systemd[1]: Started ZSYS daemon service.
Nov 30 14:24:34 ubuntu dbus-daemon[1311]: [system] Activating via systemd: service name='org.freedesktop.PolicyKit1' unit='polkit.service' requested by ':1.8' (uid=0 pid=1325 comm="/usr/libexec/power-profiles-daemon " label="unconfined")
Nov 30 14:24:34 ubuntu systemd[1]: Started WPA supplicant.
Nov 30 14:24:34 ubuntu systemd[1]: Started Switcheroo Control Proxy service.
Nov 30 14:24:34 ubuntu systemd[1]: Condition check resulted in Manage Sound Card State (restore and store) being skipped.
Nov 30 14:24:34 ubuntu systemd[1]: Starting Save/Restore Sound Card State...
Nov 30 14:24:34 ubuntu wpa_supplicant[1348]: Successfully initialized wpa_supplicant
Nov 30 14:24:34 ubuntu avahi-daemon[1310]: No service file found in /etc/avahi/services.
Nov 30 14:24:34 ubuntu alsactl[1408]: /usr/sbin/alsactl: load_state:1689: Cannot open /var/lib/alsa/asound.state for reading: No such file or directory
Nov 30 14:24:34 ubuntu systemd[1]: gpu-manager.service: Deactivated successfully.
Nov 30 14:24:34 ubuntu systemd[1]: Finished Detect the available GPUs and deal with any system changes.
Nov 30 14:24:34 ubuntu alsactl[1408]: alsa-lib main.c:1412:(snd_use_case_mgr_open) error: failed to import hw:0 use case configuration -2
Nov 30 14:24:34 ubuntu alsactl[1408]: Found hardware: "ICH" "Analog Devices AD1980" "AC97a:41445370" "0x1028" "0x0177"
Nov 30 14:24:34 ubuntu alsactl[1408]: Hardware is initialized using a generic method
Nov 30 14:24:34 ubuntu systemd[1]: Finished Save/Restore Sound Card State.
Nov 30 14:24:34 ubuntu systemd[1]: Reached target Sound Card.
Nov 30 14:24:34 ubuntu avahi-daemon[1310]: Joining mDNS multicast group on interface lo.IPv6 with address ::1.
Nov 30 14:24:34 ubuntu avahi-daemon[1310]: New relevant interface lo.IPv6 for mDNS.
Nov 30 14:24:34 ubuntu avahi-daemon[1310]: Joining mDNS multicast group on interface lo.IPv4 with address 127.0.0.1.
Nov 30 14:24:34 ubuntu avahi-daemon[1310]: New relevant interface lo.IPv4 for mDNS.
Nov 30 14:24:34 ubuntu avahi-daemon[1310]: Network interface enumeration completed.
Nov 30 14:24:34 ubuntu avahi-daemon[1310]: Registering new address record for ::1 on lo.*.
Nov 30 14:24:34 ubuntu avahi-daemon[1310]: Registering new address record for 127.0.0.1 on lo.IPv4.
Nov 30 14:24:34 ubuntu NetworkManager[1312]: <info>  [1701354274.5191] NetworkManager (version 1.36.6) is starting... (for the first time)
Nov 30 14:24:34 ubuntu NetworkManager[1312]: <info>  [1701354274.5191] Read config: /etc/NetworkManager/NetworkManager.conf (lib: 10-dns-resolved.conf, 20-connectivity-ubuntu.conf, no-mac-addr-change.conf) (run: 10-globally-managed-devices.conf) (etc: default-wifi-powersave-on.conf)
Nov 30 14:24:34 ubuntu systemd[1]: Started Network Manager.
Nov 30 14:24:34 ubuntu systemd[1]: Reached target Network.
Nov 30 14:24:34 ubuntu polkitd[1324]: started daemon version 0.105 using authority implementation `local' version `0.105'
Nov 30 14:24:34 ubuntu dbus-daemon[1311]: [system] Successfully activated service 'org.freedesktop.PolicyKit1'
Nov 30 14:24:34 ubuntu NetworkManager[1312]: <info>  [1701354274.5406] bus-manager: acquired D-Bus service "org.freedesktop.NetworkManager"
Nov 30 14:24:34 ubuntu accounts-daemon[1335]: started daemon version 22.07.5
Nov 30 14:24:34 ubuntu systemd[1]: Starting Network Manager Wait Online...
Nov 30 14:24:34 ubuntu systemd[1]: Starting CUPS Scheduler...
Nov 30 14:24:34 ubuntu systemd[1]: Starting OpenVPN service...
Nov 30 14:24:34 ubuntu systemd[1]: Starting Permit User Sessions...
Nov 30 14:24:34 ubuntu systemd[1]: Started Unattended Upgrades Shutdown.
Nov 30 14:24:34 ubuntu systemd[1]: Finished OpenVPN service.
Nov 30 14:24:34 ubuntu systemd[1]: Started Authorization Manager.
Nov 30 14:24:34 ubuntu systemd[1]: Started Accounts Service.
Nov 30 14:24:34 ubuntu systemd[1]: Started Power Profiles daemon.
Nov 30 14:24:34 ubuntu systemd[1]: Starting Modem Manager...
Nov 30 14:24:34 ubuntu NetworkManager[1312]: <info>  [1701354274.6084] manager[0x557e696a0000]: monitoring kernel firmware directory '/lib/firmware'.
Nov 30 14:24:34 ubuntu NetworkManager[1312]: <info>  [1701354274.6086] monitoring ifupdown state file '/run/network/ifstate'.
Nov 30 14:24:34 ubuntu dbus-daemon[1311]: [system] Activating via systemd: service name='org.freedesktop.hostname1' unit='dbus-org.freedesktop.hostname1.service' requested by ':1.13' (uid=0 pid=1312 comm="/usr/sbin/NetworkManager --no-daemon " label="unconfined")
Nov 30 14:24:34 ubuntu systemd[1]: Starting Hostname Service...
Nov 30 14:24:34 ubuntu systemd[1]: Finished Permit User Sessions.
Nov 30 14:24:34 ubuntu systemd[1]: Starting Hold until boot process finishes up...
Nov 30 14:24:34 ubuntu dbus-daemon[1311]: [system] Successfully activated service 'org.freedesktop.hostname1'
Nov 30 14:24:34 ubuntu systemd[1]: Started Hostname Service.
Nov 30 14:24:34 ubuntu NetworkManager[1312]: <info>  [1701354274.9047] hostname: hostname: using hostnamed
Nov 30 14:24:34 ubuntu NetworkManager[1312]: <info>  [1701354274.9048] hostname: static hostname changed from (none) to "ubuntu"
Nov 30 14:24:34 ubuntu NetworkManager[1312]: <info>  [1701354274.9176] dns-mgr[0x557e6967d2a0]: init: dns=systemd-resolved rc-manager=unmanaged (auto), plugin=systemd-resolved
Nov 30 14:24:34 ubuntu NetworkManager[1312]: <info>  [1701354274.9247] manager[0x557e696a0000]: rfkill: Wi-Fi hardware radio set enabled
Nov 30 14:24:34 ubuntu NetworkManager[1312]: <info>  [1701354274.9254] manager[0x557e696a0000]: rfkill: WWAN hardware radio set enabled
Nov 30 14:24:35 ubuntu ModemManager[1418]: <info>  ModemManager (version 1.20.0) starting in system bus...
Nov 30 14:24:35 ubuntu NetworkManager[1312]: <info>  [1701354275.1009] Loaded device plugin: NMAtmManager (/usr/lib/x86_64-linux-gnu/NetworkManager/1.36.6/libnm-device-plugin-adsl.so)
Nov 30 14:24:35 ubuntu NetworkManager[1312]: <info>  [1701354275.1911] Loaded device plugin: NMBluezManager (/usr/lib/x86_64-linux-gnu/NetworkManager/1.36.6/libnm-device-plugin-bluetooth.so)
Nov 30 14:24:35 ubuntu avahi-daemon[1310]: Server startup complete. Host name is ubuntu.local. Local service cookie is 3716371928.
Nov 30 14:24:35 ubuntu udisksd[1347]: failed to load module mdraid: libbd_mdraid.so.2: cannot open shared object file: No such file or directory
Nov 30 14:24:35 ubuntu NetworkManager[1312]: <info>  [1701354275.3428] Loaded device plugin: NMTeamFactory (/usr/lib/x86_64-linux-gnu/NetworkManager/1.36.6/libnm-device-plugin-team.so)
Nov 30 14:24:35 ubuntu NetworkManager[1312]: <info>  [1701354275.3998] Loaded device plugin: NMWifiFactory (/usr/lib/x86_64-linux-gnu/NetworkManager/1.36.6/libnm-device-plugin-wifi.so)
Nov 30 14:24:35 ubuntu NetworkManager[1312]: <info>  [1701354275.4026] Loaded device plugin: NMWwanFactory (/usr/lib/x86_64-linux-gnu/NetworkManager/1.36.6/libnm-device-plugin-wwan.so)
Nov 30 14:24:35 ubuntu NetworkManager[1312]: <info>  [1701354275.4032] manager: rfkill: Wi-Fi enabled by radio killswitch; enabled by state file
Nov 30 14:24:35 ubuntu NetworkManager[1312]: <info>  [1701354275.4034] manager: rfkill: WWAN enabled by radio killswitch; enabled by state file
Nov 30 14:24:35 ubuntu NetworkManager[1312]: <info>  [1701354275.4035] manager: Networking is enabled by state file
Nov 30 14:24:35 ubuntu dbus-daemon[1311]: [system] Activating via systemd: service name='org.freedesktop.nm_dispatcher' unit='dbus-org.freedesktop.nm-dispatcher.service' requested by ':1.13' (uid=0 pid=1312 comm="/usr/sbin/NetworkManager --no-daemon " label="unconfined")
Nov 30 14:24:35 ubuntu NetworkManager[1312]: <info>  [1701354275.4245] settings: Loaded settings plugin: ifupdown ("/usr/lib/x86_64-linux-gnu/NetworkManager/1.36.6/libnm-settings-plugin-ifupdown.so")
Nov 30 14:24:35 ubuntu NetworkManager[1312]: <info>  [1701354275.4249] settings: Loaded settings plugin: keyfile (internal)
Nov 30 14:24:35 ubuntu NetworkManager[1312]: <info>  [1701354275.4250] ifupdown: management mode: unmanaged
Nov 30 14:24:35 ubuntu systemd[1]: Starting Network Manager Script Dispatcher Service...
Nov 30 14:24:35 ubuntu NetworkManager[1312]: <info>  [1701354275.4572] ifupdown: interfaces file /etc/network/interfaces doesn't exist
Nov 30 14:24:35 ubuntu dbus-daemon[1311]: [system] Successfully activated service 'org.freedesktop.nm_dispatcher'
Nov 30 14:24:35 ubuntu systemd[1]: Started Network Manager Script Dispatcher Service.
Nov 30 14:24:35 ubuntu NetworkManager[1312]: <info>  [1701354275.5150] dhcp-init: Using DHCP client 'internal'
Nov 30 14:24:35 ubuntu NetworkManager[1312]: <info>  [1701354275.5152] device (lo): carrier: link connected
Nov 30 14:24:35 ubuntu NetworkManager[1312]: <info>  [1701354275.5155] manager: (lo): new Generic device (/org/freedesktop/NetworkManager/Devices/1)
Nov 30 14:24:35 ubuntu NetworkManager[1312]: <info>  [1701354275.5200] manager: (enp0s3): new Ethernet device (/org/freedesktop/NetworkManager/Devices/2)
Nov 30 14:24:35 ubuntu NetworkManager[1312]: <info>  [1701354275.5215] settings: (enp0s3): created default wired connection 'Wired connection 1'
Nov 30 14:24:35 ubuntu NetworkManager[1312]: <info>  [1701354275.5215] device (enp0s3): state change: unmanaged -> unavailable (reason 'managed', sys-iface-state: 'external')
Nov 30 14:24:35 ubuntu kernel: [   32.352713] e1000: enp0s3 NIC Link is Up 1000 Mbps Full Duplex, Flow Control: RX
Nov 30 14:24:35 ubuntu kernel: [   32.377710] IPv6: ADDRCONF(NETDEV_CHANGE): enp0s3: link becomes ready
Nov 30 14:24:35 ubuntu NetworkManager[1312]: <info>  [1701354275.5708] device (enp0s3): carrier: link connected
Nov 30 14:24:35 ubuntu NetworkManager[1312]: <info>  [1701354275.5959] failed to open /run/network/ifstate
Nov 30 14:24:35 ubuntu NetworkManager[1312]: <info>  [1701354275.6017] device (enp0s3): state change: unavailable -> disconnected (reason 'none', sys-iface-state: 'managed')
Nov 30 14:24:35 ubuntu NetworkManager[1312]: <info>  [1701354275.6272] policy: auto-activating connection 'Wired connection 1' (3cde6a3a-1872-314f-8d06-aff7dbbacf05)
Nov 30 14:24:35 ubuntu NetworkManager[1312]: <info>  [1701354275.6291] device (enp0s3): Activation: starting connection 'Wired connection 1' (3cde6a3a-1872-314f-8d06-aff7dbbacf05)
Nov 30 14:24:35 ubuntu NetworkManager[1312]: <info>  [1701354275.6294] device (enp0s3): state change: disconnected -> prepare (reason 'none', sys-iface-state: 'managed')
Nov 30 14:24:35 ubuntu NetworkManager[1312]: <info>  [1701354275.6308] manager: NetworkManager state is now CONNECTING
Nov 30 14:24:35 ubuntu NetworkManager[1312]: <info>  [1701354275.6313] device (enp0s3): state change: prepare -> config (reason 'none', sys-iface-state: 'managed')
Nov 30 14:24:35 ubuntu NetworkManager[1312]: <info>  [1701354275.6456] device (enp0s3): state change: config -> ip-config (reason 'none', sys-iface-state: 'managed')
Nov 30 14:24:35 ubuntu udisksd[1347]: Failed to load the 'mdraid' libblockdev plugin
Nov 30 14:24:35 ubuntu NetworkManager[1312]: <info>  [1701354275.6692] dhcp4 (enp0s3): activation: beginning transaction (timeout in 45 seconds)
Nov 30 14:24:35 ubuntu avahi-daemon[1310]: Joining mDNS multicast group on interface enp0s3.IPv6 with address fe80::45fb:fc55:2f42:e7db.
Nov 30 14:24:35 ubuntu avahi-daemon[1310]: New relevant interface enp0s3.IPv6 for mDNS.
Nov 30 14:24:35 ubuntu avahi-daemon[1310]: Registering new address record for fe80::45fb:fc55:2f42:e7db on enp0s3.*.
Nov 30 14:24:35 ubuntu NetworkManager[1312]: <info>  [1701354275.6945] dhcp4 (enp0s3): state changed new lease, address=10.0.2.15
Nov 30 14:24:35 ubuntu avahi-daemon[1310]: Joining mDNS multicast group on interface enp0s3.IPv4 with address 10.0.2.15.
Nov 30 14:24:35 ubuntu NetworkManager[1312]: <info>  [1701354275.6982] device (enp0s3): state change: ip-config -> ip-check (reason 'none', sys-iface-state: 'managed')
Nov 30 14:24:35 ubuntu avahi-daemon[1310]: New relevant interface enp0s3.IPv4 for mDNS.
Nov 30 14:24:35 ubuntu avahi-daemon[1310]: Registering new address record for 10.0.2.15 on enp0s3.IPv4.
Nov 30 14:24:35 ubuntu NetworkManager[1312]: <info>  [1701354275.7343] device (enp0s3): state change: ip-check -> secondaries (reason 'none', sys-iface-state: 'managed')
Nov 30 14:24:35 ubuntu NetworkManager[1312]: <info>  [1701354275.7349] device (enp0s3): state change: secondaries -> activated (reason 'none', sys-iface-state: 'managed')
Nov 30 14:24:35 ubuntu NetworkManager[1312]: <info>  [1701354275.7355] manager: NetworkManager state is now CONNECTED_LOCAL
Nov 30 14:24:35 ubuntu NetworkManager[1312]: <info>  [1701354275.7426] manager: NetworkManager state is now CONNECTED_SITE
Nov 30 14:24:35 ubuntu NetworkManager[1312]: <info>  [1701354275.7429] policy: set 'Wired connection 1' (enp0s3) as default for IPv4 routing and DNS
Nov 30 14:24:35 ubuntu NetworkManager[1312]: <info>  [1701354275.7438] device (enp0s3): Activation: successful, device activated.
Nov 30 14:24:35 ubuntu NetworkManager[1312]: <info>  [1701354275.7479] manager: startup complete
Nov 30 14:24:35 ubuntu systemd-resolved[1094]: enp0s3: Bus client set default route setting: yes
Nov 30 14:24:35 ubuntu systemd[1]: Finished Network Manager Wait Online.
Nov 30 14:24:35 ubuntu systemd[1]: Reached target Network is Online.
Nov 30 14:24:35 ubuntu systemd[1]: Started Download data for packages that failed at package install time.
Nov 30 14:24:35 ubuntu systemd[1]: Started Check to see whether there is a new version of Ubuntu available.
Nov 30 14:24:35 ubuntu systemd[1]: Reached target Timer Units.
Nov 30 14:24:35 ubuntu systemd-resolved[1094]: enp0s3: Bus client set DNS server list to: 8.8.8.8, 8.8.4.4
Nov 30 14:24:35 ubuntu systemd[1]: Starting Tool to automatically collect and submit kernel crash signatures...
Nov 30 14:24:35 ubuntu systemd[1]: Condition check resulted in Ubuntu Pro Background Auto Attach being skipped.
Nov 30 14:24:35 ubuntu systemd[1]: Started crash report submission.
Nov 30 14:24:35 ubuntu systemd[1]: Started Disk Manager.
